******************************************************************************
                  TI ARM Linker PC v18.1.2                     
******************************************************************************
>> Linked Sat Dec  1 13:57:02 2018

OUTPUT FILE NAME:   <FinalTesting.out>
ENTRY POINT SYMBOL: "_c_int00_noargs"  address: 00006179


MEMORY CONFIGURATION

         name            origin    length      used     unused   attr    fill
----------------------  --------  ---------  --------  --------  ----  --------
  FLASH                 00000000   00040000  00006753  000398ad  R  X
  SRAM                  20000000   00008000  00001240  00006dc0  RW X


SEGMENT ALLOCATION MAP

run origin  load origin   length   init length attrs members
----------  ----------- ---------- ----------- ----- -------
00000000    00000000    00006758   00006758    r-x
  00000000    00000000    0000026c   0000026c    r-- .intvecs
  0000026c    0000026c    000061e4   000061e4    r-x .text
  00006450    00006450    000002a3   000002a3    r-- .const
  000066f8    000066f8    00000060   00000060    r-- .cinit
20000000    20000000    00001244   00000000    rw-
  20000000    20000000    0000026c   00000000    rw- .vtable
  20000270    20000270    00000800   00000000    rw- .stack
  20000a70    20000a70    00000400   00000000    rw- .sysmem
  20000e70    20000e70    00000394   00000000    rw- .bss
  20001204    20001204    00000040   00000000    rw- .data


SECTION ALLOCATION MAP

 output                                  attributes/
section   page    origin      length       input sections
--------  ----  ----------  ----------   ----------------
.intvecs   0    00000000    0000026c     
                  00000000    0000026c     tm4c123gh6pm_startup_ccs.obj (.intvecs)

.text      0    0000026c    000061e4     
                  0000026c    00000c74     main.obj (.text)
                  00000ee0    00000a88     open_interface.obj (.text)
                  00001968    00000a5e     rtsv7M4_T_le_v4SPD16_eabi.lib : _printfi.c.obj (.text:__TI_printfi)
                  000023c6    00000002                                   : _lock.c.obj (.text:_nop)
                  000023c8    000009c0                                   : e_pow.c.obj (.text:pow)
                  00002d88    00000738                                   : k_rem_pio2.c.obj (.text:__kernel_rem_pio2)
                  000034c0    000005dc                                   : s_cos.c.obj (.text:cos)
                  00003a9c    000005c4                                   : s_sin.c.obj (.text:sin)
                  00004060    000002ec     lcd.obj (.text)
                  0000434c    00000270     rtsv7M4_T_le_v4SPD16_eabi.lib : _printfi.c.obj (.text:_pconv_a)
                  000045bc    000001d0                                   : _printfi.c.obj (.text:_pconv_g)
                  0000478c    000001bc     inits_tiva.obj (.text)
                  00004948    000001b6     rtsv7M4_T_le_v4SPD16_eabi.lib : fd_add_t2.asm.obj (.text)
                  00004afe    00000002                                   : div0.asm.obj (.text)
                  00004b00    00000174                                   : k_sin.c.obj (.text:__kernel_sin)
                  00004c74    0000016c                                   : k_cos.c.obj (.text:__kernel_cos)
                  00004de0    00000158                                   : e_sqrt.c.obj (.text:sqrt)
                  00004f38    00000158     timer.obj (.text)
                  00005090    0000013c     rtsv7M4_T_le_v4SPD16_eabi.lib : _printfi.c.obj (.text:_pconv_e)
                  000051cc    00000136                                   : fd_div_t2.asm.obj (.text)
                  00005302    00000002     --HOLE-- [fill = 0]
                  00005304    00000120                                   : _printfi.c.obj (.text:fcvt)
                  00005424    0000011c     uart.obj (.text)
                  00005540    00000110     rtsv7M4_T_le_v4SPD16_eabi.lib : s_scalbn.c.obj (.text:scalbn)
                  00005650    000000fc                                   : fd_mul_t2.asm.obj (.text)
                  0000574c    000000f8                                   : s_floor.c.obj (.text:floor)
                  00005844    000000d8                                   : memory.c.obj (.text:free)
                  0000591c    000000b1                                   : _printfi.c.obj (.text:_ltostr)
                  000059cd    00000001     --HOLE-- [fill = 0]
                  000059ce    0000009c                                   : memcpy_t2.asm.obj (.text)
                  00005a6a    00000096                                   : ull_div_t2.asm.obj (.text)
                  00005b00    00000086                                   : fd_cmp_t2.asm.obj (.text:__aeabi_cdcmple)
                  00005b86    00000086                                   : fd_cmp_t2.asm.obj (.text:__aeabi_cdrcmple)
                  00005c0c    0000007a                                   : memset_t2.asm.obj (.text)
                  00005c86    00000002     --HOLE-- [fill = 0]
                  00005c88    00000078                                   : memory.c.obj (.text:malloc)
                  00005d00    0000006e                                   : _printfi.c.obj (.text:_mcpy)
                  00005d6e    0000006e                                   : fd_tos_t2.asm.obj (.text)
                  00005ddc    00000068                                   : copy_decompress_lzss.c.obj (.text:decompress:lzss:__TI_decompress_lzss)
                  00005e44    00000064                                   : s_frexp.c.obj (.text:frexp)
                  00005ea8    00000056                                   : _printfi.c.obj (.text:_pconv_f)
                  00005efe    00000054                                   : ltoa.c.obj (.text:ltoa)
                  00005f52    00000052                                   : _printfi.c.obj (.text:_ecpy)
                  00005fa4    0000004c                                   : atoi.c.obj (.text:atoi)
                  00005ff0    00000048                                   : fd_toi_t2.asm.obj (.text)
                  00006038    00000044                                   : autoinit.c.obj (.text:__TI_auto_init_nobinit_nopinit:__TI_auto_init_nobinit_nopinit)
                  0000607c    00000040                                   : sprintf.c.obj (.text:sprintf)
                  000060bc    00000040                                   : vsnprintf.c.obj (.text:vsnprintf)
                  000060fc    0000003e                                   : _printfi.c.obj (.text:_fcpy)
                  0000613a    00000002     --HOLE-- [fill = 0]
                  0000613c    0000003c                                   : memory.c.obj (.text:minsert)
                  00006178    00000038                                   : boot_cortex_m.c.obj (.text:_c_int00_noargs:_c_int00_noargs)
                  000061b0    00000038                                   : memory.c.obj (.text:minit)
                  000061e8    00000038                                   : fs_tod_t2.asm.obj (.text)
                  00006220    00000034     driverlib.lib : interrupt.obj (.text:IntRegister)
                  00006254    00000030     rtsv7M4_T_le_v4SPD16_eabi.lib : vsnprintf.c.obj (.text:_outs)
                  00006284    0000002e                                   : i_tofd_t2.asm.obj (.text)
                  000062b2    0000002a                                   : memory.c.obj (.text:calloc)
                  000062dc    00000028                                   : memory.c.obj (.text:mremove)
                  00006304    0000001c                                   : memccpy.c.obj (.text:memccpy)
                  00006320    00000018                                   : vsnprintf.c.obj (.text:_outc)
                  00006338    00000018                                   : sprintf.c.obj (.text:_outs)
                  00006350    00000018     open_interface.obj (.text:oi_parseInt)
                  00006368    00000018     rtsv7M4_T_le_v4SPD16_eabi.lib : strcmp.c.obj (.text:strcmp)
                  00006380    00000016                                   : strchr.c.obj (.text:strchr)
                  00006396    00000014                                   : s_copysign.c.obj (.text:copysign)
                  000063aa    00000014                                   : strcpy.c.obj (.text:strcpy)
                  000063be    00000014                                   : strlen.c.obj (.text:strlen)
                  000063d2    00000012                                   : wcslen.c.obj (.text:wcslen)
                  000063e4    00000010     driverlib.lib : interrupt.obj (.text:IntMasterEnable)
                  000063f4    00000010     lcd.obj (.text:lcd_clear)
                  00006404    0000000e     rtsv7M4_T_le_v4SPD16_eabi.lib : copy_decompress_none.c.obj (.text:decompress:none:__TI_decompress_none)
                  00006412    0000000c     driverlib.lib : cpu.obj (.text:CPUcpsie)
                  0000641e    0000000c     rtsv7M4_T_le_v4SPD16_eabi.lib : copy_zero_init.c.obj (.text:decompress:ZI:__TI_zero_init)
                  0000642a    0000000c     tm4c123gh6pm_startup_ccs.obj (.text)
                  00006436    0000000a     rtsv7M4_T_le_v4SPD16_eabi.lib : sprintf.c.obj (.text:_outc)
                  00006440    00000008                                   : errno.c.obj (.text:__aeabi_errno_addr)
                  00006448    00000004                                   : pre_init.c.obj (.text:_system_pre_init)
                  0000644c    00000004                                   : exit.c.obj (.text:abort:abort)

.const     0    00006450    000002a3     
                  00006450    00000158     rtsv7M4_T_le_v4SPD16_eabi.lib : k_rem_pio2.c.obj (.const:$O1$$)
                  000065a8    00000101                                   : ctype.c.obj (.const:.string:_ctypes_)
                  000066a9    00000004     lcd.obj (.const:.string:lineAddress$1)
                  000066ad    00000003     --HOLE-- [fill = 0]
                  000066b0    00000030     rtsv7M4_T_le_v4SPD16_eabi.lib : e_pow.c.obj (.const:$O1$$)
                  000066e0    0000000f     open_interface.obj (.const:.string:$P$T0$3)
                  000066ef    00000004     lcd.obj (.const:.string:lineAddresses$2)

.cinit     0    000066f8    00000060     
                  000066f8    00000026     (.cinit..data.load) [load image, compression = lzss]
                  0000671e    00000002     --HOLE-- [fill = 0]
                  00006720    0000000c     (__TI_handler_table)
                  0000672c    00000004     --HOLE-- [fill = 0]
                  00006730    00000008     (.cinit..bss.load) [load image, compression = zero_init]
                  00006738    00000008     (.cinit..vtable.load) [load image, compression = zero_init]
                  00006740    00000018     (__TI_cinit_table)

.init_array 
*          0    00000000    00000000     UNINITIALIZED

.vtable    0    20000000    0000026c     UNINITIALIZED
                  20000000    0000026c     driverlib.lib : interrupt.obj (.vtable)

.stack     0    20000270    00000800     UNINITIALIZED
                  20000270    00000004     rtsv7M4_T_le_v4SPD16_eabi.lib : boot_cortex_m.c.obj (.stack)
                  20000274    000007fc     --HOLE--

.sysmem    0    20000a70    00000400     UNINITIALIZED
                  20000a70    00000008     rtsv7M4_T_le_v4SPD16_eabi.lib : memory.c.obj (.sysmem)
                  20000a78    000003f8     --HOLE--

.bss       0    20000e70    00000394     UNINITIALIZED
                  20000e70    000002d8     (.common:sweepData)
                  20001148    00000054     lcd.obj (.bss:lastbuffer$3)
                  2000119c    00000048     (.common:finds)
                  200011e4    00000018     open_interface.obj (.bss:firmware$2)
                  200011fc    00000004     (.common:x)
                  20001200    00000004     (.common:y)

.data      0    20001204    00000040     UNINITIALIZED
                  20001204    00000018     main.obj (.data)
                  2000121c    00000010     open_interface.obj (.data)
                  2000122c    0000000c     rtsv7M4_T_le_v4SPD16_eabi.lib : memory.c.obj (.data:$O1$$)
                  20001238    00000008                                   : _lock.c.obj (.data:$O1$$)
                  20001240    00000004                                   : errno.c.obj (.data)

MODULE SUMMARY

       Module                         code    ro data   rw data
       ------                         ----    -------   -------
    .\
       main.obj                       3188    0         832    
       open_interface.obj             2720    15        40     
       lcd.obj                        764     8         84     
       tm4c123gh6pm_startup_ccs.obj   12      620       0      
       inits_tiva.obj                 444     0         0      
       timer.obj                      344     0         0      
       uart.obj                       284     0         0      
    +--+------------------------------+-------+---------+---------+
       Total:                         7756    643       956    
                                                               
    C:/ti/TivaWare_C_Series-2.1.4.178/driverlib/ccs/Debug/driverlib.lib
       interrupt.obj                  68      0         620    
       cpu.obj                        12      0         0      
    +--+------------------------------+-------+---------+---------+
       Total:                         80      0         620    
                                                               
    C:\ti\ccsv8\tools\compiler\ti-cgt-arm_18.1.2.LTS\lib\rtsv7M4_T_le_v4SPD16_eabi.lib
       _printfi.c.obj                 4863    0         0      
       e_pow.c.obj                    2496    48        0      
       k_rem_pio2.c.obj               1848    344       0      
       s_cos.c.obj                    1500    0         0      
       s_sin.c.obj                    1476    0         0      
       memory.c.obj                   534     0         12     
       fd_add_t2.asm.obj              438     0         0      
       k_sin.c.obj                    372     0         0      
       k_cos.c.obj                    364     0         0      
       e_sqrt.c.obj                   344     0         0      
       fd_div_t2.asm.obj              310     0         0      
       s_scalbn.c.obj                 272     0         0      
       fd_cmp_t2.asm.obj              268     0         0      
       ctype.c.obj                    0       257       0      
       fd_mul_t2.asm.obj              252     0         0      
       s_floor.c.obj                  248     0         0      
       memcpy_t2.asm.obj              156     0         0      
       ull_div_t2.asm.obj             150     0         0      
       vsnprintf.c.obj                136     0         0      
       memset_t2.asm.obj              122     0         0      
       fd_tos_t2.asm.obj              110     0         0      
       copy_decompress_lzss.c.obj     104     0         0      
       s_frexp.c.obj                  100     0         0      
       sprintf.c.obj                  98      0         0      
       ltoa.c.obj                     84      0         0      
       atoi.c.obj                     76      0         0      
       fd_toi_t2.asm.obj              72      0         0      
       autoinit.c.obj                 68      0         0      
       boot_cortex_m.c.obj            56      0         0      
       fs_tod_t2.asm.obj              56      0         0      
       i_tofd_t2.asm.obj              46      0         0      
       memccpy.c.obj                  28      0         0      
       strcmp.c.obj                   24      0         0      
       strchr.c.obj                   22      0         0      
       s_copysign.c.obj               20      0         0      
       strcpy.c.obj                   20      0         0      
       strlen.c.obj                   20      0         0      
       wcslen.c.obj                   18      0         0      
       copy_decompress_none.c.obj     14      0         0      
       copy_zero_init.c.obj           12      0         0      
       errno.c.obj                    8       0         4      
       _lock.c.obj                    2       0         8      
       exit.c.obj                     4       0         0      
       pre_init.c.obj                 4       0         0      
       div0.asm.obj                   2       0         0      
    +--+------------------------------+-------+---------+---------+
       Total:                         17217   649       24     
                                                               
       Heap:                          0       0         1024   
       Stack:                         0       0         2048   
       Linker Generated:              0       90        0      
    +--+------------------------------+-------+---------+---------+
       Grand Total:                   25053   1382      4672   


LINKER GENERATED COPY TABLES

__TI_cinit_table @ 00006740 records: 3, size/record: 8, table size: 24
	.data: load addr=000066f8, load size=00000026 bytes, run addr=20001204, run size=00000040 bytes, compression=lzss
	.bss: load addr=00006730, load size=00000008 bytes, run addr=20000e70, run size=00000394 bytes, compression=zero_init
	.vtable: load addr=00006738, load size=00000008 bytes, run addr=20000000, run size=0000026c bytes, compression=zero_init


LINKER GENERATED HANDLER TABLE

__TI_handler_table @ 00006720 records: 3, size/record: 4, table size: 12
	index: 0, handler: __TI_zero_init
	index: 1, handler: __TI_decompress_lzss
	index: 2, handler: __TI_decompress_none


GLOBAL SYMBOLS: SORTED ALPHABETICALLY BY Name 

address   name                          
-------   ----                          
0000644d  C$$EXIT                       
00006413  CPUcpsie                      
000017d9  GPIOF_Handler                 
000063e5  IntMasterEnable               
00006221  IntRegister                   
00004867  PWM_init                      
0000642b  ResetISR                      
20000a70  __STACK_END                   
00000800  __STACK_SIZE                  
20000470  __STACK_TOP                   
00000400  __SYSMEM_SIZE                 
00006740  __TI_CINIT_Base               
00006758  __TI_CINIT_Limit              
00006720  __TI_Handler_Table_Base       
0000672c  __TI_Handler_Table_Limit      
00006039  __TI_auto_init_nobinit_nopinit
00005ddd  __TI_decompress_lzss          
00006405  __TI_decompress_none          
ffffffff  __TI_pprof_out_hndl           
00001969  __TI_printfi                  
ffffffff  __TI_prof_data_size           
ffffffff  __TI_prof_data_start          
00000000  __TI_static_base__            
0000641f  __TI_zero_init                
00005b01  __aeabi_cdcmpeq               
00005b01  __aeabi_cdcmple               
00005b87  __aeabi_cdrcmple              
00005d6f  __aeabi_d2f                   
00005ff1  __aeabi_d2iz                  
00004953  __aeabi_dadd                  
000051cd  __aeabi_ddiv                  
00005651  __aeabi_dmul                  
00004949  __aeabi_dsub                  
00006441  __aeabi_errno_addr            
000061e9  __aeabi_f2d                   
00006285  __aeabi_i2d                   
00004aff  __aeabi_idiv0                 
00004aff  __aeabi_ldiv0                 
00005c0d  __aeabi_memclr                
00005c0d  __aeabi_memclr4               
00005c0d  __aeabi_memclr8               
000059cf  __aeabi_memcpy                
000059cf  __aeabi_memcpy4               
000059cf  __aeabi_memcpy8               
00005c0f  __aeabi_memset                
00005c0f  __aeabi_memset4               
00005c0f  __aeabi_memset8               
00005a6b  __aeabi_uldivmod              
ffffffff  __binit__                     
ffffffff  __c_args__                    
00004c75  __kernel_cos                  
00002d89  __kernel_rem_pio2             
00004b01  __kernel_sin                  
UNDEFED   __mpu_init                    
20000270  __stack                       
00006179  _c_int00_noargs               
000065a8  _ctypes_                      
20001238  _lock                         
000023c7  _nop                          
20000a70  _sys_memory                   
UNDEFED   _system_post_cinit            
00006449  _system_pre_init              
2000123c  _unlock                       
0000644d  abort                         
20001214  adc                           
000047e3  adc_init                      
00005fa5  atoi                          
ffffffff  binit                         
000006f5  bumper_backward               
000062b3  calloc                        
00000c1d  checkClearPath                
00000e19  clearObjects                  
20001218  cm                            
00006397  copysign                      
00006397  copysignl                     
000034c1  cos                           
000034c1  cosl                          
20001210  dir                           
20001240  errno                         
2000119c  finds                         
0000574d  floor                         
0000574d  floorl                        
00005845  free                          
00005e45  frexp                         
00005e45  frexpl                        
20000000  g_pfnRAMVectors               
00000000  g_pfnVectors                  
000017f3  getDegrees                    
00000aef  get_dis_ir                    
00000ae9  get_ir_raw                    
00001595  go_charge                     
000063f5  lcd_clear                     
000041f9  lcd_gotoLine                  
00004061  lcd_init                      
0000425f  lcd_printf                    
00004121  lcd_putc                      
00004159  lcd_puts                      
00004177  lcd_sendCommand               
000041b5  lcd_sendNibble                
00004221  lcd_setCursorPos              
00005541  ldexp                         
00005541  ldexpl                        
20001204  leftWheelSpeed                
00005eff  ltoa                          
0000026d  main                          
00005c89  malloc                        
00006305  memccpy                       
000059cf  memcpy                        
00005c15  memset                        
000061b1  minit                         
000005d7  move_backward                 
00000351  move_forward                  
00000afd  move_servo                    
2000120c  objectCount                   
00000ee1  oi_alloc                      
000016bf  oi_checkFirmware              
00000f37  oi_close                      
00000eed  oi_free                       
00000f21  oi_init                       
00000efd  oi_init_noupdate              
0000152b  oi_loadSong                   
00006351  oi_parseInt                   
00000f9b  oi_parsePacket                
00001581  oi_play_song                  
000014a5  oi_setLeds                    
000014e9  oi_setWheels                  
00001767  oi_shutoff_init               
000015a3  oi_uartInit                   
00001647  oi_uartReceive                
0000168d  oi_uartSendBuff               
0000162b  oi_uartSendChar               
0000166f  oi_uartSendStr                
00000f49  oi_update                     
0000478d  ping_init                     
000023c9  pow                           
000023c9  powl                          
00000a7d  read_ir                       
000009bd  read_ping                     
000007e7  read_turret                   
20001208  rightWheelSpeed               
20001211  s                             
00005541  scalbn                        
00005541  scalbnl                       
00000969  sendPulse                     
00000b61  sendSweepData                 
00003a9d  sin                           
00003a9d  sinl                          
0000069b  spin                          
0000607d  sprintf                       
00004de1  sqrt                          
00004de1  sqrtl                         
00006381  strchr                        
00006369  strcmp                        
000063ab  strcpy                        
000063bf  strlen                        
20000e70  sweepData                     
00000793  sweep_servo                   
00005049  timer_getClock                
00004ffd  timer_startClock              
00004f97  timer_startTimer              
0000504f  timer_stopClock               
00004fe7  timer_stopTimer               
00004f6d  timer_waitMicros              
00004f39  timer_waitMillis              
000004a9  turn                          
0000067d  turn_left                     
0000068b  turn_right                    
00000d8d  turretAvoid                   
00005425  uart_init                     
000054c9  uart_receive                  
000054ad  uart_sendChar                 
000054ef  uart_sendStr                  
000060bd  vsnprintf                     
000063d3  wcslen                        
200011fc  x                             
20001200  y                             


GLOBAL SYMBOLS: SORTED BY Symbol Address 

address   name                          
-------   ----                          
00000000  __TI_static_base__            
00000000  g_pfnVectors                  
0000026d  main                          
00000351  move_forward                  
00000400  __SYSMEM_SIZE                 
000004a9  turn                          
000005d7  move_backward                 
0000067d  turn_left                     
0000068b  turn_right                    
0000069b  spin                          
000006f5  bumper_backward               
00000793  sweep_servo                   
000007e7  read_turret                   
00000800  __STACK_SIZE                  
00000969  sendPulse                     
000009bd  read_ping                     
00000a7d  read_ir                       
00000ae9  get_ir_raw                    
00000aef  get_dis_ir                    
00000afd  move_servo                    
00000b61  sendSweepData                 
00000c1d  checkClearPath                
00000d8d  turretAvoid                   
00000e19  clearObjects                  
00000ee1  oi_alloc                      
00000eed  oi_free                       
00000efd  oi_init_noupdate              
00000f21  oi_init                       
00000f37  oi_close                      
00000f49  oi_update                     
00000f9b  oi_parsePacket                
000014a5  oi_setLeds                    
000014e9  oi_setWheels                  
0000152b  oi_loadSong                   
00001581  oi_play_song                  
00001595  go_charge                     
000015a3  oi_uartInit                   
0000162b  oi_uartSendChar               
00001647  oi_uartReceive                
0000166f  oi_uartSendStr                
0000168d  oi_uartSendBuff               
000016bf  oi_checkFirmware              
00001767  oi_shutoff_init               
000017d9  GPIOF_Handler                 
000017f3  getDegrees                    
00001969  __TI_printfi                  
000023c7  _nop                          
000023c9  pow                           
000023c9  powl                          
00002d89  __kernel_rem_pio2             
000034c1  cos                           
000034c1  cosl                          
00003a9d  sin                           
00003a9d  sinl                          
00004061  lcd_init                      
00004121  lcd_putc                      
00004159  lcd_puts                      
00004177  lcd_sendCommand               
000041b5  lcd_sendNibble                
000041f9  lcd_gotoLine                  
00004221  lcd_setCursorPos              
0000425f  lcd_printf                    
0000478d  ping_init                     
000047e3  adc_init                      
00004867  PWM_init                      
00004949  __aeabi_dsub                  
00004953  __aeabi_dadd                  
00004aff  __aeabi_idiv0                 
00004aff  __aeabi_ldiv0                 
00004b01  __kernel_sin                  
00004c75  __kernel_cos                  
00004de1  sqrt                          
00004de1  sqrtl                         
00004f39  timer_waitMillis              
00004f6d  timer_waitMicros              
00004f97  timer_startTimer              
00004fe7  timer_stopTimer               
00004ffd  timer_startClock              
00005049  timer_getClock                
0000504f  timer_stopClock               
000051cd  __aeabi_ddiv                  
00005425  uart_init                     
000054ad  uart_sendChar                 
000054c9  uart_receive                  
000054ef  uart_sendStr                  
00005541  ldexp                         
00005541  ldexpl                        
00005541  scalbn                        
00005541  scalbnl                       
00005651  __aeabi_dmul                  
0000574d  floor                         
0000574d  floorl                        
00005845  free                          
000059cf  __aeabi_memcpy                
000059cf  __aeabi_memcpy4               
000059cf  __aeabi_memcpy8               
000059cf  memcpy                        
00005a6b  __aeabi_uldivmod              
00005b01  __aeabi_cdcmpeq               
00005b01  __aeabi_cdcmple               
00005b87  __aeabi_cdrcmple              
00005c0d  __aeabi_memclr                
00005c0d  __aeabi_memclr4               
00005c0d  __aeabi_memclr8               
00005c0f  __aeabi_memset                
00005c0f  __aeabi_memset4               
00005c0f  __aeabi_memset8               
00005c15  memset                        
00005c89  malloc                        
00005d6f  __aeabi_d2f                   
00005ddd  __TI_decompress_lzss          
00005e45  frexp                         
00005e45  frexpl                        
00005eff  ltoa                          
00005fa5  atoi                          
00005ff1  __aeabi_d2iz                  
00006039  __TI_auto_init_nobinit_nopinit
0000607d  sprintf                       
000060bd  vsnprintf                     
00006179  _c_int00_noargs               
000061b1  minit                         
000061e9  __aeabi_f2d                   
00006221  IntRegister                   
00006285  __aeabi_i2d                   
000062b3  calloc                        
00006305  memccpy                       
00006351  oi_parseInt                   
00006369  strcmp                        
00006381  strchr                        
00006397  copysign                      
00006397  copysignl                     
000063ab  strcpy                        
000063bf  strlen                        
000063d3  wcslen                        
000063e5  IntMasterEnable               
000063f5  lcd_clear                     
00006405  __TI_decompress_none          
00006413  CPUcpsie                      
0000641f  __TI_zero_init                
0000642b  ResetISR                      
00006441  __aeabi_errno_addr            
00006449  _system_pre_init              
0000644d  C$$EXIT                       
0000644d  abort                         
000065a8  _ctypes_                      
00006720  __TI_Handler_Table_Base       
0000672c  __TI_Handler_Table_Limit      
00006740  __TI_CINIT_Base               
00006758  __TI_CINIT_Limit              
20000000  g_pfnRAMVectors               
20000270  __stack                       
20000470  __STACK_TOP                   
20000a70  __STACK_END                   
20000a70  _sys_memory                   
20000e70  sweepData                     
2000119c  finds                         
200011fc  x                             
20001200  y                             
20001204  leftWheelSpeed                
20001208  rightWheelSpeed               
2000120c  objectCount                   
20001210  dir                           
20001211  s                             
20001214  adc                           
20001218  cm                            
20001238  _lock                         
2000123c  _unlock                       
20001240  errno                         
ffffffff  __TI_pprof_out_hndl           
ffffffff  __TI_prof_data_size           
ffffffff  __TI_prof_data_start          
ffffffff  __binit__                     
ffffffff  __c_args__                    
ffffffff  binit                         
UNDEFED   __mpu_init                    
UNDEFED   _system_post_cinit            

[176 symbols]
