<?xml version="1.0" encoding="ISO-8859-1" ?>
<link_info>
   <banner>TI ARM Linker PC v18.1.2.LTS</banner>
   <copyright>Copyright (c) 1996-2017 Texas Instruments Incorporated</copyright>
   <link_time>0x5c02e78e</link_time>
   <link_errors>0x0</link_errors>
   <output_file>FinalTesting.out</output_file>
   <entry_point>
      <name>_c_int00_noargs</name>
      <address>0x6179</address>
   </entry_point>
   <input_file_list>
      <input_file id="fl-2">
         <path>.\</path>
         <kind>object</kind>
         <file>inits_tiva.obj</file>
         <name>inits_tiva.obj</name>
      </input_file>
      <input_file id="fl-3">
         <path>.\</path>
         <kind>object</kind>
         <file>lcd.obj</file>
         <name>lcd.obj</name>
      </input_file>
      <input_file id="fl-4">
         <path>.\</path>
         <kind>object</kind>
         <file>main.obj</file>
         <name>main.obj</name>
      </input_file>
      <input_file id="fl-5">
         <path>.\</path>
         <kind>object</kind>
         <file>open_interface.obj</file>
         <name>open_interface.obj</name>
      </input_file>
      <input_file id="fl-6">
         <path>.\</path>
         <kind>object</kind>
         <file>timer.obj</file>
         <name>timer.obj</name>
      </input_file>
      <input_file id="fl-7">
         <path>.\</path>
         <kind>object</kind>
         <file>tm4c123gh6pm_startup_ccs.obj</file>
         <name>tm4c123gh6pm_startup_ccs.obj</name>
      </input_file>
      <input_file id="fl-8">
         <path>.\</path>
         <kind>object</kind>
         <file>uart.obj</file>
         <name>uart.obj</name>
      </input_file>
      <input_file id="fl-d">
         <kind>object</kind>
         <file>&lt;internal&gt;</file>
         <name>&lt;internal&gt;</name>
      </input_file>
      <input_file id="fl-e">
         <path>C:\ti\TivaWare_C_Series-2.1.4.178\driverlib\ccs\Debug\</path>
         <kind>archive</kind>
         <file>driverlib.lib</file>
         <name>interrupt.obj</name>
      </input_file>
      <input_file id="fl-f">
         <path>C:\ti\TivaWare_C_Series-2.1.4.178\driverlib\ccs\Debug\</path>
         <kind>archive</kind>
         <file>driverlib.lib</file>
         <name>cpu.obj</name>
      </input_file>
      <input_file id="fl-c5">
         <path>C:\ti\ccsv8\tools\compiler\ti-cgt-arm_18.1.2.LTS\lib\</path>
         <kind>archive</kind>
         <file>rtsv7M4_T_le_v4SPD16_eabi.lib</file>
         <name>e_pow.c.obj</name>
      </input_file>
      <input_file id="fl-c6">
         <path>C:\ti\ccsv8\tools\compiler\ti-cgt-arm_18.1.2.LTS\lib\</path>
         <kind>archive</kind>
         <file>rtsv7M4_T_le_v4SPD16_eabi.lib</file>
         <name>e_sqrt.c.obj</name>
      </input_file>
      <input_file id="fl-c7">
         <path>C:\ti\ccsv8\tools\compiler\ti-cgt-arm_18.1.2.LTS\lib\</path>
         <kind>archive</kind>
         <file>rtsv7M4_T_le_v4SPD16_eabi.lib</file>
         <name>s_cos.c.obj</name>
      </input_file>
      <input_file id="fl-c8">
         <path>C:\ti\ccsv8\tools\compiler\ti-cgt-arm_18.1.2.LTS\lib\</path>
         <kind>archive</kind>
         <file>rtsv7M4_T_le_v4SPD16_eabi.lib</file>
         <name>s_scalbn.c.obj</name>
      </input_file>
      <input_file id="fl-c9">
         <path>C:\ti\ccsv8\tools\compiler\ti-cgt-arm_18.1.2.LTS\lib\</path>
         <kind>archive</kind>
         <file>rtsv7M4_T_le_v4SPD16_eabi.lib</file>
         <name>s_sin.c.obj</name>
      </input_file>
      <input_file id="fl-ca">
         <path>C:\ti\ccsv8\tools\compiler\ti-cgt-arm_18.1.2.LTS\lib\</path>
         <kind>archive</kind>
         <file>rtsv7M4_T_le_v4SPD16_eabi.lib</file>
         <name>s_copysign.c.obj</name>
      </input_file>
      <input_file id="fl-cb">
         <path>C:\ti\ccsv8\tools\compiler\ti-cgt-arm_18.1.2.LTS\lib\</path>
         <kind>archive</kind>
         <file>rtsv7M4_T_le_v4SPD16_eabi.lib</file>
         <name>fd_add_t2.asm.obj</name>
      </input_file>
      <input_file id="fl-cc">
         <path>C:\ti\ccsv8\tools\compiler\ti-cgt-arm_18.1.2.LTS\lib\</path>
         <kind>archive</kind>
         <file>rtsv7M4_T_le_v4SPD16_eabi.lib</file>
         <name>fd_cmp_t2.asm.obj</name>
      </input_file>
      <input_file id="fl-cd">
         <path>C:\ti\ccsv8\tools\compiler\ti-cgt-arm_18.1.2.LTS\lib\</path>
         <kind>archive</kind>
         <file>rtsv7M4_T_le_v4SPD16_eabi.lib</file>
         <name>fd_div_t2.asm.obj</name>
      </input_file>
      <input_file id="fl-ce">
         <path>C:\ti\ccsv8\tools\compiler\ti-cgt-arm_18.1.2.LTS\lib\</path>
         <kind>archive</kind>
         <file>rtsv7M4_T_le_v4SPD16_eabi.lib</file>
         <name>fd_mul_t2.asm.obj</name>
      </input_file>
      <input_file id="fl-cf">
         <path>C:\ti\ccsv8\tools\compiler\ti-cgt-arm_18.1.2.LTS\lib\</path>
         <kind>archive</kind>
         <file>rtsv7M4_T_le_v4SPD16_eabi.lib</file>
         <name>fd_toi_t2.asm.obj</name>
      </input_file>
      <input_file id="fl-d0">
         <path>C:\ti\ccsv8\tools\compiler\ti-cgt-arm_18.1.2.LTS\lib\</path>
         <kind>archive</kind>
         <file>rtsv7M4_T_le_v4SPD16_eabi.lib</file>
         <name>fd_tos_t2.asm.obj</name>
      </input_file>
      <input_file id="fl-d1">
         <path>C:\ti\ccsv8\tools\compiler\ti-cgt-arm_18.1.2.LTS\lib\</path>
         <kind>archive</kind>
         <file>rtsv7M4_T_le_v4SPD16_eabi.lib</file>
         <name>fs_tod_t2.asm.obj</name>
      </input_file>
      <input_file id="fl-d2">
         <path>C:\ti\ccsv8\tools\compiler\ti-cgt-arm_18.1.2.LTS\lib\</path>
         <kind>archive</kind>
         <file>rtsv7M4_T_le_v4SPD16_eabi.lib</file>
         <name>i_tofd_t2.asm.obj</name>
      </input_file>
      <input_file id="fl-d3">
         <path>C:\ti\ccsv8\tools\compiler\ti-cgt-arm_18.1.2.LTS\lib\</path>
         <kind>archive</kind>
         <file>rtsv7M4_T_le_v4SPD16_eabi.lib</file>
         <name>memcpy_t2.asm.obj</name>
      </input_file>
      <input_file id="fl-d4">
         <path>C:\ti\ccsv8\tools\compiler\ti-cgt-arm_18.1.2.LTS\lib\</path>
         <kind>archive</kind>
         <file>rtsv7M4_T_le_v4SPD16_eabi.lib</file>
         <name>copy_zero_init.c.obj</name>
      </input_file>
      <input_file id="fl-d5">
         <path>C:\ti\ccsv8\tools\compiler\ti-cgt-arm_18.1.2.LTS\lib\</path>
         <kind>archive</kind>
         <file>rtsv7M4_T_le_v4SPD16_eabi.lib</file>
         <name>copy_decompress_none.c.obj</name>
      </input_file>
      <input_file id="fl-d6">
         <path>C:\ti\ccsv8\tools\compiler\ti-cgt-arm_18.1.2.LTS\lib\</path>
         <kind>archive</kind>
         <file>rtsv7M4_T_le_v4SPD16_eabi.lib</file>
         <name>copy_decompress_lzss.c.obj</name>
      </input_file>
      <input_file id="fl-d7">
         <path>C:\ti\ccsv8\tools\compiler\ti-cgt-arm_18.1.2.LTS\lib\</path>
         <kind>archive</kind>
         <file>rtsv7M4_T_le_v4SPD16_eabi.lib</file>
         <name>boot_cortex_m.c.obj</name>
      </input_file>
      <input_file id="fl-d8">
         <path>C:\ti\ccsv8\tools\compiler\ti-cgt-arm_18.1.2.LTS\lib\</path>
         <kind>archive</kind>
         <file>rtsv7M4_T_le_v4SPD16_eabi.lib</file>
         <name>errno.c.obj</name>
      </input_file>
      <input_file id="fl-d9">
         <path>C:\ti\ccsv8\tools\compiler\ti-cgt-arm_18.1.2.LTS\lib\</path>
         <kind>archive</kind>
         <file>rtsv7M4_T_le_v4SPD16_eabi.lib</file>
         <name>exit.c.obj</name>
      </input_file>
      <input_file id="fl-da">
         <path>C:\ti\ccsv8\tools\compiler\ti-cgt-arm_18.1.2.LTS\lib\</path>
         <kind>archive</kind>
         <file>rtsv7M4_T_le_v4SPD16_eabi.lib</file>
         <name>memory.c.obj</name>
      </input_file>
      <input_file id="fl-db">
         <path>C:\ti\ccsv8\tools\compiler\ti-cgt-arm_18.1.2.LTS\lib\</path>
         <kind>archive</kind>
         <file>rtsv7M4_T_le_v4SPD16_eabi.lib</file>
         <name>_lock.c.obj</name>
      </input_file>
      <input_file id="fl-dc">
         <path>C:\ti\ccsv8\tools\compiler\ti-cgt-arm_18.1.2.LTS\lib\</path>
         <kind>archive</kind>
         <file>rtsv7M4_T_le_v4SPD16_eabi.lib</file>
         <name>args_main.c.obj</name>
      </input_file>
      <input_file id="fl-dd">
         <path>C:\ti\ccsv8\tools\compiler\ti-cgt-arm_18.1.2.LTS\lib\</path>
         <kind>archive</kind>
         <file>rtsv7M4_T_le_v4SPD16_eabi.lib</file>
         <name>sprintf.c.obj</name>
      </input_file>
      <input_file id="fl-de">
         <path>C:\ti\ccsv8\tools\compiler\ti-cgt-arm_18.1.2.LTS\lib\</path>
         <kind>archive</kind>
         <file>rtsv7M4_T_le_v4SPD16_eabi.lib</file>
         <name>strcmp.c.obj</name>
      </input_file>
      <input_file id="fl-df">
         <path>C:\ti\ccsv8\tools\compiler\ti-cgt-arm_18.1.2.LTS\lib\</path>
         <kind>archive</kind>
         <file>rtsv7M4_T_le_v4SPD16_eabi.lib</file>
         <name>strcpy.c.obj</name>
      </input_file>
      <input_file id="fl-e0">
         <path>C:\ti\ccsv8\tools\compiler\ti-cgt-arm_18.1.2.LTS\lib\</path>
         <kind>archive</kind>
         <file>rtsv7M4_T_le_v4SPD16_eabi.lib</file>
         <name>vsnprintf.c.obj</name>
      </input_file>
      <input_file id="fl-e1">
         <path>C:\ti\ccsv8\tools\compiler\ti-cgt-arm_18.1.2.LTS\lib\</path>
         <kind>archive</kind>
         <file>rtsv7M4_T_le_v4SPD16_eabi.lib</file>
         <name>k_rem_pio2.c.obj</name>
      </input_file>
      <input_file id="fl-e2">
         <path>C:\ti\ccsv8\tools\compiler\ti-cgt-arm_18.1.2.LTS\lib\</path>
         <kind>archive</kind>
         <file>rtsv7M4_T_le_v4SPD16_eabi.lib</file>
         <name>k_cos.c.obj</name>
      </input_file>
      <input_file id="fl-e3">
         <path>C:\ti\ccsv8\tools\compiler\ti-cgt-arm_18.1.2.LTS\lib\</path>
         <kind>archive</kind>
         <file>rtsv7M4_T_le_v4SPD16_eabi.lib</file>
         <name>k_sin.c.obj</name>
      </input_file>
      <input_file id="fl-e4">
         <path>C:\ti\ccsv8\tools\compiler\ti-cgt-arm_18.1.2.LTS\lib\</path>
         <kind>archive</kind>
         <file>rtsv7M4_T_le_v4SPD16_eabi.lib</file>
         <name>s_floor.c.obj</name>
      </input_file>
      <input_file id="fl-e5">
         <path>C:\ti\ccsv8\tools\compiler\ti-cgt-arm_18.1.2.LTS\lib\</path>
         <kind>archive</kind>
         <file>rtsv7M4_T_le_v4SPD16_eabi.lib</file>
         <name>memset_t2.asm.obj</name>
      </input_file>
      <input_file id="fl-e6">
         <path>C:\ti\ccsv8\tools\compiler\ti-cgt-arm_18.1.2.LTS\lib\</path>
         <kind>archive</kind>
         <file>rtsv7M4_T_le_v4SPD16_eabi.lib</file>
         <name>autoinit.c.obj</name>
      </input_file>
      <input_file id="fl-e7">
         <path>C:\ti\ccsv8\tools\compiler\ti-cgt-arm_18.1.2.LTS\lib\</path>
         <kind>archive</kind>
         <file>rtsv7M4_T_le_v4SPD16_eabi.lib</file>
         <name>pre_init.c.obj</name>
      </input_file>
      <input_file id="fl-e8">
         <path>C:\ti\ccsv8\tools\compiler\ti-cgt-arm_18.1.2.LTS\lib\</path>
         <kind>archive</kind>
         <file>rtsv7M4_T_le_v4SPD16_eabi.lib</file>
         <name>cpy_tbl.c.obj</name>
      </input_file>
      <input_file id="fl-e9">
         <path>C:\ti\ccsv8\tools\compiler\ti-cgt-arm_18.1.2.LTS\lib\</path>
         <kind>archive</kind>
         <file>rtsv7M4_T_le_v4SPD16_eabi.lib</file>
         <name>_printfi.c.obj</name>
      </input_file>
      <input_file id="fl-ea">
         <path>C:\ti\ccsv8\tools\compiler\ti-cgt-arm_18.1.2.LTS\lib\</path>
         <kind>archive</kind>
         <file>rtsv7M4_T_le_v4SPD16_eabi.lib</file>
         <name>atoi.c.obj</name>
      </input_file>
      <input_file id="fl-eb">
         <path>C:\ti\ccsv8\tools\compiler\ti-cgt-arm_18.1.2.LTS\lib\</path>
         <kind>archive</kind>
         <file>rtsv7M4_T_le_v4SPD16_eabi.lib</file>
         <name>ctype.c.obj</name>
      </input_file>
      <input_file id="fl-ec">
         <path>C:\ti\ccsv8\tools\compiler\ti-cgt-arm_18.1.2.LTS\lib\</path>
         <kind>archive</kind>
         <file>rtsv7M4_T_le_v4SPD16_eabi.lib</file>
         <name>ltoa.c.obj</name>
      </input_file>
      <input_file id="fl-ed">
         <path>C:\ti\ccsv8\tools\compiler\ti-cgt-arm_18.1.2.LTS\lib\</path>
         <kind>archive</kind>
         <file>rtsv7M4_T_le_v4SPD16_eabi.lib</file>
         <name>memccpy.c.obj</name>
      </input_file>
      <input_file id="fl-ee">
         <path>C:\ti\ccsv8\tools\compiler\ti-cgt-arm_18.1.2.LTS\lib\</path>
         <kind>archive</kind>
         <file>rtsv7M4_T_le_v4SPD16_eabi.lib</file>
         <name>strchr.c.obj</name>
      </input_file>
      <input_file id="fl-ef">
         <path>C:\ti\ccsv8\tools\compiler\ti-cgt-arm_18.1.2.LTS\lib\</path>
         <kind>archive</kind>
         <file>rtsv7M4_T_le_v4SPD16_eabi.lib</file>
         <name>strlen.c.obj</name>
      </input_file>
      <input_file id="fl-f0">
         <path>C:\ti\ccsv8\tools\compiler\ti-cgt-arm_18.1.2.LTS\lib\</path>
         <kind>archive</kind>
         <file>rtsv7M4_T_le_v4SPD16_eabi.lib</file>
         <name>s_frexp.c.obj</name>
      </input_file>
      <input_file id="fl-f1">
         <path>C:\ti\ccsv8\tools\compiler\ti-cgt-arm_18.1.2.LTS\lib\</path>
         <kind>archive</kind>
         <file>rtsv7M4_T_le_v4SPD16_eabi.lib</file>
         <name>wcslen.c.obj</name>
      </input_file>
      <input_file id="fl-f2">
         <path>C:\ti\ccsv8\tools\compiler\ti-cgt-arm_18.1.2.LTS\lib\</path>
         <kind>archive</kind>
         <file>rtsv7M4_T_le_v4SPD16_eabi.lib</file>
         <name>ull_div_t2.asm.obj</name>
      </input_file>
      <input_file id="fl-f3">
         <path>C:\ti\ccsv8\tools\compiler\ti-cgt-arm_18.1.2.LTS\lib\</path>
         <kind>archive</kind>
         <file>rtsv7M4_T_le_v4SPD16_eabi.lib</file>
         <name>div0.asm.obj</name>
      </input_file>
   </input_file_list>
   <object_component_list>
      <object_component id="oc-f">
         <name>.intvecs</name>
         <load_address>0x0</load_address>
         <run_address>0x0</run_address>
         <size>0x26c</size>
         <input_file_ref idref="fl-7"/>
      </object_component>
      <object_component id="oc-9f">
         <name>.text</name>
         <load_address>0x26c</load_address>
         <run_address>0x26c</run_address>
         <size>0xc74</size>
         <input_file_ref idref="fl-4"/>
      </object_component>
      <object_component id="oc-d3">
         <name>.text</name>
         <load_address>0xee0</load_address>
         <run_address>0xee0</run_address>
         <size>0xa88</size>
         <input_file_ref idref="fl-5"/>
      </object_component>
      <object_component id="oc-201">
         <name>.text:__TI_printfi</name>
         <load_address>0x1968</load_address>
         <run_address>0x1968</run_address>
         <size>0xa5e</size>
         <input_file_ref idref="fl-e9"/>
      </object_component>
      <object_component id="oc-325">
         <name>.text:_nop</name>
         <load_address>0x23c6</load_address>
         <run_address>0x23c6</run_address>
         <size>0x2</size>
         <input_file_ref idref="fl-db"/>
      </object_component>
      <object_component id="oc-10d">
         <name>.text:pow</name>
         <load_address>0x23c8</load_address>
         <run_address>0x23c8</run_address>
         <size>0x9c0</size>
         <input_file_ref idref="fl-c5"/>
      </object_component>
      <object_component id="oc-21b">
         <name>.text:__kernel_rem_pio2</name>
         <load_address>0x2d88</load_address>
         <run_address>0x2d88</run_address>
         <size>0x738</size>
         <input_file_ref idref="fl-e1"/>
      </object_component>
      <object_component id="oc-11a">
         <name>.text:cos</name>
         <load_address>0x34c0</load_address>
         <run_address>0x34c0</run_address>
         <size>0x5dc</size>
         <input_file_ref idref="fl-c7"/>
      </object_component>
      <object_component id="oc-120">
         <name>.text:sin</name>
         <load_address>0x3a9c</load_address>
         <run_address>0x3a9c</run_address>
         <size>0x5c4</size>
         <input_file_ref idref="fl-c9"/>
      </object_component>
      <object_component id="oc-e5">
         <name>.text</name>
         <load_address>0x4060</load_address>
         <run_address>0x4060</run_address>
         <size>0x2ec</size>
         <input_file_ref idref="fl-3"/>
      </object_component>
      <object_component id="oc-2ed">
         <name>.text:_pconv_a</name>
         <load_address>0x434c</load_address>
         <run_address>0x434c</run_address>
         <size>0x270</size>
         <input_file_ref idref="fl-e9"/>
      </object_component>
      <object_component id="oc-2db">
         <name>.text:_pconv_g</name>
         <load_address>0x45bc</load_address>
         <run_address>0x45bc</run_address>
         <size>0x1d0</size>
         <input_file_ref idref="fl-e9"/>
      </object_component>
      <object_component id="oc-d9">
         <name>.text</name>
         <load_address>0x478c</load_address>
         <run_address>0x478c</run_address>
         <size>0x1bc</size>
         <input_file_ref idref="fl-2"/>
      </object_component>
      <object_component id="oc-1d5">
         <name>.text</name>
         <load_address>0x4948</load_address>
         <run_address>0x4948</run_address>
         <size>0x1b6</size>
         <input_file_ref idref="fl-cb"/>
      </object_component>
      <object_component id="oc-3d5">
         <name>.text</name>
         <load_address>0x4afe</load_address>
         <run_address>0x4afe</run_address>
         <size>0x2</size>
         <input_file_ref idref="fl-f3"/>
      </object_component>
      <object_component id="oc-221">
         <name>.text:__kernel_sin</name>
         <load_address>0x4b00</load_address>
         <run_address>0x4b00</run_address>
         <size>0x174</size>
         <input_file_ref idref="fl-e3"/>
      </object_component>
      <object_component id="oc-215">
         <name>.text:__kernel_cos</name>
         <load_address>0x4c74</load_address>
         <run_address>0x4c74</run_address>
         <size>0x16c</size>
         <input_file_ref idref="fl-e2"/>
      </object_component>
      <object_component id="oc-1da">
         <name>.text:sqrt</name>
         <load_address>0x4de0</load_address>
         <run_address>0x4de0</run_address>
         <size>0x158</size>
         <input_file_ref idref="fl-c6"/>
      </object_component>
      <object_component id="oc-f2">
         <name>.text</name>
         <load_address>0x4f38</load_address>
         <run_address>0x4f38</run_address>
         <size>0x158</size>
         <input_file_ref idref="fl-6"/>
      </object_component>
      <object_component id="oc-2e7">
         <name>.text:_pconv_e</name>
         <load_address>0x5090</load_address>
         <run_address>0x5090</run_address>
         <size>0x13c</size>
         <input_file_ref idref="fl-e9"/>
      </object_component>
      <object_component id="oc-191">
         <name>.text</name>
         <load_address>0x51cc</load_address>
         <run_address>0x51cc</run_address>
         <size>0x136</size>
         <input_file_ref idref="fl-cd"/>
      </object_component>
      <object_component id="oc-385">
         <name>.text:fcvt</name>
         <load_address>0x5304</load_address>
         <run_address>0x5304</run_address>
         <size>0x120</size>
         <input_file_ref idref="fl-e9"/>
      </object_component>
      <object_component id="oc-df">
         <name>.text</name>
         <load_address>0x5424</load_address>
         <run_address>0x5424</run_address>
         <size>0x11c</size>
         <input_file_ref idref="fl-8"/>
      </object_component>
      <object_component id="oc-1f3">
         <name>.text:scalbn</name>
         <load_address>0x5540</load_address>
         <run_address>0x5540</run_address>
         <size>0x110</size>
         <input_file_ref idref="fl-c8"/>
      </object_component>
      <object_component id="oc-fd">
         <name>.text</name>
         <load_address>0x5650</load_address>
         <run_address>0x5650</run_address>
         <size>0xfc</size>
         <input_file_ref idref="fl-ce"/>
      </object_component>
      <object_component id="oc-311">
         <name>.text:floor</name>
         <load_address>0x574c</load_address>
         <run_address>0x574c</run_address>
         <size>0xf8</size>
         <input_file_ref idref="fl-e4"/>
      </object_component>
      <object_component id="oc-16d">
         <name>.text:free</name>
         <load_address>0x5844</load_address>
         <run_address>0x5844</run_address>
         <size>0xd8</size>
         <input_file_ref idref="fl-da"/>
      </object_component>
      <object_component id="oc-2d5">
         <name>.text:_ltostr</name>
         <load_address>0x591c</load_address>
         <run_address>0x591c</run_address>
         <size>0xb1</size>
         <input_file_ref idref="fl-e9"/>
      </object_component>
      <object_component id="oc-3b">
         <name>.text</name>
         <load_address>0x59ce</load_address>
         <run_address>0x59ce</run_address>
         <size>0x9c</size>
         <input_file_ref idref="fl-d3"/>
      </object_component>
      <object_component id="oc-36c">
         <name>.text</name>
         <load_address>0x5a6a</load_address>
         <run_address>0x5a6a</run_address>
         <size>0x96</size>
         <input_file_ref idref="fl-f2"/>
      </object_component>
      <object_component id="oc-1e9">
         <name>.text:__aeabi_cdcmple</name>
         <load_address>0x5b00</load_address>
         <run_address>0x5b00</run_address>
         <size>0x86</size>
         <input_file_ref idref="fl-cc"/>
      </object_component>
      <object_component id="oc-1ee">
         <name>.text:__aeabi_cdrcmple</name>
         <load_address>0x5b86</load_address>
         <run_address>0x5b86</run_address>
         <size>0x86</size>
         <input_file_ref idref="fl-cc"/>
      </object_component>
      <object_component id="oc-93">
         <name>.text</name>
         <load_address>0x5c0c</load_address>
         <run_address>0x5c0c</run_address>
         <size>0x7a</size>
         <input_file_ref idref="fl-e5"/>
      </object_component>
      <object_component id="oc-24b">
         <name>.text:malloc</name>
         <load_address>0x5c88</load_address>
         <run_address>0x5c88</run_address>
         <size>0x78</size>
         <input_file_ref idref="fl-da"/>
      </object_component>
      <object_component id="oc-37e">
         <name>.text:_mcpy</name>
         <load_address>0x5d00</load_address>
         <run_address>0x5d00</run_address>
         <size>0x6e</size>
         <input_file_ref idref="fl-e9"/>
      </object_component>
      <object_component id="oc-107">
         <name>.text</name>
         <load_address>0x5d6e</load_address>
         <run_address>0x5d6e</run_address>
         <size>0x6e</size>
         <input_file_ref idref="fl-d0"/>
      </object_component>
      <object_component id="oc-12">
         <name>.text:decompress:lzss:__TI_decompress_lzss</name>
         <load_address>0x5ddc</load_address>
         <run_address>0x5ddc</run_address>
         <size>0x68</size>
         <input_file_ref idref="fl-d6"/>
      </object_component>
      <object_component id="oc-393">
         <name>.text:frexp</name>
         <load_address>0x5e44</load_address>
         <run_address>0x5e44</run_address>
         <size>0x64</size>
         <input_file_ref idref="fl-f0"/>
      </object_component>
      <object_component id="oc-2e1">
         <name>.text:_pconv_f</name>
         <load_address>0x5ea8</load_address>
         <run_address>0x5ea8</run_address>
         <size>0x56</size>
         <input_file_ref idref="fl-e9"/>
      </object_component>
      <object_component id="oc-372">
         <name>.text:ltoa</name>
         <load_address>0x5efe</load_address>
         <run_address>0x5efe</run_address>
         <size>0x54</size>
         <input_file_ref idref="fl-ec"/>
      </object_component>
      <object_component id="oc-378">
         <name>.text:_ecpy</name>
         <load_address>0x5f52</load_address>
         <run_address>0x5f52</run_address>
         <size>0x52</size>
         <input_file_ref idref="fl-e9"/>
      </object_component>
      <object_component id="oc-2cf">
         <name>.text:atoi</name>
         <load_address>0x5fa4</load_address>
         <run_address>0x5fa4</run_address>
         <size>0x4c</size>
         <input_file_ref idref="fl-ea"/>
      </object_component>
      <object_component id="oc-18c">
         <name>.text</name>
         <load_address>0x5ff0</load_address>
         <run_address>0x5ff0</run_address>
         <size>0x48</size>
         <input_file_ref idref="fl-cf"/>
      </object_component>
      <object_component id="oc-133">
         <name>.text:__TI_auto_init_nobinit_nopinit:__TI_auto_init_nobinit_nopinit</name>
         <load_address>0x6038</load_address>
         <run_address>0x6038</run_address>
         <size>0x44</size>
         <input_file_ref idref="fl-e6"/>
      </object_component>
      <object_component id="oc-114">
         <name>.text:sprintf</name>
         <load_address>0x607c</load_address>
         <run_address>0x607c</run_address>
         <size>0x40</size>
         <input_file_ref idref="fl-dd"/>
      </object_component>
      <object_component id="oc-1a7">
         <name>.text:vsnprintf</name>
         <load_address>0x60bc</load_address>
         <run_address>0x60bc</run_address>
         <size>0x40</size>
         <input_file_ref idref="fl-e0"/>
      </object_component>
      <object_component id="oc-38b">
         <name>.text:_fcpy</name>
         <load_address>0x60fc</load_address>
         <run_address>0x60fc</run_address>
         <size>0x3e</size>
         <input_file_ref idref="fl-e9"/>
      </object_component>
      <object_component id="oc-25e">
         <name>.text:minsert</name>
         <load_address>0x613c</load_address>
         <run_address>0x613c</run_address>
         <size>0x3c</size>
         <input_file_ref idref="fl-da"/>
      </object_component>
      <object_component id="oc-59">
         <name>.text:_c_int00_noargs:_c_int00_noargs</name>
         <load_address>0x6178</load_address>
         <run_address>0x6178</run_address>
         <size>0x38</size>
         <input_file_ref idref="fl-d7"/>
      </object_component>
      <object_component id="oc-252">
         <name>.text:minit</name>
         <load_address>0x61b0</load_address>
         <run_address>0x61b0</run_address>
         <size>0x38</size>
         <input_file_ref idref="fl-da"/>
      </object_component>
      <object_component id="oc-102">
         <name>.text</name>
         <load_address>0x61e8</load_address>
         <run_address>0x61e8</run_address>
         <size>0x38</size>
         <input_file_ref idref="fl-d1"/>
      </object_component>
      <object_component id="oc-180">
         <name>.text:IntRegister</name>
         <load_address>0x6220</load_address>
         <run_address>0x6220</run_address>
         <size>0x34</size>
         <input_file_ref idref="fl-e"/>
      </object_component>
      <object_component id="oc-28d">
         <name>.text:_outs</name>
         <load_address>0x6254</load_address>
         <run_address>0x6254</run_address>
         <size>0x30</size>
         <input_file_ref idref="fl-e0"/>
      </object_component>
      <object_component id="oc-f8">
         <name>.text</name>
         <load_address>0x6284</load_address>
         <run_address>0x6284</run_address>
         <size>0x2e</size>
         <input_file_ref idref="fl-d2"/>
      </object_component>
      <object_component id="oc-167">
         <name>.text:calloc</name>
         <load_address>0x62b2</load_address>
         <run_address>0x62b2</run_address>
         <size>0x2a</size>
         <input_file_ref idref="fl-da"/>
      </object_component>
      <object_component id="oc-258">
         <name>.text:mremove</name>
         <load_address>0x62dc</load_address>
         <run_address>0x62dc</run_address>
         <size>0x28</size>
         <input_file_ref idref="fl-da"/>
      </object_component>
      <object_component id="oc-2f3">
         <name>.text:memccpy</name>
         <load_address>0x6304</load_address>
         <run_address>0x6304</run_address>
         <size>0x1c</size>
         <input_file_ref idref="fl-ed"/>
      </object_component>
      <object_component id="oc-293">
         <name>.text:_outc</name>
         <load_address>0x6320</load_address>
         <run_address>0x6320</run_address>
         <size>0x18</size>
         <input_file_ref idref="fl-e0"/>
      </object_component>
      <object_component id="oc-207">
         <name>.text:_outs</name>
         <load_address>0x6338</load_address>
         <run_address>0x6338</run_address>
         <size>0x18</size>
         <input_file_ref idref="fl-dd"/>
      </object_component>
      <object_component id="oc-173">
         <name>.text:oi_parseInt</name>
         <load_address>0x6350</load_address>
         <run_address>0x6350</run_address>
         <size>0x18</size>
         <input_file_ref idref="fl-5"/>
      </object_component>
      <object_component id="oc-17a">
         <name>.text:strcmp</name>
         <load_address>0x6368</load_address>
         <run_address>0x6368</run_address>
         <size>0x18</size>
         <input_file_ref idref="fl-de"/>
      </object_component>
      <object_component id="oc-399">
         <name>.text:strchr</name>
         <load_address>0x6380</load_address>
         <run_address>0x6380</run_address>
         <size>0x16</size>
         <input_file_ref idref="fl-ee"/>
      </object_component>
      <object_component id="oc-2b5">
         <name>.text:copysign</name>
         <load_address>0x6396</load_address>
         <run_address>0x6396</run_address>
         <size>0x14</size>
         <input_file_ref idref="fl-ca"/>
      </object_component>
      <object_component id="oc-1ad">
         <name>.text:strcpy</name>
         <load_address>0x63aa</load_address>
         <run_address>0x63aa</run_address>
         <size>0x14</size>
         <input_file_ref idref="fl-df"/>
      </object_component>
      <object_component id="oc-2c9">
         <name>.text:strlen</name>
         <load_address>0x63be</load_address>
         <run_address>0x63be</run_address>
         <size>0x14</size>
         <input_file_ref idref="fl-ef"/>
      </object_component>
      <object_component id="oc-2f9">
         <name>.text:wcslen</name>
         <load_address>0x63d2</load_address>
         <run_address>0x63d2</run_address>
         <size>0x12</size>
         <input_file_ref idref="fl-f1"/>
      </object_component>
      <object_component id="oc-186">
         <name>.text:IntMasterEnable</name>
         <load_address>0x63e4</load_address>
         <run_address>0x63e4</run_address>
         <size>0x10</size>
         <input_file_ref idref="fl-e"/>
      </object_component>
      <object_component id="oc-1a0">
         <name>.text:lcd_clear</name>
         <load_address>0x63f4</load_address>
         <run_address>0x63f4</run_address>
         <size>0x10</size>
         <input_file_ref idref="fl-3"/>
      </object_component>
      <object_component id="oc-18">
         <name>.text:decompress:none:__TI_decompress_none</name>
         <load_address>0x6404</load_address>
         <run_address>0x6404</run_address>
         <size>0xe</size>
         <input_file_ref idref="fl-d5"/>
      </object_component>
      <object_component id="oc-274">
         <name>.text:CPUcpsie</name>
         <load_address>0x6412</load_address>
         <run_address>0x6412</run_address>
         <size>0xc</size>
         <input_file_ref idref="fl-f"/>
      </object_component>
      <object_component id="oc-4d">
         <name>.text:decompress:ZI:__TI_zero_init</name>
         <load_address>0x641e</load_address>
         <run_address>0x641e</run_address>
         <size>0xc</size>
         <input_file_ref idref="fl-d4"/>
      </object_component>
      <object_component id="oc-27">
         <name>.text</name>
         <load_address>0x642a</load_address>
         <run_address>0x642a</run_address>
         <size>0xc</size>
         <input_file_ref idref="fl-7"/>
      </object_component>
      <object_component id="oc-20d">
         <name>.text:_outc</name>
         <load_address>0x6436</load_address>
         <run_address>0x6436</run_address>
         <size>0xa</size>
         <input_file_ref idref="fl-dd"/>
      </object_component>
      <object_component id="oc-1e0">
         <name>.text:__aeabi_errno_addr</name>
         <load_address>0x6440</load_address>
         <run_address>0x6440</run_address>
         <size>0x8</size>
         <input_file_ref idref="fl-d8"/>
      </object_component>
      <object_component id="oc-99">
         <name>.text:_system_pre_init</name>
         <load_address>0x6448</load_address>
         <run_address>0x6448</run_address>
         <size>0x4</size>
         <input_file_ref idref="fl-e7"/>
      </object_component>
      <object_component id="oc-127">
         <name>.text:abort:abort</name>
         <load_address>0x644c</load_address>
         <run_address>0x644c</run_address>
         <size>0x4</size>
         <input_file_ref idref="fl-d9"/>
      </object_component>
      <object_component id="oc-317">
         <name>.const:$O1$$</name>
         <load_address>0x6450</load_address>
         <run_address>0x6450</run_address>
         <size>0x158</size>
         <input_file_ref idref="fl-e1"/>
      </object_component>
      <object_component id="oc-367">
         <name>.const:.string:_ctypes_</name>
         <load_address>0x65a8</load_address>
         <run_address>0x65a8</run_address>
         <size>0x101</size>
         <input_file_ref idref="fl-eb"/>
      </object_component>
      <object_component id="oc-1b3">
         <name>.const:.string:lineAddress$1</name>
         <load_address>0x66a9</load_address>
         <run_address>0x66a9</run_address>
         <size>0x4</size>
         <input_file_ref idref="fl-3"/>
      </object_component>
      <object_component id="oc-1e6">
         <name>.const:$O1$$</name>
         <load_address>0x66b0</load_address>
         <run_address>0x66b0</run_address>
         <size>0x30</size>
         <input_file_ref idref="fl-c5"/>
      </object_component>
      <object_component id="oc-197">
         <name>.const:.string:$P$T0$3</name>
         <load_address>0x66e0</load_address>
         <run_address>0x66e0</run_address>
         <size>0xf</size>
         <input_file_ref idref="fl-5"/>
      </object_component>
      <object_component id="oc-1b4">
         <name>.const:.string:lineAddresses$2</name>
         <load_address>0x66ef</load_address>
         <run_address>0x66ef</run_address>
         <size>0x4</size>
         <input_file_ref idref="fl-3"/>
      </object_component>
      <object_component id="oc-428">
         <name>.cinit..data.load</name>
         <load_address>0x66f8</load_address>
         <run_address>0x66f8</run_address>
         <size>0x26</size>
      </object_component>
      <object_component id="oc-425">
         <name>__TI_handler_table</name>
         <load_address>0x6720</load_address>
         <run_address>0x6720</run_address>
         <size>0xc</size>
      </object_component>
      <object_component id="oc-429">
         <name>.cinit..bss.load</name>
         <load_address>0x6730</load_address>
         <run_address>0x6730</run_address>
         <size>0x8</size>
      </object_component>
      <object_component id="oc-427">
         <name>.cinit..vtable.load</name>
         <load_address>0x6738</load_address>
         <run_address>0x6738</run_address>
         <size>0x8</size>
      </object_component>
      <object_component id="oc-426">
         <name>__TI_cinit_table</name>
         <load_address>0x6740</load_address>
         <run_address>0x6740</run_address>
         <size>0x18</size>
      </object_component>
      <object_component id="oc-26a">
         <name>.vtable</name>
         <uninitialized>true</uninitialized>
         <run_address>0x20000000</run_address>
         <size>0x26c</size>
         <input_file_ref idref="fl-e"/>
      </object_component>
      <object_component id="oc-eb">
         <name>.data</name>
         <load_address>0x20001204</load_address>
         <run_address>0x20001204</run_address>
         <size>0x18</size>
         <input_file_ref idref="fl-4"/>
      </object_component>
      <object_component id="oc-196">
         <name>.data</name>
         <load_address>0x2000121c</load_address>
         <run_address>0x2000121c</run_address>
         <size>0x10</size>
         <input_file_ref idref="fl-5"/>
      </object_component>
      <object_component id="oc-2ac">
         <name>.data</name>
         <load_address>0x20001240</load_address>
         <run_address>0x20001240</run_address>
         <size>0x4</size>
         <input_file_ref idref="fl-d8"/>
      </object_component>
      <object_component id="oc-264">
         <name>.data:$O1$$</name>
         <load_address>0x2000122c</load_address>
         <run_address>0x2000122c</run_address>
         <size>0xc</size>
         <input_file_ref idref="fl-da"/>
      </object_component>
      <object_component id="oc-22f">
         <name>.data:$O1$$</name>
         <load_address>0x20001238</load_address>
         <run_address>0x20001238</run_address>
         <size>0x8</size>
         <input_file_ref idref="fl-db"/>
      </object_component>
      <object_component id="oc-1b5">
         <name>.bss:lastbuffer$3</name>
         <uninitialized>true</uninitialized>
         <run_address>0x20001148</run_address>
         <size>0x54</size>
         <input_file_ref idref="fl-3"/>
      </object_component>
      <object_component id="oc-19a">
         <name>.bss:firmware$2</name>
         <uninitialized>true</uninitialized>
         <run_address>0x200011e4</run_address>
         <size>0x18</size>
         <input_file_ref idref="fl-5"/>
      </object_component>
      <object_component id="oc-113">
         <name>.common:finds</name>
         <uninitialized>true</uninitialized>
         <run_address>0x2000119c</run_address>
         <size>0x48</size>
      </object_component>
      <object_component id="oc-10c">
         <name>.common:sweepData</name>
         <uninitialized>true</uninitialized>
         <run_address>0x20000e70</run_address>
         <size>0x2d8</size>
      </object_component>
      <object_component id="oc-f1">
         <name>.common:x</name>
         <uninitialized>true</uninitialized>
         <run_address>0x200011fc</run_address>
         <size>0x4</size>
      </object_component>
      <object_component id="oc-ee">
         <name>.common:y</name>
         <uninitialized>true</uninitialized>
         <run_address>0x20001200</run_address>
         <size>0x4</size>
      </object_component>
      <object_component id="oc-24">
         <name>.sysmem</name>
         <uninitialized>true</uninitialized>
         <run_address>0x20000a70</run_address>
         <size>0x8</size>
         <input_file_ref idref="fl-da"/>
      </object_component>
      <object_component id="oc-42b">
         <name>.sysmem</name>
         <uninitialized>true</uninitialized>
         <run_address>0x20000a70</run_address>
         <size>0x0</size>
      </object_component>
      <object_component id="oc-21">
         <name>.stack</name>
         <uninitialized>true</uninitialized>
         <run_address>0x20000270</run_address>
         <size>0x4</size>
         <input_file_ref idref="fl-d7"/>
      </object_component>
      <object_component id="oc-42a">
         <name>.stack</name>
         <uninitialized>true</uninitialized>
         <run_address>0x20000270</run_address>
         <size>0x0</size>
      </object_component>
      <object_component id="oc-c2">
         <name>.debug_info</name>
         <load_address>0x0</load_address>
         <run_address>0x0</run_address>
         <size>0x266</size>
         <input_file_ref idref="fl-2"/>
      </object_component>
      <object_component id="oc-da">
         <name>.debug_info</name>
         <load_address>0x266</load_address>
         <run_address>0x266</run_address>
         <size>0x1ab</size>
         <input_file_ref idref="fl-2"/>
      </object_component>
      <object_component id="oc-74">
         <name>.debug_info</name>
         <load_address>0x411</load_address>
         <run_address>0x411</run_address>
         <size>0x26b</size>
         <input_file_ref idref="fl-2"/>
      </object_component>
      <object_component id="oc-36">
         <name>.debug_info</name>
         <load_address>0x67c</load_address>
         <run_address>0x67c</run_address>
         <size>0x84</size>
         <input_file_ref idref="fl-2"/>
      </object_component>
      <object_component id="oc-bd">
         <name>.debug_info</name>
         <load_address>0x700</load_address>
         <run_address>0x700</run_address>
         <size>0x297</size>
         <input_file_ref idref="fl-2"/>
      </object_component>
      <object_component id="oc-79">
         <name>.debug_info</name>
         <load_address>0x997</load_address>
         <run_address>0x997</run_address>
         <size>0xbb</size>
         <input_file_ref idref="fl-2"/>
      </object_component>
      <object_component id="oc-286">
         <name>.debug_info</name>
         <load_address>0xa52</load_address>
         <run_address>0xa52</run_address>
         <size>0xcc</size>
         <input_file_ref idref="fl-2"/>
      </object_component>
      <object_component id="oc-1b8">
         <name>.debug_info</name>
         <load_address>0xb1e</load_address>
         <run_address>0xb1e</run_address>
         <size>0x2c</size>
         <input_file_ref idref="fl-2"/>
      </object_component>
      <object_component id="oc-1b7">
         <name>.debug_info</name>
         <load_address>0xb4a</load_address>
         <run_address>0xb4a</run_address>
         <size>0x38a</size>
         <input_file_ref idref="fl-3"/>
      </object_component>
      <object_component id="oc-1a1">
         <name>.debug_info</name>
         <load_address>0xed4</load_address>
         <run_address>0xed4</run_address>
         <size>0x125</size>
         <input_file_ref idref="fl-3"/>
      </object_component>
      <object_component id="oc-e6">
         <name>.debug_info</name>
         <load_address>0xff9</load_address>
         <run_address>0xff9</run_address>
         <size>0x843</size>
         <input_file_ref idref="fl-3"/>
      </object_component>
      <object_component id="oc-ef">
         <name>.debug_info</name>
         <load_address>0x183c</load_address>
         <run_address>0x183c</run_address>
         <size>0x5a4</size>
         <input_file_ref idref="fl-4"/>
      </object_component>
      <object_component id="oc-ec">
         <name>.debug_info</name>
         <load_address>0x1de0</load_address>
         <run_address>0x1de0</run_address>
         <size>0x189</size>
         <input_file_ref idref="fl-4"/>
      </object_component>
      <object_component id="oc-a0">
         <name>.debug_info</name>
         <load_address>0x1f69</load_address>
         <run_address>0x1f69</run_address>
         <size>0x126d</size>
         <input_file_ref idref="fl-4"/>
      </object_component>
      <object_component id="oc-1bf">
         <name>.debug_info</name>
         <load_address>0x31d6</load_address>
         <run_address>0x31d6</run_address>
         <size>0x103</size>
         <input_file_ref idref="fl-4"/>
      </object_component>
      <object_component id="oc-1c6">
         <name>.debug_info</name>
         <load_address>0x32d9</load_address>
         <run_address>0x32d9</run_address>
         <size>0x5aa</size>
         <input_file_ref idref="fl-4"/>
      </object_component>
      <object_component id="oc-1cc">
         <name>.debug_info</name>
         <load_address>0x3883</load_address>
         <run_address>0x3883</run_address>
         <size>0x2c</size>
         <input_file_ref idref="fl-4"/>
      </object_component>
      <object_component id="oc-19c">
         <name>.debug_info</name>
         <load_address>0x38af</load_address>
         <run_address>0x38af</run_address>
         <size>0x3e2</size>
         <input_file_ref idref="fl-5"/>
      </object_component>
      <object_component id="oc-198">
         <name>.debug_info</name>
         <load_address>0x3c91</load_address>
         <run_address>0x3c91</run_address>
         <size>0xd7</size>
         <input_file_ref idref="fl-5"/>
      </object_component>
      <object_component id="oc-174">
         <name>.debug_info</name>
         <load_address>0x3d68</load_address>
         <run_address>0x3d68</run_address>
         <size>0x14f</size>
         <input_file_ref idref="fl-5"/>
      </object_component>
      <object_component id="oc-d4">
         <name>.debug_info</name>
         <load_address>0x3eb7</load_address>
         <run_address>0x3eb7</run_address>
         <size>0x14e9</size>
         <input_file_ref idref="fl-5"/>
      </object_component>
      <object_component id="oc-f4">
         <name>.debug_info</name>
         <load_address>0x53a0</load_address>
         <run_address>0x53a0</run_address>
         <size>0x3f5</size>
         <input_file_ref idref="fl-6"/>
      </object_component>
      <object_component id="oc-2f">
         <name>.debug_info</name>
         <load_address>0x5795</load_address>
         <run_address>0x5795</run_address>
         <size>0x2ac</size>
         <input_file_ref idref="fl-7"/>
      </object_component>
      <object_component id="oc-10">
         <name>.debug_info</name>
         <load_address>0x5a41</load_address>
         <run_address>0x5a41</run_address>
         <size>0xeb</size>
         <input_file_ref idref="fl-7"/>
      </object_component>
      <object_component id="oc-28">
         <name>.debug_info</name>
         <load_address>0x5b2c</load_address>
         <run_address>0x5b2c</run_address>
         <size>0x267</size>
         <input_file_ref idref="fl-7"/>
      </object_component>
      <object_component id="oc-19f">
         <name>.debug_info</name>
         <load_address>0x5d93</load_address>
         <run_address>0x5d93</run_address>
         <size>0x265</size>
         <input_file_ref idref="fl-8"/>
      </object_component>
      <object_component id="oc-e0">
         <name>.debug_info</name>
         <load_address>0x5ff8</load_address>
         <run_address>0x5ff8</run_address>
         <size>0x272</size>
         <input_file_ref idref="fl-8"/>
      </object_component>
      <object_component id="oc-273">
         <name>.debug_info</name>
         <load_address>0x626a</load_address>
         <run_address>0x626a</run_address>
         <size>0x20e</size>
         <input_file_ref idref="fl-e"/>
      </object_component>
      <object_component id="oc-26b">
         <name>.debug_info</name>
         <load_address>0x6478</load_address>
         <run_address>0x6478</run_address>
         <size>0x157</size>
         <input_file_ref idref="fl-e"/>
      </object_component>
      <object_component id="oc-182">
         <name>.debug_info</name>
         <load_address>0x65cf</load_address>
         <run_address>0x65cf</run_address>
         <size>0x2c1</size>
         <input_file_ref idref="fl-e"/>
      </object_component>
      <object_component id="oc-188">
         <name>.debug_info</name>
         <load_address>0x6890</load_address>
         <run_address>0x6890</run_address>
         <size>0x23e</size>
         <input_file_ref idref="fl-e"/>
      </object_component>
      <object_component id="oc-27b">
         <name>.debug_info</name>
         <load_address>0x6ace</load_address>
         <run_address>0x6ace</run_address>
         <size>0x8b</size>
         <input_file_ref idref="fl-e"/>
      </object_component>
      <object_component id="oc-26e">
         <name>.debug_info</name>
         <load_address>0x6b59</load_address>
         <run_address>0x6b59</run_address>
         <size>0x18b</size>
         <input_file_ref idref="fl-e"/>
      </object_component>
      <object_component id="oc-276">
         <name>.debug_info</name>
         <load_address>0x6ce4</load_address>
         <run_address>0x6ce4</run_address>
         <size>0x212</size>
         <input_file_ref idref="fl-f"/>
      </object_component>
      <object_component id="oc-1ff">
         <name>.debug_info</name>
         <load_address>0x6ef6</load_address>
         <run_address>0x6ef6</run_address>
         <size>0x358</size>
         <input_file_ref idref="fl-c5"/>
      </object_component>
      <object_component id="oc-1e7">
         <name>.debug_info</name>
         <load_address>0x724e</load_address>
         <run_address>0x724e</run_address>
         <size>0x11d</size>
         <input_file_ref idref="fl-c5"/>
      </object_component>
      <object_component id="oc-110">
         <name>.debug_info</name>
         <load_address>0x736b</load_address>
         <run_address>0x736b</run_address>
         <size>0xbd9</size>
         <input_file_ref idref="fl-c5"/>
      </object_component>
      <object_component id="oc-2c2">
         <name>.debug_info</name>
         <load_address>0x7f44</load_address>
         <run_address>0x7f44</run_address>
         <size>0x46</size>
         <input_file_ref idref="fl-c5"/>
      </object_component>
      <object_component id="oc-1fa">
         <name>.debug_info</name>
         <load_address>0x7f8a</load_address>
         <run_address>0x7f8a</run_address>
         <size>0x39</size>
         <input_file_ref idref="fl-c5"/>
      </object_component>
      <object_component id="oc-2ab">
         <name>.debug_info</name>
         <load_address>0x7fc3</load_address>
         <run_address>0x7fc3</run_address>
         <size>0x2bf</size>
         <input_file_ref idref="fl-c6"/>
      </object_component>
      <object_component id="oc-1dd">
         <name>.debug_info</name>
         <load_address>0x8282</load_address>
         <run_address>0x8282</run_address>
         <size>0x242</size>
         <input_file_ref idref="fl-c6"/>
      </object_component>
      <object_component id="oc-228">
         <name>.debug_info</name>
         <load_address>0x84c4</load_address>
         <run_address>0x84c4</run_address>
         <size>0x390</size>
         <input_file_ref idref="fl-c7"/>
      </object_component>
      <object_component id="oc-11e">
         <name>.debug_info</name>
         <load_address>0x8854</load_address>
         <run_address>0x8854</run_address>
         <size>0x790</size>
         <input_file_ref idref="fl-c7"/>
      </object_component>
      <object_component id="oc-2bc">
         <name>.debug_info</name>
         <load_address>0x8fe4</load_address>
         <run_address>0x8fe4</run_address>
         <size>0x2f2</size>
         <input_file_ref idref="fl-c8"/>
      </object_component>
      <object_component id="oc-1f7">
         <name>.debug_info</name>
         <load_address>0x92d6</load_address>
         <run_address>0x92d6</run_address>
         <size>0x21a</size>
         <input_file_ref idref="fl-c8"/>
      </object_component>
      <object_component id="oc-360">
         <name>.debug_info</name>
         <load_address>0x94f0</load_address>
         <run_address>0x94f0</run_address>
         <size>0x39</size>
         <input_file_ref idref="fl-c8"/>
      </object_component>
      <object_component id="oc-2bd">
         <name>.debug_info</name>
         <load_address>0x9529</load_address>
         <run_address>0x9529</run_address>
         <size>0x2c</size>
         <input_file_ref idref="fl-c8"/>
      </object_component>
      <object_component id="oc-22a">
         <name>.debug_info</name>
         <load_address>0x9555</load_address>
         <run_address>0x9555</run_address>
         <size>0x390</size>
         <input_file_ref idref="fl-c9"/>
      </object_component>
      <object_component id="oc-124">
         <name>.debug_info</name>
         <load_address>0x98e5</load_address>
         <run_address>0x98e5</run_address>
         <size>0x78b</size>
         <input_file_ref idref="fl-c9"/>
      </object_component>
      <object_component id="oc-2b7">
         <name>.debug_info</name>
         <load_address>0xa070</load_address>
         <run_address>0xa070</run_address>
         <size>0x156</size>
         <input_file_ref idref="fl-ca"/>
      </object_component>
      <object_component id="oc-1d7">
         <name>.debug_info</name>
         <load_address>0xa1c6</load_address>
         <run_address>0xa1c6</run_address>
         <size>0x144</size>
         <input_file_ref idref="fl-cb"/>
      </object_component>
      <object_component id="oc-1ea">
         <name>.debug_info</name>
         <load_address>0xa30a</load_address>
         <run_address>0xa30a</run_address>
         <size>0x120</size>
         <input_file_ref idref="fl-cc"/>
      </object_component>
      <object_component id="oc-1ef">
         <name>.debug_info</name>
         <load_address>0xa42a</load_address>
         <run_address>0xa42a</run_address>
         <size>0x122</size>
         <input_file_ref idref="fl-cc"/>
      </object_component>
      <object_component id="oc-193">
         <name>.debug_info</name>
         <load_address>0xa54c</load_address>
         <run_address>0xa54c</run_address>
         <size>0x132</size>
         <input_file_ref idref="fl-cd"/>
      </object_component>
      <object_component id="oc-fe">
         <name>.debug_info</name>
         <load_address>0xa67e</load_address>
         <run_address>0xa67e</run_address>
         <size>0x132</size>
         <input_file_ref idref="fl-ce"/>
      </object_component>
      <object_component id="oc-18e">
         <name>.debug_info</name>
         <load_address>0xa7b0</load_address>
         <run_address>0xa7b0</run_address>
         <size>0x126</size>
         <input_file_ref idref="fl-cf"/>
      </object_component>
      <object_component id="oc-109">
         <name>.debug_info</name>
         <load_address>0xa8d6</load_address>
         <run_address>0xa8d6</run_address>
         <size>0x136</size>
         <input_file_ref idref="fl-d0"/>
      </object_component>
      <object_component id="oc-105">
         <name>.debug_info</name>
         <load_address>0xaa0c</load_address>
         <run_address>0xaa0c</run_address>
         <size>0x124</size>
         <input_file_ref idref="fl-d1"/>
      </object_component>
      <object_component id="oc-f9">
         <name>.debug_info</name>
         <load_address>0xab30</load_address>
         <run_address>0xab30</run_address>
         <size>0x124</size>
         <input_file_ref idref="fl-d2"/>
      </object_component>
      <object_component id="oc-3e">
         <name>.debug_info</name>
         <load_address>0xac54</load_address>
         <run_address>0xac54</run_address>
         <size>0x111</size>
         <input_file_ref idref="fl-d3"/>
      </object_component>
      <object_component id="oc-92">
         <name>.debug_info</name>
         <load_address>0xad65</load_address>
         <run_address>0xad65</run_address>
         <size>0x313</size>
         <input_file_ref idref="fl-d4"/>
      </object_component>
      <object_component id="oc-4e">
         <name>.debug_info</name>
         <load_address>0xb078</load_address>
         <run_address>0xb078</run_address>
         <size>0x1aa</size>
         <input_file_ref idref="fl-d4"/>
      </object_component>
      <object_component id="oc-8d">
         <name>.debug_info</name>
         <load_address>0xb222</load_address>
         <run_address>0xb222</run_address>
         <size>0x46</size>
         <input_file_ref idref="fl-d4"/>
      </object_component>
      <object_component id="oc-ca">
         <name>.debug_info</name>
         <load_address>0xb268</load_address>
         <run_address>0xb268</run_address>
         <size>0x2c</size>
         <input_file_ref idref="fl-d4"/>
      </object_component>
      <object_component id="oc-46">
         <name>.debug_info</name>
         <load_address>0xb294</load_address>
         <run_address>0xb294</run_address>
         <size>0x29d</size>
         <input_file_ref idref="fl-d5"/>
      </object_component>
      <object_component id="oc-19">
         <name>.debug_info</name>
         <load_address>0xb531</load_address>
         <run_address>0xb531</run_address>
         <size>0x1df</size>
         <input_file_ref idref="fl-d5"/>
      </object_component>
      <object_component id="oc-41">
         <name>.debug_info</name>
         <load_address>0xb710</load_address>
         <run_address>0xb710</run_address>
         <size>0x46</size>
         <input_file_ref idref="fl-d5"/>
      </object_component>
      <object_component id="oc-85">
         <name>.debug_info</name>
         <load_address>0xb756</load_address>
         <run_address>0xb756</run_address>
         <size>0x2c</size>
         <input_file_ref idref="fl-d5"/>
      </object_component>
      <object_component id="oc-83">
         <name>.debug_info</name>
         <load_address>0xb782</load_address>
         <run_address>0xb782</run_address>
         <size>0x293</size>
         <input_file_ref idref="fl-d6"/>
      </object_component>
      <object_component id="oc-14">
         <name>.debug_info</name>
         <load_address>0xba15</load_address>
         <run_address>0xba15</run_address>
         <size>0x245</size>
         <input_file_ref idref="fl-d6"/>
      </object_component>
      <object_component id="oc-31">
         <name>.debug_info</name>
         <load_address>0xbc5a</load_address>
         <run_address>0xbc5a</run_address>
         <size>0x60</size>
         <input_file_ref idref="fl-d6"/>
      </object_component>
      <object_component id="oc-c3">
         <name>.debug_info</name>
         <load_address>0xbcba</load_address>
         <run_address>0xbcba</run_address>
         <size>0x46</size>
         <input_file_ref idref="fl-d6"/>
      </object_component>
      <object_component id="oc-7e">
         <name>.debug_info</name>
         <load_address>0xbd00</load_address>
         <run_address>0xbd00</run_address>
         <size>0x39</size>
         <input_file_ref idref="fl-d6"/>
      </object_component>
      <object_component id="oc-22">
         <name>.debug_info</name>
         <load_address>0xbd39</load_address>
         <run_address>0xbd39</run_address>
         <size>0x100</size>
         <input_file_ref idref="fl-d7"/>
      </object_component>
      <object_component id="oc-5d">
         <name>.debug_info</name>
         <load_address>0xbe39</load_address>
         <run_address>0xbe39</run_address>
         <size>0x1a4</size>
         <input_file_ref idref="fl-d7"/>
      </object_component>
      <object_component id="oc-2b0">
         <name>.debug_info</name>
         <load_address>0xbfdd</load_address>
         <run_address>0xbfdd</run_address>
         <size>0x27e</size>
         <input_file_ref idref="fl-d8"/>
      </object_component>
      <object_component id="oc-2ad">
         <name>.debug_info</name>
         <load_address>0xc25b</load_address>
         <run_address>0xc25b</run_address>
         <size>0x103</size>
         <input_file_ref idref="fl-d8"/>
      </object_component>
      <object_component id="oc-1e3">
         <name>.debug_info</name>
         <load_address>0xc35e</load_address>
         <run_address>0xc35e</run_address>
         <size>0x143</size>
         <input_file_ref idref="fl-d8"/>
      </object_component>
      <object_component id="oc-12a">
         <name>.debug_info</name>
         <load_address>0xc4a1</load_address>
         <run_address>0xc4a1</run_address>
         <size>0x117</size>
         <input_file_ref idref="fl-d9"/>
      </object_component>
      <object_component id="oc-6f">
         <name>.debug_info</name>
         <load_address>0xc5b8</load_address>
         <run_address>0xc5b8</run_address>
         <size>0x3bb</size>
         <input_file_ref idref="fl-da"/>
      </object_component>
      <object_component id="oc-25">
         <name>.debug_info</name>
         <load_address>0xc973</load_address>
         <run_address>0xc973</run_address>
         <size>0x101</size>
         <input_file_ref idref="fl-da"/>
      </object_component>
      <object_component id="oc-265">
         <name>.debug_info</name>
         <load_address>0xca74</load_address>
         <run_address>0xca74</run_address>
         <size>0x14c</size>
         <input_file_ref idref="fl-da"/>
      </object_component>
      <object_component id="oc-253">
         <name>.debug_info</name>
         <load_address>0xcbc0</load_address>
         <run_address>0xcbc0</run_address>
         <size>0x139</size>
         <input_file_ref idref="fl-da"/>
      </object_component>
      <object_component id="oc-259">
         <name>.debug_info</name>
         <load_address>0xccf9</load_address>
         <run_address>0xccf9</run_address>
         <size>0x174</size>
         <input_file_ref idref="fl-da"/>
      </object_component>
      <object_component id="oc-25f">
         <name>.debug_info</name>
         <load_address>0xce6d</load_address>
         <run_address>0xce6d</run_address>
         <size>0x172</size>
         <input_file_ref idref="fl-da"/>
      </object_component>
      <object_component id="oc-24c">
         <name>.debug_info</name>
         <load_address>0xcfdf</load_address>
         <run_address>0xcfdf</run_address>
         <size>0x1db</size>
         <input_file_ref idref="fl-da"/>
      </object_component>
      <object_component id="oc-16e">
         <name>.debug_info</name>
         <load_address>0xd1ba</load_address>
         <run_address>0xd1ba</run_address>
         <size>0x1e6</size>
         <input_file_ref idref="fl-da"/>
      </object_component>
      <object_component id="oc-168">
         <name>.debug_info</name>
         <load_address>0xd3a0</load_address>
         <run_address>0xd3a0</run_address>
         <size>0x1b1</size>
         <input_file_ref idref="fl-da"/>
      </object_component>
      <object_component id="oc-b3">
         <name>.debug_info</name>
         <load_address>0xd551</load_address>
         <run_address>0xd551</run_address>
         <size>0x2c</size>
         <input_file_ref idref="fl-da"/>
      </object_component>
      <object_component id="oc-b8">
         <name>.debug_info</name>
         <load_address>0xd57d</load_address>
         <run_address>0xd57d</run_address>
         <size>0x62</size>
         <input_file_ref idref="fl-da"/>
      </object_component>
      <object_component id="oc-32d">
         <name>.debug_info</name>
         <load_address>0xd5df</load_address>
         <run_address>0xd5df</run_address>
         <size>0x2be</size>
         <input_file_ref idref="fl-db"/>
      </object_component>
      <object_component id="oc-230">
         <name>.debug_info</name>
         <load_address>0xd89d</load_address>
         <run_address>0xd89d</run_address>
         <size>0x113</size>
         <input_file_ref idref="fl-db"/>
      </object_component>
      <object_component id="oc-328">
         <name>.debug_info</name>
         <load_address>0xd9b0</load_address>
         <run_address>0xd9b0</run_address>
         <size>0x123</size>
         <input_file_ref idref="fl-db"/>
      </object_component>
      <object_component id="oc-214">
         <name>.debug_info</name>
         <load_address>0xdad3</load_address>
         <run_address>0xdad3</run_address>
         <size>0x328</size>
         <input_file_ref idref="fl-dd"/>
      </object_component>
      <object_component id="oc-115">
         <name>.debug_info</name>
         <load_address>0xddfb</load_address>
         <run_address>0xddfb</run_address>
         <size>0x1c6</size>
         <input_file_ref idref="fl-dd"/>
      </object_component>
      <object_component id="oc-208">
         <name>.debug_info</name>
         <load_address>0xdfc1</load_address>
         <run_address>0xdfc1</run_address>
         <size>0x182</size>
         <input_file_ref idref="fl-dd"/>
      </object_component>
      <object_component id="oc-20f">
         <name>.debug_info</name>
         <load_address>0xe143</load_address>
         <run_address>0xe143</run_address>
         <size>0x162</size>
         <input_file_ref idref="fl-dd"/>
      </object_component>
      <object_component id="oc-29b">
         <name>.debug_info</name>
         <load_address>0xe2a5</load_address>
         <run_address>0xe2a5</run_address>
         <size>0x2c</size>
         <input_file_ref idref="fl-dd"/>
      </object_component>
      <object_component id="oc-269">
         <name>.debug_info</name>
         <load_address>0xe2d1</load_address>
         <run_address>0xe2d1</run_address>
         <size>0x27f</size>
         <input_file_ref idref="fl-de"/>
      </object_component>
      <object_component id="oc-17c">
         <name>.debug_info</name>
         <load_address>0xe550</load_address>
         <run_address>0xe550</run_address>
         <size>0x258</size>
         <input_file_ref idref="fl-de"/>
      </object_component>
      <object_component id="oc-2a6">
         <name>.debug_info</name>
         <load_address>0xe7a8</load_address>
         <run_address>0xe7a8</run_address>
         <size>0x299</size>
         <input_file_ref idref="fl-df"/>
      </object_component>
      <object_component id="oc-1ae">
         <name>.debug_info</name>
         <load_address>0xea41</load_address>
         <run_address>0xea41</run_address>
         <size>0x231</size>
         <input_file_ref idref="fl-df"/>
      </object_component>
      <object_component id="oc-29a">
         <name>.debug_info</name>
         <load_address>0xec72</load_address>
         <run_address>0xec72</run_address>
         <size>0x335</size>
         <input_file_ref idref="fl-e0"/>
      </object_component>
      <object_component id="oc-1aa">
         <name>.debug_info</name>
         <load_address>0xefa7</load_address>
         <run_address>0xefa7</run_address>
         <size>0x1fd</size>
         <input_file_ref idref="fl-e0"/>
      </object_component>
      <object_component id="oc-28e">
         <name>.debug_info</name>
         <load_address>0xf1a4</load_address>
         <run_address>0xf1a4</run_address>
         <size>0x1bb</size>
         <input_file_ref idref="fl-e0"/>
      </object_component>
      <object_component id="oc-296">
         <name>.debug_info</name>
         <load_address>0xf35f</load_address>
         <run_address>0xf35f</run_address>
         <size>0x16e</size>
         <input_file_ref idref="fl-e0"/>
      </object_component>
      <object_component id="oc-2a0">
         <name>.debug_info</name>
         <load_address>0xf4cd</load_address>
         <run_address>0xf4cd</run_address>
         <size>0x69</size>
         <input_file_ref idref="fl-e0"/>
      </object_component>
      <object_component id="oc-31b">
         <name>.debug_info</name>
         <load_address>0xf536</load_address>
         <run_address>0xf536</run_address>
         <size>0x39f</size>
         <input_file_ref idref="fl-e1"/>
      </object_component>
      <object_component id="oc-318">
         <name>.debug_info</name>
         <load_address>0xf8d5</load_address>
         <run_address>0xf8d5</run_address>
         <size>0x12f</size>
         <input_file_ref idref="fl-e1"/>
      </object_component>
      <object_component id="oc-21c">
         <name>.debug_info</name>
         <load_address>0xfa04</load_address>
         <run_address>0xfa04</run_address>
         <size>0x724</size>
         <input_file_ref idref="fl-e1"/>
      </object_component>
      <object_component id="oc-310">
         <name>.debug_info</name>
         <load_address>0x10128</load_address>
         <run_address>0x10128</run_address>
         <size>0x282</size>
         <input_file_ref idref="fl-e2"/>
      </object_component>
      <object_component id="oc-216">
         <name>.debug_info</name>
         <load_address>0x103aa</load_address>
         <run_address>0x103aa</run_address>
         <size>0x31c</size>
         <input_file_ref idref="fl-e2"/>
      </object_component>
      <object_component id="oc-31e">
         <name>.debug_info</name>
         <load_address>0x106c6</load_address>
         <run_address>0x106c6</run_address>
         <size>0x287</size>
         <input_file_ref idref="fl-e3"/>
      </object_component>
      <object_component id="oc-222">
         <name>.debug_info</name>
         <load_address>0x1094d</load_address>
         <run_address>0x1094d</run_address>
         <size>0x375</size>
         <input_file_ref idref="fl-e3"/>
      </object_component>
      <object_component id="oc-3b8">
         <name>.debug_info</name>
         <load_address>0x10cc2</load_address>
         <run_address>0x10cc2</run_address>
         <size>0x284</size>
         <input_file_ref idref="fl-e4"/>
      </object_component>
      <object_component id="oc-312">
         <name>.debug_info</name>
         <load_address>0x10f46</load_address>
         <run_address>0x10f46</run_address>
         <size>0x21f</size>
         <input_file_ref idref="fl-e4"/>
      </object_component>
      <object_component id="oc-94">
         <name>.debug_info</name>
         <load_address>0x11165</load_address>
         <run_address>0x11165</run_address>
         <size>0x13f</size>
         <input_file_ref idref="fl-e5"/>
      </object_component>
      <object_component id="oc-236">
         <name>.debug_info</name>
         <load_address>0x112a4</load_address>
         <run_address>0x112a4</run_address>
         <size>0x547</size>
         <input_file_ref idref="fl-e6"/>
      </object_component>
      <object_component id="oc-134">
         <name>.debug_info</name>
         <load_address>0x117eb</load_address>
         <run_address>0x117eb</run_address>
         <size>0x19b</size>
         <input_file_ref idref="fl-e6"/>
      </object_component>
      <object_component id="oc-333">
         <name>.debug_info</name>
         <load_address>0x11986</load_address>
         <run_address>0x11986</run_address>
         <size>0x39</size>
         <input_file_ref idref="fl-e6"/>
      </object_component>
      <object_component id="oc-3c2">
         <name>.debug_info</name>
         <load_address>0x119bf</load_address>
         <run_address>0x119bf</run_address>
         <size>0x39</size>
         <input_file_ref idref="fl-e6"/>
      </object_component>
      <object_component id="oc-338">
         <name>.debug_info</name>
         <load_address>0x119f8</load_address>
         <run_address>0x119f8</run_address>
         <size>0x39</size>
         <input_file_ref idref="fl-e6"/>
      </object_component>
      <object_component id="oc-33d">
         <name>.debug_info</name>
         <load_address>0x11a31</load_address>
         <run_address>0x11a31</run_address>
         <size>0xcd</size>
         <input_file_ref idref="fl-e6"/>
      </object_component>
      <object_component id="oc-9a">
         <name>.debug_info</name>
         <load_address>0x11afe</load_address>
         <run_address>0x11afe</run_address>
         <size>0x148</size>
         <input_file_ref idref="fl-e7"/>
      </object_component>
      <object_component id="oc-300">
         <name>.debug_info</name>
         <load_address>0x11c46</load_address>
         <run_address>0x11c46</run_address>
         <size>0x8a6</size>
         <input_file_ref idref="fl-e9"/>
      </object_component>
      <object_component id="oc-2d8">
         <name>.debug_info</name>
         <load_address>0x124ec</load_address>
         <run_address>0x124ec</run_address>
         <size>0x213</size>
         <input_file_ref idref="fl-e9"/>
      </object_component>
      <object_component id="oc-37b">
         <name>.debug_info</name>
         <load_address>0x126ff</load_address>
         <run_address>0x126ff</run_address>
         <size>0x1a8</size>
         <input_file_ref idref="fl-e9"/>
      </object_component>
      <object_component id="oc-382">
         <name>.debug_info</name>
         <load_address>0x128a7</load_address>
         <run_address>0x128a7</run_address>
         <size>0x210</size>
         <input_file_ref idref="fl-e9"/>
      </object_component>
      <object_component id="oc-2df">
         <name>.debug_info</name>
         <load_address>0x12ab7</load_address>
         <run_address>0x12ab7</run_address>
         <size>0x3b0</size>
         <input_file_ref idref="fl-e9"/>
      </object_component>
      <object_component id="oc-389">
         <name>.debug_info</name>
         <load_address>0x12e67</load_address>
         <run_address>0x12e67</run_address>
         <size>0x2fa</size>
         <input_file_ref idref="fl-e9"/>
      </object_component>
      <object_component id="oc-38f">
         <name>.debug_info</name>
         <load_address>0x13161</load_address>
         <run_address>0x13161</run_address>
         <size>0x20a</size>
         <input_file_ref idref="fl-e9"/>
      </object_component>
      <object_component id="oc-2e5">
         <name>.debug_info</name>
         <load_address>0x1336b</load_address>
         <run_address>0x1336b</run_address>
         <size>0x20a</size>
         <input_file_ref idref="fl-e9"/>
      </object_component>
      <object_component id="oc-2eb">
         <name>.debug_info</name>
         <load_address>0x13575</load_address>
         <run_address>0x13575</run_address>
         <size>0x2f9</size>
         <input_file_ref idref="fl-e9"/>
      </object_component>
      <object_component id="oc-2f1">
         <name>.debug_info</name>
         <load_address>0x1386e</load_address>
         <run_address>0x1386e</run_address>
         <size>0x4a5</size>
         <input_file_ref idref="fl-e9"/>
      </object_component>
      <object_component id="oc-205">
         <name>.debug_info</name>
         <load_address>0x13d13</load_address>
         <run_address>0x13d13</run_address>
         <size>0x5cd</size>
         <input_file_ref idref="fl-e9"/>
      </object_component>
      <object_component id="oc-301">
         <name>.debug_info</name>
         <load_address>0x142e0</load_address>
         <run_address>0x142e0</run_address>
         <size>0x86</size>
         <input_file_ref idref="fl-e9"/>
      </object_component>
      <object_component id="oc-3ab">
         <name>.debug_info</name>
         <load_address>0x14366</load_address>
         <run_address>0x14366</run_address>
         <size>0x39</size>
         <input_file_ref idref="fl-e9"/>
      </object_component>
      <object_component id="oc-3ee">
         <name>.debug_info</name>
         <load_address>0x1439f</load_address>
         <run_address>0x1439f</run_address>
         <size>0xb6</size>
         <input_file_ref idref="fl-e9"/>
      </object_component>
      <object_component id="oc-3b0">
         <name>.debug_info</name>
         <load_address>0x14455</load_address>
         <run_address>0x14455</run_address>
         <size>0x46</size>
         <input_file_ref idref="fl-e9"/>
      </object_component>
      <object_component id="oc-306">
         <name>.debug_info</name>
         <load_address>0x1449b</load_address>
         <run_address>0x1449b</run_address>
         <size>0x46</size>
         <input_file_ref idref="fl-e9"/>
      </object_component>
      <object_component id="oc-36b">
         <name>.debug_info</name>
         <load_address>0x144e1</load_address>
         <run_address>0x144e1</run_address>
         <size>0x2ae</size>
         <input_file_ref idref="fl-ea"/>
      </object_component>
      <object_component id="oc-2d3">
         <name>.debug_info</name>
         <load_address>0x1478f</load_address>
         <run_address>0x1478f</run_address>
         <size>0x171</size>
         <input_file_ref idref="fl-ea"/>
      </object_component>
      <object_component id="oc-3d2">
         <name>.debug_info</name>
         <load_address>0x14900</load_address>
         <run_address>0x14900</run_address>
         <size>0xee</size>
         <input_file_ref idref="fl-eb"/>
      </object_component>
      <object_component id="oc-368">
         <name>.debug_info</name>
         <load_address>0x149ee</load_address>
         <run_address>0x149ee</run_address>
         <size>0xfa</size>
         <input_file_ref idref="fl-eb"/>
      </object_component>
      <object_component id="oc-3dc">
         <name>.debug_info</name>
         <load_address>0x14ae8</load_address>
         <run_address>0x14ae8</run_address>
         <size>0x290</size>
         <input_file_ref idref="fl-ec"/>
      </object_component>
      <object_component id="oc-373">
         <name>.debug_info</name>
         <load_address>0x14d78</load_address>
         <run_address>0x14d78</run_address>
         <size>0x1c2</size>
         <input_file_ref idref="fl-ec"/>
      </object_component>
      <object_component id="oc-3a1">
         <name>.debug_info</name>
         <load_address>0x14f3a</load_address>
         <run_address>0x14f3a</run_address>
         <size>0x28b</size>
         <input_file_ref idref="fl-ed"/>
      </object_component>
      <object_component id="oc-2f5">
         <name>.debug_info</name>
         <load_address>0x151c5</load_address>
         <run_address>0x151c5</run_address>
         <size>0x1ab</size>
         <input_file_ref idref="fl-ed"/>
      </object_component>
      <object_component id="oc-3e4">
         <name>.debug_info</name>
         <load_address>0x15370</load_address>
         <run_address>0x15370</run_address>
         <size>0x28f</size>
         <input_file_ref idref="fl-ee"/>
      </object_component>
      <object_component id="oc-39b">
         <name>.debug_info</name>
         <load_address>0x155ff</load_address>
         <run_address>0x155ff</run_address>
         <size>0x247</size>
         <input_file_ref idref="fl-ee"/>
      </object_component>
      <object_component id="oc-366">
         <name>.debug_info</name>
[...]
      </symbol>
      <symbol id="sm-1a6">
         <name>get_ir_raw</name>
         <value>0xae9</value>
         <object_component_ref idref="oc-9f"/>
      </symbol>
      <symbol id="sm-1a7">
         <name>checkClearPath</name>
         <value>0xc1d</value>
         <object_component_ref idref="oc-9f"/>
      </symbol>
      <symbol id="sm-1a8">
         <name>objectCount</name>
         <value>0x2000120c</value>
         <object_component_ref idref="oc-eb"/>
      </symbol>
      <symbol id="sm-1a9">
         <name>read_ping</name>
         <value>0x9bd</value>
         <object_component_ref idref="oc-9f"/>
      </symbol>
      <symbol id="sm-1aa">
         <name>bumper_backward</name>
         <value>0x6f5</value>
         <object_component_ref idref="oc-9f"/>
      </symbol>
      <symbol id="sm-1ab">
         <name>turretAvoid</name>
         <value>0xd8d</value>
         <object_component_ref idref="oc-9f"/>
      </symbol>
      <symbol id="sm-255">
         <name>go_charge</name>
         <value>0x1595</value>
         <object_component_ref idref="oc-d3"/>
      </symbol>
      <symbol id="sm-256">
         <name>GPIOF_Handler</name>
         <value>0x17d9</value>
         <object_component_ref idref="oc-d3"/>
      </symbol>
      <symbol id="sm-257">
         <name>getDegrees</name>
         <value>0x17f3</value>
         <object_component_ref idref="oc-d3"/>
      </symbol>
      <symbol id="sm-258">
         <name>oi_free</name>
         <value>0xeed</value>
         <object_component_ref idref="oc-d3"/>
      </symbol>
      <symbol id="sm-259">
         <name>oi_uartReceive</name>
         <value>0x1647</value>
         <object_component_ref idref="oc-d3"/>
      </symbol>
      <symbol id="sm-25a">
         <name>oi_setWheels</name>
         <value>0x14e9</value>
         <object_component_ref idref="oc-d3"/>
      </symbol>
      <symbol id="sm-25b">
         <name>oi_shutoff_init</name>
         <value>0x1767</value>
         <object_component_ref idref="oc-d3"/>
      </symbol>
      <symbol id="sm-25c">
         <name>oi_parseInt</name>
         <value>0x6351</value>
         <object_component_ref idref="oc-173"/>
      </symbol>
      <symbol id="sm-25d">
         <name>oi_uartSendStr</name>
         <value>0x166f</value>
         <object_component_ref idref="oc-d3"/>
      </symbol>
      <symbol id="sm-25e">
         <name>oi_close</name>
         <value>0xf37</value>
         <object_component_ref idref="oc-d3"/>
      </symbol>
      <symbol id="sm-25f">
         <name>oi_uartSendBuff</name>
         <value>0x168d</value>
         <object_component_ref idref="oc-d3"/>
      </symbol>
      <symbol id="sm-260">
         <name>oi_checkFirmware</name>
         <value>0x16bf</value>
         <object_component_ref idref="oc-d3"/>
      </symbol>
      <symbol id="sm-261">
         <name>oi_init_noupdate</name>
         <value>0xefd</value>
         <object_component_ref idref="oc-d3"/>
      </symbol>
      <symbol id="sm-262">
         <name>oi_uartSendChar</name>
         <value>0x162b</value>
         <object_component_ref idref="oc-d3"/>
      </symbol>
      <symbol id="sm-263">
         <name>oi_alloc</name>
         <value>0xee1</value>
         <object_component_ref idref="oc-d3"/>
      </symbol>
      <symbol id="sm-264">
         <name>oi_loadSong</name>
         <value>0x152b</value>
         <object_component_ref idref="oc-d3"/>
      </symbol>
      <symbol id="sm-265">
         <name>oi_play_song</name>
         <value>0x1581</value>
         <object_component_ref idref="oc-d3"/>
      </symbol>
      <symbol id="sm-266">
         <name>oi_parsePacket</name>
         <value>0xf9b</value>
         <object_component_ref idref="oc-d3"/>
      </symbol>
      <symbol id="sm-267">
         <name>oi_setLeds</name>
         <value>0x14a5</value>
         <object_component_ref idref="oc-d3"/>
      </symbol>
      <symbol id="sm-268">
         <name>oi_init</name>
         <value>0xf21</value>
         <object_component_ref idref="oc-d3"/>
      </symbol>
      <symbol id="sm-269">
         <name>oi_update</name>
         <value>0xf49</value>
         <object_component_ref idref="oc-d3"/>
      </symbol>
      <symbol id="sm-26a">
         <name>oi_uartInit</name>
         <value>0x15a3</value>
         <object_component_ref idref="oc-d3"/>
      </symbol>
      <symbol id="sm-28b">
         <name>timer_startClock</name>
         <value>0x4ffd</value>
         <object_component_ref idref="oc-f2"/>
      </symbol>
      <symbol id="sm-28c">
         <name>timer_stopClock</name>
         <value>0x504f</value>
         <object_component_ref idref="oc-f2"/>
      </symbol>
      <symbol id="sm-28d">
         <name>timer_getClock</name>
         <value>0x5049</value>
         <object_component_ref idref="oc-f2"/>
      </symbol>
      <symbol id="sm-28e">
         <name>timer_stopTimer</name>
         <value>0x4fe7</value>
         <object_component_ref idref="oc-f2"/>
      </symbol>
      <symbol id="sm-28f">
         <name>timer_startTimer</name>
         <value>0x4f97</value>
         <object_component_ref idref="oc-f2"/>
      </symbol>
      <symbol id="sm-290">
         <name>timer_waitMillis</name>
         <value>0x4f39</value>
         <object_component_ref idref="oc-f2"/>
      </symbol>
      <symbol id="sm-291">
         <name>timer_waitMicros</name>
         <value>0x4f6d</value>
         <object_component_ref idref="oc-f2"/>
      </symbol>
      <symbol id="sm-2ad">
         <name>ResetISR</name>
         <value>0x642b</value>
         <object_component_ref idref="oc-27"/>
      </symbol>
      <symbol id="sm-2ae">
         <name>g_pfnVectors</name>
         <value>0x0</value>
         <object_component_ref idref="oc-f"/>
      </symbol>
      <symbol id="sm-2d0">
         <name>uart_sendChar</name>
         <value>0x54ad</value>
         <object_component_ref idref="oc-df"/>
      </symbol>
      <symbol id="sm-2d1">
         <name>uart_init</name>
         <value>0x5425</value>
         <object_component_ref idref="oc-df"/>
      </symbol>
      <symbol id="sm-2d2">
         <name>uart_receive</name>
         <value>0x54c9</value>
         <object_component_ref idref="oc-df"/>
      </symbol>
      <symbol id="sm-2d3">
         <name>uart_sendStr</name>
         <value>0x54ef</value>
         <object_component_ref idref="oc-df"/>
      </symbol>
      <symbol id="sm-2fd">
         <name>IntRegister</name>
         <value>0x6221</value>
         <object_component_ref idref="oc-180"/>
      </symbol>
      <symbol id="sm-2fe">
         <name>g_pfnRAMVectors</name>
         <value>0x20000000</value>
         <object_component_ref idref="oc-26a"/>
      </symbol>
      <symbol id="sm-2ff">
         <name>IntMasterEnable</name>
         <value>0x63e5</value>
         <object_component_ref idref="oc-186"/>
      </symbol>
      <symbol id="sm-309">
         <name>CPUcpsie</name>
         <value>0x6413</value>
         <object_component_ref idref="oc-274"/>
      </symbol>
      <symbol id="sm-39e">
         <name>pow</name>
         <value>0x23c9</value>
         <object_component_ref idref="oc-10d"/>
      </symbol>
      <symbol id="sm-39f">
         <name>powl</name>
         <value>0x23c9</value>
         <object_component_ref idref="oc-10d"/>
      </symbol>
      <symbol id="sm-3c1">
         <name>sqrtl</name>
         <value>0x4de1</value>
         <object_component_ref idref="oc-1da"/>
      </symbol>
      <symbol id="sm-3c2">
         <name>sqrt</name>
         <value>0x4de1</value>
         <object_component_ref idref="oc-1da"/>
      </symbol>
      <symbol id="sm-413">
         <name>cosl</name>
         <value>0x34c1</value>
         <object_component_ref idref="oc-11a"/>
      </symbol>
      <symbol id="sm-414">
         <name>cos</name>
         <value>0x34c1</value>
         <object_component_ref idref="oc-11a"/>
      </symbol>
      <symbol id="sm-43b">
         <name>scalbn</name>
         <value>0x5541</value>
         <object_component_ref idref="oc-1f3"/>
      </symbol>
      <symbol id="sm-43c">
         <name>scalbnl</name>
         <value>0x5541</value>
         <object_component_ref idref="oc-1f3"/>
      </symbol>
      <symbol id="sm-43d">
         <name>ldexpl</name>
         <value>0x5541</value>
         <object_component_ref idref="oc-1f3"/>
      </symbol>
      <symbol id="sm-43e">
         <name>ldexp</name>
         <value>0x5541</value>
         <object_component_ref idref="oc-1f3"/>
      </symbol>
      <symbol id="sm-48a">
         <name>sin</name>
         <value>0x3a9d</value>
         <object_component_ref idref="oc-120"/>
      </symbol>
      <symbol id="sm-48b">
         <name>sinl</name>
         <value>0x3a9d</value>
         <object_component_ref idref="oc-120"/>
      </symbol>
      <symbol id="sm-495">
         <name>copysign</name>
         <value>0x6397</value>
         <object_component_ref idref="oc-2b5"/>
      </symbol>
      <symbol id="sm-496">
         <name>copysignl</name>
         <value>0x6397</value>
         <object_component_ref idref="oc-2b5"/>
      </symbol>
      <symbol id="sm-4ad">
         <name>__aeabi_dsub</name>
         <value>0x4949</value>
         <object_component_ref idref="oc-1d5"/>
      </symbol>
      <symbol id="sm-4ae">
         <name>__aeabi_dadd</name>
         <value>0x4953</value>
         <object_component_ref idref="oc-1d5"/>
      </symbol>
      <symbol id="sm-4d0">
         <name>__aeabi_cdcmpeq</name>
         <value>0x5b01</value>
         <object_component_ref idref="oc-1e9"/>
      </symbol>
      <symbol id="sm-4d1">
         <name>__aeabi_cdcmple</name>
         <value>0x5b01</value>
         <object_component_ref idref="oc-1e9"/>
      </symbol>
      <symbol id="sm-4d2">
         <name>__aeabi_cdrcmple</name>
         <value>0x5b87</value>
         <object_component_ref idref="oc-1ee"/>
      </symbol>
      <symbol id="sm-4e6">
         <name>__aeabi_ddiv</name>
         <value>0x51cd</value>
         <object_component_ref idref="oc-191"/>
      </symbol>
      <symbol id="sm-4f1">
         <name>__aeabi_dmul</name>
         <value>0x5651</value>
         <object_component_ref idref="oc-fd"/>
      </symbol>
      <symbol id="sm-4fb">
         <name>__aeabi_d2iz</name>
         <value>0x5ff1</value>
         <object_component_ref idref="oc-18c"/>
      </symbol>
      <symbol id="sm-507">
         <name>__aeabi_d2f</name>
         <value>0x5d6f</value>
         <object_component_ref idref="oc-107"/>
      </symbol>
      <symbol id="sm-512">
         <name>__aeabi_f2d</name>
         <value>0x61e9</value>
         <object_component_ref idref="oc-102"/>
      </symbol>
      <symbol id="sm-51c">
         <name>__aeabi_i2d</name>
         <value>0x6285</value>
         <object_component_ref idref="oc-f8"/>
      </symbol>
      <symbol id="sm-537">
         <name>memcpy</name>
         <value>0x59cf</value>
         <object_component_ref idref="oc-3b"/>
      </symbol>
      <symbol id="sm-538">
         <name>__aeabi_memcpy</name>
         <value>0x59cf</value>
         <object_component_ref idref="oc-3b"/>
      </symbol>
      <symbol id="sm-539">
         <name>__aeabi_memcpy8</name>
         <value>0x59cf</value>
         <object_component_ref idref="oc-3b"/>
      </symbol>
      <symbol id="sm-53a">
         <name>__aeabi_memcpy4</name>
         <value>0x59cf</value>
         <object_component_ref idref="oc-3b"/>
      </symbol>
      <symbol id="sm-551">
         <name>__TI_zero_init</name>
         <value>0x641f</value>
         <object_component_ref idref="oc-4d"/>
      </symbol>
      <symbol id="sm-568">
         <name>__TI_decompress_none</name>
         <value>0x6405</value>
         <object_component_ref idref="oc-18"/>
      </symbol>
      <symbol id="sm-58b">
         <name>__TI_decompress_lzss</name>
         <value>0x5ddd</value>
         <object_component_ref idref="oc-12"/>
      </symbol>
      <symbol id="sm-59e">
         <name>__stack</name>
         <value>0x20000270</value>
         <object_component_ref idref="oc-21"/>
      </symbol>
      <symbol id="sm-59f">
         <name>_c_int00_noargs</name>
         <value>0x6179</value>
         <object_component_ref idref="oc-59"/>
      </symbol>
      <symbol id="sm-5b5">
         <name>__aeabi_errno_addr</name>
         <value>0x6441</value>
         <object_component_ref idref="oc-1e0"/>
      </symbol>
      <symbol id="sm-5b6">
         <name>errno</name>
         <value>0x20001240</value>
         <object_component_ref idref="oc-2ac"/>
      </symbol>
      <symbol id="sm-5c1">
         <name>C$$EXIT</name>
         <value>0x644d</value>
         <object_component_ref idref="oc-127"/>
      </symbol>
      <symbol id="sm-5c2">
         <name>abort</name>
         <value>0x644d</value>
         <object_component_ref idref="oc-127"/>
      </symbol>
      <symbol id="sm-648">
         <name>_sys_memory</name>
         <value>0x20000a70</value>
         <object_component_ref idref="oc-24"/>
      </symbol>
      <symbol id="sm-649">
         <name>free</name>
         <value>0x5845</value>
         <object_component_ref idref="oc-16d"/>
      </symbol>
      <symbol id="sm-64a">
         <name>calloc</name>
         <value>0x62b3</value>
         <object_component_ref idref="oc-167"/>
      </symbol>
      <symbol id="sm-64b">
         <name>malloc</name>
         <value>0x5c89</value>
         <object_component_ref idref="oc-24b"/>
      </symbol>
      <symbol id="sm-64c">
         <name>minit</name>
         <value>0x61b1</value>
         <object_component_ref idref="oc-252"/>
      </symbol>
      <symbol id="sm-661">
         <name>_nop</name>
         <value>0x23c7</value>
         <object_component_ref idref="oc-325"/>
      </symbol>
      <symbol id="sm-662">
         <name>_lock</name>
         <value>0x20001238</value>
         <object_component_ref idref="oc-22f"/>
      </symbol>
      <symbol id="sm-663">
         <name>_unlock</name>
         <value>0x2000123c</value>
         <object_component_ref idref="oc-22f"/>
      </symbol>
      <symbol id="sm-68b">
         <name>sprintf</name>
         <value>0x607d</value>
         <object_component_ref idref="oc-114"/>
      </symbol>
      <symbol id="sm-69a">
         <name>strcmp</name>
         <value>0x6369</value>
         <object_component_ref idref="oc-17a"/>
      </symbol>
      <symbol id="sm-6a8">
         <name>strcpy</name>
         <value>0x63ab</value>
         <object_component_ref idref="oc-1ad"/>
      </symbol>
      <symbol id="sm-6d2">
         <name>vsnprintf</name>
         <value>0x60bd</value>
         <object_component_ref idref="oc-1a7"/>
      </symbol>
      <symbol id="sm-739">
         <name>__kernel_rem_pio2</name>
         <value>0x2d89</value>
         <object_component_ref idref="oc-21b"/>
      </symbol>
      <symbol id="sm-74f">
         <name>__kernel_cos</name>
         <value>0x4c75</value>
         <object_component_ref idref="oc-215"/>
      </symbol>
      <symbol id="sm-766">
         <name>__kernel_sin</name>
         <value>0x4b01</value>
         <object_component_ref idref="oc-221"/>
      </symbol>
      <symbol id="sm-783">
         <name>floorl</name>
         <value>0x574d</value>
         <object_component_ref idref="oc-311"/>
      </symbol>
      <symbol id="sm-784">
         <name>floor</name>
         <value>0x574d</value>
         <object_component_ref idref="oc-311"/>
      </symbol>
      <symbol id="sm-793">
         <name>__aeabi_memset</name>
         <value>0x5c0f</value>
         <object_component_ref idref="oc-93"/>
      </symbol>
      <symbol id="sm-794">
         <name>memset</name>
         <value>0x5c15</value>
         <object_component_ref idref="oc-93"/>
      </symbol>
      <symbol id="sm-795">
         <name>__aeabi_memset8</name>
         <value>0x5c0f</value>
         <object_component_ref idref="oc-93"/>
      </symbol>
      <symbol id="sm-796">
         <name>__aeabi_memset4</name>
         <value>0x5c0f</value>
         <object_component_ref idref="oc-93"/>
      </symbol>
      <symbol id="sm-797">
         <name>__aeabi_memclr8</name>
         <value>0x5c0d</value>
         <object_component_ref idref="oc-93"/>
      </symbol>
      <symbol id="sm-798">
         <name>__aeabi_memclr4</name>
         <value>0x5c0d</value>
         <object_component_ref idref="oc-93"/>
      </symbol>
      <symbol id="sm-799">
         <name>__aeabi_memclr</name>
         <value>0x5c0d</value>
         <object_component_ref idref="oc-93"/>
      </symbol>
      <symbol id="sm-7c1">
         <name>__TI_auto_init_nobinit_nopinit</name>
         <value>0x6039</value>
         <object_component_ref idref="oc-133"/>
      </symbol>
      <symbol id="sm-7cb">
         <name>_system_pre_init</name>
         <value>0x6449</value>
         <object_component_ref idref="oc-99"/>
      </symbol>
      <symbol id="sm-931">
         <name>__TI_printfi</name>
         <value>0x1969</value>
         <object_component_ref idref="oc-201"/>
      </symbol>
      <symbol id="sm-947">
         <name>atoi</name>
         <value>0x5fa5</value>
         <object_component_ref idref="oc-2cf"/>
      </symbol>
      <symbol id="sm-952">
         <name>_ctypes_</name>
         <value>0x65a8</value>
         <object_component_ref idref="oc-367"/>
      </symbol>
      <symbol id="sm-961">
         <name>ltoa</name>
         <value>0x5eff</value>
         <object_component_ref idref="oc-372"/>
      </symbol>
      <symbol id="sm-971">
         <name>memccpy</name>
         <value>0x6305</value>
         <object_component_ref idref="oc-2f3"/>
      </symbol>
      <symbol id="sm-981">
         <name>strchr</name>
         <value>0x6381</value>
         <object_component_ref idref="oc-399"/>
      </symbol>
      <symbol id="sm-98f">
         <name>strlen</name>
         <value>0x63bf</value>
         <object_component_ref idref="oc-2c9"/>
      </symbol>
      <symbol id="sm-9a5">
         <name>frexpl</name>
         <value>0x5e45</value>
         <object_component_ref idref="oc-393"/>
      </symbol>
      <symbol id="sm-9a6">
         <name>frexp</name>
         <value>0x5e45</value>
         <object_component_ref idref="oc-393"/>
      </symbol>
      <symbol id="sm-9bf">
         <name>wcslen</name>
         <value>0x63d3</value>
         <object_component_ref idref="oc-2f9"/>
      </symbol>
      <symbol id="sm-9cc">
         <name>__aeabi_uldivmod</name>
         <value>0x5a6b</value>
         <object_component_ref idref="oc-36c"/>
      </symbol>
      <symbol id="sm-9d6">
         <name>__aeabi_idiv0</name>
         <value>0x4aff</value>
         <object_component_ref idref="oc-3d5"/>
      </symbol>
      <symbol id="sm-9d7">
         <name>__aeabi_ldiv0</name>
         <value>0x4aff</value>
         <object_component_ref idref="oc-3d5"/>
      </symbol>
      <symbol id="sm-9d8">
         <name>__TI_static_base__</name>
         <value>0x0</value>
      </symbol>
      <symbol id="sm-9db">
         <name>__mpu_init</name>
         <value>0x0</value>
      </symbol>
      <symbol id="sm-9dc">
         <name>_system_post_cinit</name>
         <value>0x0</value>
      </symbol>
   </symbol_table>
   <title>Link successful</title>
</link_info>
