******************************************************************************
                  TI ARM Linker PC v18.1.2                     
******************************************************************************
>> Linked Sat Sep 22 12:56:16 2018

OUTPUT FILE NAME:   <helloworld.out>
ENTRY POINT SYMBOL: "_c_int00_noargs"  address: 000024c9


MEMORY CONFIGURATION

         name            origin    length      used     unused   attr    fill
----------------------  --------  ---------  --------  --------  ----  --------
  FLASH                 00000000   00040000  000027a5  0003d85b  R  X
  SRAM                  20000000   00008000  0000087c  00007784  RW X


SEGMENT ALLOCATION MAP

run origin  load origin   length   init length attrs members
----------  ----------- ---------- ----------- ----- -------
00000000    00000000    000027a8   000027a8    r-x
  00000000    00000000    0000026c   0000026c    r-- .intvecs
  0000026c    0000026c    000023f0   000023f0    r-x .text
  0000265c    0000265c    00000109   00000109    r-- .const
  00002768    00002768    00000040   00000040    r-- .cinit
20000000    20000000    0000087c   00000000    rw-
  20000000    20000000    00000800   00000000    rw- .stack
  20000800    20000800    00000054   00000000    rw- .bss
  20000854    20000854    00000028   00000000    rw- .data


SECTION ALLOCATION MAP

 output                                  attributes/
section   page    origin      length       input sections
--------  ----  ----------  ----------   ----------------
.intvecs   0    00000000    0000026c     
                  00000000    0000026c     tm4c123gh6pm_startup_ccs.obj (.intvecs)

.text      0    0000026c    000023f0     
                  0000026c    00000a5e     rtsv7M4_T_le_v4SPD16_eabi.lib : _printfi.c.obj (.text:__TI_printfi)
                  00000cca    00000002                                   : div0.asm.obj (.text)
                  00000ccc    000002ec     lcd.obj (.text)
                  00000fb8    00000270     rtsv7M4_T_le_v4SPD16_eabi.lib : _printfi.c.obj (.text:_pconv_a)
                  00001228    000001d0                                   : _printfi.c.obj (.text:_pconv_g)
                  000013f8    000001b6                                   : fd_add_t2.asm.obj (.text)
                  000015ae    00000002     --HOLE-- [fill = 0]
                  000015b0    00000158     timer.obj (.text)
                  00001708    0000013c     rtsv7M4_T_le_v4SPD16_eabi.lib : _printfi.c.obj (.text:_pconv_e)
                  00001844    00000136                                   : fd_div_t2.asm.obj (.text)
                  0000197a    00000002     --HOLE-- [fill = 0]
                  0000197c    00000128     helloworld.obj (.text)
                  00001aa4    00000120     rtsv7M4_T_le_v4SPD16_eabi.lib : _printfi.c.obj (.text:fcvt)
                  00001bc4    00000110                                   : s_scalbn.c.obj (.text:scalbn)
                  00001cd4    000000fc                                   : fd_mul_t2.asm.obj (.text)
                  00001dd0    000000b1                                   : _printfi.c.obj (.text:_ltostr)
                  00001e81    00000001     --HOLE-- [fill = 0]
                  00001e82    0000009c                                   : memcpy_t2.asm.obj (.text)
                  00001f1e    00000096                                   : ull_div_t2.asm.obj (.text)
                  00001fb4    00000086                                   : fd_cmp_t2.asm.obj (.text:__aeabi_cdcmple)
                  0000203a    00000086                                   : fd_cmp_t2.asm.obj (.text:__aeabi_cdrcmple)
                  000020c0    0000007a                                   : memset_t2.asm.obj (.text)
                  0000213a    0000006e                                   : _printfi.c.obj (.text:_mcpy)
                  000021a8    00000068                                   : copy_decompress_lzss.c.obj (.text:decompress:lzss:__TI_decompress_lzss)
                  00002210    00000064                                   : s_frexp.c.obj (.text:frexp)
                  00002274    00000056                                   : _printfi.c.obj (.text:_pconv_f)
                  000022ca    00000054                                   : ltoa.c.obj (.text:ltoa)
                  0000231e    00000052                                   : _printfi.c.obj (.text:_ecpy)
                  00002370    0000004c                                   : atoi.c.obj (.text:atoi)
                  000023bc    00000048                                   : fd_toi_t2.asm.obj (.text)
                  00002404    00000044                                   : autoinit.c.obj (.text:__TI_auto_init_nobinit_nopinit:__TI_auto_init_nobinit_nopinit)
                  00002448    00000040                                   : vsnprintf.c.obj (.text:vsnprintf)
                  00002488    0000003e                                   : _printfi.c.obj (.text:_fcpy)
                  000024c6    00000002     --HOLE-- [fill = 0]
                  000024c8    00000038                                   : boot_cortex_m.c.obj (.text:_c_int00_noargs:_c_int00_noargs)
                  00002500    00000030                                   : vsnprintf.c.obj (.text:_outs)
                  00002530    0000002e                                   : i_tofd_t2.asm.obj (.text)
                  0000255e    0000001c                                   : memccpy.c.obj (.text:memccpy)
                  0000257a    00000018                                   : vsnprintf.c.obj (.text:_outc)
                  00002592    00000018                                   : strcmp.c.obj (.text:strcmp)
                  000025aa    00000016                                   : strchr.c.obj (.text:strchr)
                  000025c0    00000014                                   : s_copysign.c.obj (.text:copysign)
                  000025d4    00000014                                   : strcpy.c.obj (.text:strcpy)
                  000025e8    00000014                                   : strlen.c.obj (.text:strlen)
                  000025fc    00000012                                   : copy_zero_init.c.obj (.text:decompress:ZI:__TI_zero_init_nomemset:__TI_zero_init_nomemset)
                  0000260e    00000012                                   : wcslen.c.obj (.text:wcslen)
                  00002620    00000010     lcd.obj (.text:lcd_clear)
                  00002630    0000000e     rtsv7M4_T_le_v4SPD16_eabi.lib : copy_decompress_none.c.obj (.text:decompress:none:__TI_decompress_none)
                  0000263e    0000000c     tm4c123gh6pm_startup_ccs.obj (.text)
                  0000264a    00000002     --HOLE-- [fill = 0]
                  0000264c    00000008     rtsv7M4_T_le_v4SPD16_eabi.lib : errno.c.obj (.text:__aeabi_errno_addr)
                  00002654    00000004                                   : pre_init.c.obj (.text:_system_pre_init)
                  00002658    00000004                                   : exit.c.obj (.text:abort:abort)

.const     0    0000265c    00000109     
                  0000265c    00000101     rtsv7M4_T_le_v4SPD16_eabi.lib : ctype.c.obj (.const:.string:_ctypes_)
                  0000275d    00000004     lcd.obj (.const:.string:lineAddress$1)
                  00002761    00000004     lcd.obj (.const:.string:lineAddresses$2)

.cinit     0    00002768    00000040     
                  00002768    0000001c     (.cinit..data.load) [load image, compression = lzss]
                  00002784    0000000c     (__TI_handler_table)
                  00002790    00000008     (.cinit..bss.load) [load image, compression = zero_init]
                  00002798    00000010     (__TI_cinit_table)

.init_array 
*          0    00000000    00000000     UNINITIALIZED

.bss       0    20000800    00000054     UNINITIALIZED
                  20000800    00000054     lcd.obj (.bss:lastbuffer$3)

.data      0    20000854    00000028     UNINITIALIZED
                  20000854    00000013     helloworld.obj (.data:message)
                  20000867    00000001     --HOLE--
                  20000868    00000010     helloworld.obj (.data)
                  20000878    00000004     rtsv7M4_T_le_v4SPD16_eabi.lib : errno.c.obj (.data)

.stack     0    20000000    00000800     UNINITIALIZED
                  20000000    00000004     rtsv7M4_T_le_v4SPD16_eabi.lib : boot_cortex_m.c.obj (.stack)
                  20000004    000007fc     --HOLE--

MODULE SUMMARY

       Module                         code   ro data   rw data
       ------                         ----   -------   -------
    .\
       lcd.obj                        764    8         84     
       tm4c123gh6pm_startup_ccs.obj   12     620       0      
       timer.obj                      344    0         0      
       helloworld.obj                 296    0         35     
    +--+------------------------------+------+---------+---------+
       Total:                         1416   628       119    
                                                              
    C:\ti\ccsv8\tools\compiler\ti-cgt-arm_18.1.2.LTS\lib\rtsv7M4_T_le_v4SPD16_eabi.lib
       _printfi.c.obj                 4863   0         0      
       fd_add_t2.asm.obj              438    0         0      
       fd_div_t2.asm.obj              310    0         0      
       s_scalbn.c.obj                 272    0         0      
       fd_cmp_t2.asm.obj              268    0         0      
       ctype.c.obj                    0      257       0      
       fd_mul_t2.asm.obj              252    0         0      
       memcpy_t2.asm.obj              156    0         0      
       ull_div_t2.asm.obj             150    0         0      
       vsnprintf.c.obj                136    0         0      
       memset_t2.asm.obj              122    0         0      
       copy_decompress_lzss.c.obj     104    0         0      
       s_frexp.c.obj                  100    0         0      
       ltoa.c.obj                     84     0         0      
       atoi.c.obj                     76     0         0      
       fd_toi_t2.asm.obj              72     0         0      
       autoinit.c.obj                 68     0         0      
       boot_cortex_m.c.obj            56     0         0      
       i_tofd_t2.asm.obj              46     0         0      
       memccpy.c.obj                  28     0         0      
       strcmp.c.obj                   24     0         0      
       strchr.c.obj                   22     0         0      
       s_copysign.c.obj               20     0         0      
       strcpy.c.obj                   20     0         0      
       strlen.c.obj                   20     0         0      
       copy_zero_init.c.obj           18     0         0      
       wcslen.c.obj                   18     0         0      
       copy_decompress_none.c.obj     14     0         0      
       errno.c.obj                    8      0         4      
       exit.c.obj                     4      0         0      
       pre_init.c.obj                 4      0         0      
       div0.asm.obj                   2      0         0      
    +--+------------------------------+------+---------+---------+
       Total:                         7775   257       4      
                                                              
       Stack:                         0      0         2048   
       Linker Generated:              0      64        0      
    +--+------------------------------+------+---------+---------+
       Grand Total:                   9191   949       2171   


LINKER GENERATED COPY TABLES

__TI_cinit_table @ 00002798 records: 2, size/record: 8, table size: 16
	.data: load addr=00002768, load size=0000001c bytes, run addr=20000854, run size=00000028 bytes, compression=lzss
	.bss: load addr=00002790, load size=00000008 bytes, run addr=20000800, run size=00000054 bytes, compression=zero_init


LINKER GENERATED HANDLER TABLE

__TI_handler_table @ 00002784 records: 3, size/record: 4, table size: 12
	index: 0, handler: __TI_decompress_lzss
	index: 1, handler: __TI_decompress_none
	index: 2, handler: __TI_zero_init


GLOBAL SYMBOLS: SORTED ALPHABETICALLY BY Name 

address   name                          
-------   ----                          
00002659  C$$EXIT                       
0000263f  ResetISR                      
20000800  __STACK_END                   
00000800  __STACK_SIZE                  
20000200  __STACK_TOP                   
00002798  __TI_CINIT_Base               
000027a8  __TI_CINIT_Limit              
00002784  __TI_Handler_Table_Base       
00002790  __TI_Handler_Table_Limit      
00002405  __TI_auto_init_nobinit_nopinit
000021a9  __TI_decompress_lzss          
00002631  __TI_decompress_none          
ffffffff  __TI_pprof_out_hndl           
0000026d  __TI_printfi                  
ffffffff  __TI_prof_data_size           
ffffffff  __TI_prof_data_start          
00000000  __TI_static_base__            
000025fd  __TI_zero_init_nomemset       
00001fb5  __aeabi_cdcmpeq               
00001fb5  __aeabi_cdcmple               
0000203b  __aeabi_cdrcmple              
000023bd  __aeabi_d2iz                  
00001403  __aeabi_dadd                  
00001845  __aeabi_ddiv                  
00001cd5  __aeabi_dmul                  
000013f9  __aeabi_dsub                  
0000264d  __aeabi_errno_addr            
00002531  __aeabi_i2d                   
00000ccb  __aeabi_idiv0                 
00000ccb  __aeabi_ldiv0                 
000020c1  __aeabi_memclr                
000020c1  __aeabi_memclr4               
000020c1  __aeabi_memclr8               
00001e83  __aeabi_memcpy                
00001e83  __aeabi_memcpy4               
00001e83  __aeabi_memcpy8               
000020c3  __aeabi_memset                
000020c3  __aeabi_memset4               
000020c3  __aeabi_memset8               
00001f1f  __aeabi_uldivmod              
ffffffff  __binit__                     
ffffffff  __c_args__                    
UNDEFED   __mpu_init                    
20000000  __stack                       
000024c9  _c_int00_noargs               
0000265c  _ctypes_                      
UNDEFED   _system_post_cinit            
00002655  _system_pre_init              
00002659  abort                         
00002371  atoi                          
ffffffff  binit                         
000025c1  copysign                      
000025c1  copysignl                     
20000878  errno                         
00002211  frexp                         
00002211  frexpl                        
00000000  g_pfnVectors                  
20000868  i                             
2000086c  j                             
20000870  k                             
00002621  lcd_clear                     
00000e65  lcd_gotoLine                  
00000ccd  lcd_init                      
00000ecb  lcd_printf                    
00000d8d  lcd_putc                      
00000dc5  lcd_puts                      
00000de3  lcd_sendCommand               
00000e21  lcd_sendNibble                
00000e8d  lcd_setCursorPos              
00001bc5  ldexp                         
00001bc5  ldexpl                        
000022cb  ltoa                          
0000197d  main                          
0000255f  memccpy                       
00001e83  memcpy                        
000020c9  memset                        
20000874  messLen                       
20000854  message                       
00001bc5  scalbn                        
00001bc5  scalbnl                       
000025ab  strchr                        
00002593  strcmp                        
000025d5  strcpy                        
000025e9  strlen                        
000016c1  timer_getClock                
00001675  timer_startClock              
0000160f  timer_startTimer              
000016c7  timer_stopClock               
0000165f  timer_stopTimer               
000015e5  timer_waitMicros              
000015b1  timer_waitMillis              
00002449  vsnprintf                     
0000260f  wcslen                        


GLOBAL SYMBOLS: SORTED BY Symbol Address 

address   name                          
-------   ----                          
00000000  __TI_static_base__            
00000000  g_pfnVectors                  
0000026d  __TI_printfi                  
00000800  __STACK_SIZE                  
00000ccb  __aeabi_idiv0                 
00000ccb  __aeabi_ldiv0                 
00000ccd  lcd_init                      
00000d8d  lcd_putc                      
00000dc5  lcd_puts                      
00000de3  lcd_sendCommand               
00000e21  lcd_sendNibble                
00000e65  lcd_gotoLine                  
00000e8d  lcd_setCursorPos              
00000ecb  lcd_printf                    
000013f9  __aeabi_dsub                  
00001403  __aeabi_dadd                  
000015b1  timer_waitMillis              
000015e5  timer_waitMicros              
0000160f  timer_startTimer              
0000165f  timer_stopTimer               
00001675  timer_startClock              
000016c1  timer_getClock                
000016c7  timer_stopClock               
00001845  __aeabi_ddiv                  
0000197d  main                          
00001bc5  ldexp                         
00001bc5  ldexpl                        
00001bc5  scalbn                        
00001bc5  scalbnl                       
00001cd5  __aeabi_dmul                  
00001e83  __aeabi_memcpy                
00001e83  __aeabi_memcpy4               
00001e83  __aeabi_memcpy8               
00001e83  memcpy                        
00001f1f  __aeabi_uldivmod              
00001fb5  __aeabi_cdcmpeq               
00001fb5  __aeabi_cdcmple               
0000203b  __aeabi_cdrcmple              
000020c1  __aeabi_memclr                
000020c1  __aeabi_memclr4               
000020c1  __aeabi_memclr8               
000020c3  __aeabi_memset                
000020c3  __aeabi_memset4               
000020c3  __aeabi_memset8               
000020c9  memset                        
000021a9  __TI_decompress_lzss          
00002211  frexp                         
00002211  frexpl                        
000022cb  ltoa                          
00002371  atoi                          
000023bd  __aeabi_d2iz                  
00002405  __TI_auto_init_nobinit_nopinit
00002449  vsnprintf                     
000024c9  _c_int00_noargs               
00002531  __aeabi_i2d                   
0000255f  memccpy                       
00002593  strcmp                        
000025ab  strchr                        
000025c1  copysign                      
000025c1  copysignl                     
000025d5  strcpy                        
000025e9  strlen                        
000025fd  __TI_zero_init_nomemset       
0000260f  wcslen                        
00002621  lcd_clear                     
00002631  __TI_decompress_none          
0000263f  ResetISR                      
0000264d  __aeabi_errno_addr            
00002655  _system_pre_init              
00002659  C$$EXIT                       
00002659  abort                         
0000265c  _ctypes_                      
00002784  __TI_Handler_Table_Base       
00002790  __TI_Handler_Table_Limit      
00002798  __TI_CINIT_Base               
000027a8  __TI_CINIT_Limit              
20000000  __stack                       
20000200  __STACK_TOP                   
20000800  __STACK_END                   
20000854  message                       
20000868  i                             
2000086c  j                             
20000870  k                             
20000874  messLen                       
20000878  errno                         
ffffffff  __TI_pprof_out_hndl           
ffffffff  __TI_prof_data_size           
ffffffff  __TI_prof_data_start          
ffffffff  __binit__                     
ffffffff  __c_args__                    
ffffffff  binit                         
UNDEFED   __mpu_init                    
UNDEFED   _system_post_cinit            

[93 symbols]
