<?xml version="1.0" encoding="ISO-8859-1" ?>
<link_info>
   <banner>TI ARM Linker PC v18.1.2.LTS</banner>
   <copyright>Copyright (c) 1996-2017 Texas Instruments Incorporated</copyright>
   <link_time>0x5c0451a7</link_time>
   <link_errors>0x0</link_errors>
   <output_file>The-Office_GUI.out</output_file>
   <entry_point>
      <name>_c_int00_noargs</name>
      <address>0x6129</address>
   </entry_point>
   <input_file_list>
      <input_file id="fl-2">
         <path>.\</path>
         <kind>object</kind>
         <file>inits_tiva.obj</file>
         <name>inits_tiva.obj</name>
      </input_file>
      <input_file id="fl-3">
         <path>.\</path>
         <kind>object</kind>
         <file>lcd.obj</file>
         <name>lcd.obj</name>
      </input_file>
      <input_file id="fl-4">
         <path>.\</path>
         <kind>object</kind>
         <file>main.obj</file>
         <name>main.obj</name>
      </input_file>
      <input_file id="fl-5">
         <path>.\</path>
         <kind>object</kind>
         <file>open_interface.obj</file>
         <name>open_interface.obj</name>
      </input_file>
      <input_file id="fl-6">
         <path>.\</path>
         <kind>object</kind>
         <file>timer.obj</file>
         <name>timer.obj</name>
      </input_file>
      <input_file id="fl-7">
         <path>.\</path>
         <kind>object</kind>
         <file>tm4c123gh6pm_startup_ccs.obj</file>
         <name>tm4c123gh6pm_startup_ccs.obj</name>
      </input_file>
      <input_file id="fl-8">
         <path>.\</path>
         <kind>object</kind>
         <file>uart.obj</file>
         <name>uart.obj</name>
      </input_file>
      <input_file id="fl-d">
         <kind>object</kind>
         <file>&lt;internal&gt;</file>
         <name>&lt;internal&gt;</name>
      </input_file>
      <input_file id="fl-e">
         <path>C:\ti\TivaWare_C_Series-2.1.4.178\driverlib\ccs\Debug\</path>
         <kind>archive</kind>
         <file>driverlib.lib</file>
         <name>interrupt.obj</name>
      </input_file>
      <input_file id="fl-f">
         <path>C:\ti\TivaWare_C_Series-2.1.4.178\driverlib\ccs\Debug\</path>
         <kind>archive</kind>
         <file>driverlib.lib</file>
         <name>cpu.obj</name>
      </input_file>
      <input_file id="fl-c5">
         <path>C:\ti\ccsv8\tools\compiler\ti-cgt-arm_18.1.2.LTS\lib\</path>
         <kind>archive</kind>
         <file>rtsv7M4_T_le_v4SPD16_eabi.lib</file>
         <name>e_pow.c.obj</name>
      </input_file>
      <input_file id="fl-c6">
         <path>C:\ti\ccsv8\tools\compiler\ti-cgt-arm_18.1.2.LTS\lib\</path>
         <kind>archive</kind>
         <file>rtsv7M4_T_le_v4SPD16_eabi.lib</file>
         <name>e_sqrt.c.obj</name>
      </input_file>
      <input_file id="fl-c7">
         <path>C:\ti\ccsv8\tools\compiler\ti-cgt-arm_18.1.2.LTS\lib\</path>
         <kind>archive</kind>
         <file>rtsv7M4_T_le_v4SPD16_eabi.lib</file>
         <name>s_cos.c.obj</name>
      </input_file>
      <input_file id="fl-c8">
         <path>C:\ti\ccsv8\tools\compiler\ti-cgt-arm_18.1.2.LTS\lib\</path>
         <kind>archive</kind>
         <file>rtsv7M4_T_le_v4SPD16_eabi.lib</file>
         <name>s_scalbn.c.obj</name>
      </input_file>
      <input_file id="fl-c9">
         <path>C:\ti\ccsv8\tools\compiler\ti-cgt-arm_18.1.2.LTS\lib\</path>
         <kind>archive</kind>
         <file>rtsv7M4_T_le_v4SPD16_eabi.lib</file>
         <name>s_sin.c.obj</name>
      </input_file>
      <input_file id="fl-ca">
         <path>C:\ti\ccsv8\tools\compiler\ti-cgt-arm_18.1.2.LTS\lib\</path>
         <kind>archive</kind>
         <file>rtsv7M4_T_le_v4SPD16_eabi.lib</file>
         <name>s_copysign.c.obj</name>
      </input_file>
      <input_file id="fl-cb">
         <path>C:\ti\ccsv8\tools\compiler\ti-cgt-arm_18.1.2.LTS\lib\</path>
         <kind>archive</kind>
         <file>rtsv7M4_T_le_v4SPD16_eabi.lib</file>
         <name>fd_add_t2.asm.obj</name>
      </input_file>
      <input_file id="fl-cc">
         <path>C:\ti\ccsv8\tools\compiler\ti-cgt-arm_18.1.2.LTS\lib\</path>
         <kind>archive</kind>
         <file>rtsv7M4_T_le_v4SPD16_eabi.lib</file>
         <name>fd_cmp_t2.asm.obj</name>
      </input_file>
      <input_file id="fl-cd">
         <path>C:\ti\ccsv8\tools\compiler\ti-cgt-arm_18.1.2.LTS\lib\</path>
         <kind>archive</kind>
         <file>rtsv7M4_T_le_v4SPD16_eabi.lib</file>
         <name>fd_div_t2.asm.obj</name>
      </input_file>
      <input_file id="fl-ce">
         <path>C:\ti\ccsv8\tools\compiler\ti-cgt-arm_18.1.2.LTS\lib\</path>
         <kind>archive</kind>
         <file>rtsv7M4_T_le_v4SPD16_eabi.lib</file>
         <name>fd_mul_t2.asm.obj</name>
      </input_file>
      <input_file id="fl-cf">
         <path>C:\ti\ccsv8\tools\compiler\ti-cgt-arm_18.1.2.LTS\lib\</path>
         <kind>archive</kind>
         <file>rtsv7M4_T_le_v4SPD16_eabi.lib</file>
         <name>fd_toi_t2.asm.obj</name>
      </input_file>
      <input_file id="fl-d0">
         <path>C:\ti\ccsv8\tools\compiler\ti-cgt-arm_18.1.2.LTS\lib\</path>
         <kind>archive</kind>
         <file>rtsv7M4_T_le_v4SPD16_eabi.lib</file>
         <name>fd_tos_t2.asm.obj</name>
      </input_file>
      <input_file id="fl-d1">
         <path>C:\ti\ccsv8\tools\compiler\ti-cgt-arm_18.1.2.LTS\lib\</path>
         <kind>archive</kind>
         <file>rtsv7M4_T_le_v4SPD16_eabi.lib</file>
         <name>fs_tod_t2.asm.obj</name>
      </input_file>
      <input_file id="fl-d2">
         <path>C:\ti\ccsv8\tools\compiler\ti-cgt-arm_18.1.2.LTS\lib\</path>
         <kind>archive</kind>
         <file>rtsv7M4_T_le_v4SPD16_eabi.lib</file>
         <name>i_tofd_t2.asm.obj</name>
      </input_file>
      <input_file id="fl-d3">
         <path>C:\ti\ccsv8\tools\compiler\ti-cgt-arm_18.1.2.LTS\lib\</path>
         <kind>archive</kind>
         <file>rtsv7M4_T_le_v4SPD16_eabi.lib</file>
         <name>memcpy_t2.asm.obj</name>
      </input_file>
      <input_file id="fl-d4">
         <path>C:\ti\ccsv8\tools\compiler\ti-cgt-arm_18.1.2.LTS\lib\</path>
         <kind>archive</kind>
         <file>rtsv7M4_T_le_v4SPD16_eabi.lib</file>
         <name>copy_zero_init.c.obj</name>
      </input_file>
      <input_file id="fl-d5">
         <path>C:\ti\ccsv8\tools\compiler\ti-cgt-arm_18.1.2.LTS\lib\</path>
         <kind>archive</kind>
         <file>rtsv7M4_T_le_v4SPD16_eabi.lib</file>
         <name>copy_decompress_none.c.obj</name>
      </input_file>
      <input_file id="fl-d6">
         <path>C:\ti\ccsv8\tools\compiler\ti-cgt-arm_18.1.2.LTS\lib\</path>
         <kind>archive</kind>
         <file>rtsv7M4_T_le_v4SPD16_eabi.lib</file>
         <name>copy_decompress_lzss.c.obj</name>
      </input_file>
      <input_file id="fl-d7">
         <path>C:\ti\ccsv8\tools\compiler\ti-cgt-arm_18.1.2.LTS\lib\</path>
         <kind>archive</kind>
         <file>rtsv7M4_T_le_v4SPD16_eabi.lib</file>
         <name>boot_cortex_m.c.obj</name>
      </input_file>
      <input_file id="fl-d8">
         <path>C:\ti\ccsv8\tools\compiler\ti-cgt-arm_18.1.2.LTS\lib\</path>
         <kind>archive</kind>
         <file>rtsv7M4_T_le_v4SPD16_eabi.lib</file>
         <name>errno.c.obj</name>
      </input_file>
      <input_file id="fl-d9">
         <path>C:\ti\ccsv8\tools\compiler\ti-cgt-arm_18.1.2.LTS\lib\</path>
         <kind>archive</kind>
         <file>rtsv7M4_T_le_v4SPD16_eabi.lib</file>
         <name>exit.c.obj</name>
      </input_file>
      <input_file id="fl-da">
         <path>C:\ti\ccsv8\tools\compiler\ti-cgt-arm_18.1.2.LTS\lib\</path>
         <kind>archive</kind>
         <file>rtsv7M4_T_le_v4SPD16_eabi.lib</file>
         <name>memory.c.obj</name>
      </input_file>
      <input_file id="fl-db">
         <path>C:\ti\ccsv8\tools\compiler\ti-cgt-arm_18.1.2.LTS\lib\</path>
         <kind>archive</kind>
         <file>rtsv7M4_T_le_v4SPD16_eabi.lib</file>
         <name>_lock.c.obj</name>
      </input_file>
      <input_file id="fl-dc">
         <path>C:\ti\ccsv8\tools\compiler\ti-cgt-arm_18.1.2.LTS\lib\</path>
         <kind>archive</kind>
         <file>rtsv7M4_T_le_v4SPD16_eabi.lib</file>
         <name>args_main.c.obj</name>
      </input_file>
      <input_file id="fl-dd">
         <path>C:\ti\ccsv8\tools\compiler\ti-cgt-arm_18.1.2.LTS\lib\</path>
         <kind>archive</kind>
         <file>rtsv7M4_T_le_v4SPD16_eabi.lib</file>
         <name>sprintf.c.obj</name>
      </input_file>
      <input_file id="fl-de">
         <path>C:\ti\ccsv8\tools\compiler\ti-cgt-arm_18.1.2.LTS\lib\</path>
         <kind>archive</kind>
         <file>rtsv7M4_T_le_v4SPD16_eabi.lib</file>
         <name>strcat.c.obj</name>
      </input_file>
      <input_file id="fl-df">
         <path>C:\ti\ccsv8\tools\compiler\ti-cgt-arm_18.1.2.LTS\lib\</path>
         <kind>archive</kind>
         <file>rtsv7M4_T_le_v4SPD16_eabi.lib</file>
         <name>strcmp.c.obj</name>
      </input_file>
      <input_file id="fl-e0">
         <path>C:\ti\ccsv8\tools\compiler\ti-cgt-arm_18.1.2.LTS\lib\</path>
         <kind>archive</kind>
         <file>rtsv7M4_T_le_v4SPD16_eabi.lib</file>
         <name>strcpy.c.obj</name>
      </input_file>
      <input_file id="fl-e1">
         <path>C:\ti\ccsv8\tools\compiler\ti-cgt-arm_18.1.2.LTS\lib\</path>
         <kind>archive</kind>
         <file>rtsv7M4_T_le_v4SPD16_eabi.lib</file>
         <name>vsnprintf.c.obj</name>
      </input_file>
      <input_file id="fl-e2">
         <path>C:\ti\ccsv8\tools\compiler\ti-cgt-arm_18.1.2.LTS\lib\</path>
         <kind>archive</kind>
         <file>rtsv7M4_T_le_v4SPD16_eabi.lib</file>
         <name>k_rem_pio2.c.obj</name>
      </input_file>
      <input_file id="fl-e3">
         <path>C:\ti\ccsv8\tools\compiler\ti-cgt-arm_18.1.2.LTS\lib\</path>
         <kind>archive</kind>
         <file>rtsv7M4_T_le_v4SPD16_eabi.lib</file>
         <name>k_cos.c.obj</name>
      </input_file>
      <input_file id="fl-e4">
         <path>C:\ti\ccsv8\tools\compiler\ti-cgt-arm_18.1.2.LTS\lib\</path>
         <kind>archive</kind>
         <file>rtsv7M4_T_le_v4SPD16_eabi.lib</file>
         <name>k_sin.c.obj</name>
      </input_file>
      <input_file id="fl-e5">
         <path>C:\ti\ccsv8\tools\compiler\ti-cgt-arm_18.1.2.LTS\lib\</path>
         <kind>archive</kind>
         <file>rtsv7M4_T_le_v4SPD16_eabi.lib</file>
         <name>s_floor.c.obj</name>
      </input_file>
      <input_file id="fl-e6">
         <path>C:\ti\ccsv8\tools\compiler\ti-cgt-arm_18.1.2.LTS\lib\</path>
         <kind>archive</kind>
         <file>rtsv7M4_T_le_v4SPD16_eabi.lib</file>
         <name>memset_t2.asm.obj</name>
      </input_file>
      <input_file id="fl-e7">
         <path>C:\ti\ccsv8\tools\compiler\ti-cgt-arm_18.1.2.LTS\lib\</path>
         <kind>archive</kind>
         <file>rtsv7M4_T_le_v4SPD16_eabi.lib</file>
         <name>autoinit.c.obj</name>
      </input_file>
      <input_file id="fl-e8">
         <path>C:\ti\ccsv8\tools\compiler\ti-cgt-arm_18.1.2.LTS\lib\</path>
         <kind>archive</kind>
         <file>rtsv7M4_T_le_v4SPD16_eabi.lib</file>
         <name>pre_init.c.obj</name>
      </input_file>
      <input_file id="fl-e9">
         <path>C:\ti\ccsv8\tools\compiler\ti-cgt-arm_18.1.2.LTS\lib\</path>
         <kind>archive</kind>
         <file>rtsv7M4_T_le_v4SPD16_eabi.lib</file>
         <name>cpy_tbl.c.obj</name>
      </input_file>
      <input_file id="fl-ea">
         <path>C:\ti\ccsv8\tools\compiler\ti-cgt-arm_18.1.2.LTS\lib\</path>
         <kind>archive</kind>
         <file>rtsv7M4_T_le_v4SPD16_eabi.lib</file>
         <name>_printfi.c.obj</name>
      </input_file>
      <input_file id="fl-eb">
         <path>C:\ti\ccsv8\tools\compiler\ti-cgt-arm_18.1.2.LTS\lib\</path>
         <kind>archive</kind>
         <file>rtsv7M4_T_le_v4SPD16_eabi.lib</file>
         <name>atoi.c.obj</name>
      </input_file>
      <input_file id="fl-ec">
         <path>C:\ti\ccsv8\tools\compiler\ti-cgt-arm_18.1.2.LTS\lib\</path>
         <kind>archive</kind>
         <file>rtsv7M4_T_le_v4SPD16_eabi.lib</file>
         <name>ctype.c.obj</name>
      </input_file>
      <input_file id="fl-ed">
         <path>C:\ti\ccsv8\tools\compiler\ti-cgt-arm_18.1.2.LTS\lib\</path>
         <kind>archive</kind>
         <file>rtsv7M4_T_le_v4SPD16_eabi.lib</file>
         <name>ltoa.c.obj</name>
      </input_file>
      <input_file id="fl-ee">
         <path>C:\ti\ccsv8\tools\compiler\ti-cgt-arm_18.1.2.LTS\lib\</path>
         <kind>archive</kind>
         <file>rtsv7M4_T_le_v4SPD16_eabi.lib</file>
         <name>memccpy.c.obj</name>
      </input_file>
      <input_file id="fl-ef">
         <path>C:\ti\ccsv8\tools\compiler\ti-cgt-arm_18.1.2.LTS\lib\</path>
         <kind>archive</kind>
         <file>rtsv7M4_T_le_v4SPD16_eabi.lib</file>
         <name>strchr.c.obj</name>
      </input_file>
      <input_file id="fl-f0">
         <path>C:\ti\ccsv8\tools\compiler\ti-cgt-arm_18.1.2.LTS\lib\</path>
         <kind>archive</kind>
         <file>rtsv7M4_T_le_v4SPD16_eabi.lib</file>
         <name>strlen.c.obj</name>
      </input_file>
      <input_file id="fl-f1">
         <path>C:\ti\ccsv8\tools\compiler\ti-cgt-arm_18.1.2.LTS\lib\</path>
         <kind>archive</kind>
         <file>rtsv7M4_T_le_v4SPD16_eabi.lib</file>
         <name>s_frexp.c.obj</name>
      </input_file>
      <input_file id="fl-f2">
         <path>C:\ti\ccsv8\tools\compiler\ti-cgt-arm_18.1.2.LTS\lib\</path>
         <kind>archive</kind>
         <file>rtsv7M4_T_le_v4SPD16_eabi.lib</file>
         <name>wcslen.c.obj</name>
      </input_file>
      <input_file id="fl-f3">
         <path>C:\ti\ccsv8\tools\compiler\ti-cgt-arm_18.1.2.LTS\lib\</path>
         <kind>archive</kind>
         <file>rtsv7M4_T_le_v4SPD16_eabi.lib</file>
         <name>ull_div_t2.asm.obj</name>
      </input_file>
      <input_file id="fl-f4">
         <path>C:\ti\ccsv8\tools\compiler\ti-cgt-arm_18.1.2.LTS\lib\</path>
         <kind>archive</kind>
         <file>rtsv7M4_T_le_v4SPD16_eabi.lib</file>
         <name>div0.asm.obj</name>
      </input_file>
   </input_file_list>
   <object_component_list>
      <object_component id="oc-f">
         <name>.intvecs</name>
         <load_address>0x0</load_address>
         <run_address>0x0</run_address>
         <size>0x26c</size>
         <input_file_ref idref="fl-7"/>
      </object_component>
      <object_component id="oc-eb">
         <name>.text</name>
         <load_address>0x26c</load_address>
         <run_address>0x26c</run_address>
         <size>0xa88</size>
         <input_file_ref idref="fl-5"/>
      </object_component>
      <object_component id="oc-1d8">
         <name>.text:__TI_printfi</name>
         <load_address>0xcf4</load_address>
         <run_address>0xcf4</run_address>
         <size>0xa5e</size>
         <input_file_ref idref="fl-ea"/>
      </object_component>
      <object_component id="oc-310">
         <name>.text:_nop</name>
         <load_address>0x1752</load_address>
         <run_address>0x1752</run_address>
         <size>0x2</size>
         <input_file_ref idref="fl-db"/>
      </object_component>
      <object_component id="oc-18c">
         <name>.text:pow</name>
         <load_address>0x1754</load_address>
         <run_address>0x1754</run_address>
         <size>0x9c0</size>
         <input_file_ref idref="fl-c5"/>
      </object_component>
      <object_component id="oc-27e">
         <name>.text:__kernel_rem_pio2</name>
         <load_address>0x2114</load_address>
         <run_address>0x2114</run_address>
         <size>0x738</size>
         <input_file_ref idref="fl-e2"/>
      </object_component>
      <object_component id="oc-df">
         <name>.text</name>
         <load_address>0x284c</load_address>
         <run_address>0x284c</run_address>
         <size>0x718</size>
         <input_file_ref idref="fl-2"/>
      </object_component>
      <object_component id="oc-9f">
         <name>.text</name>
         <load_address>0x2f64</load_address>
         <run_address>0x2f64</run_address>
         <size>0x6c8</size>
         <input_file_ref idref="fl-4"/>
      </object_component>
      <object_component id="oc-19a">
         <name>.text:cos</name>
         <load_address>0x362c</load_address>
         <run_address>0x362c</run_address>
         <size>0x5dc</size>
         <input_file_ref idref="fl-c7"/>
      </object_component>
      <object_component id="oc-1a0">
         <name>.text:sin</name>
         <load_address>0x3c08</load_address>
         <run_address>0x3c08</run_address>
         <size>0x5c4</size>
         <input_file_ref idref="fl-c9"/>
      </object_component>
      <object_component id="oc-d9">
         <name>.text</name>
         <load_address>0x41cc</load_address>
         <run_address>0x41cc</run_address>
         <size>0x2ec</size>
         <input_file_ref idref="fl-3"/>
      </object_component>
      <object_component id="oc-2ea">
         <name>.text:_pconv_a</name>
         <load_address>0x44b8</load_address>
         <run_address>0x44b8</run_address>
         <size>0x270</size>
         <input_file_ref idref="fl-ea"/>
      </object_component>
      <object_component id="oc-2d8">
         <name>.text:_pconv_g</name>
         <load_address>0x4728</load_address>
         <run_address>0x4728</run_address>
         <size>0x1d0</size>
         <input_file_ref idref="fl-ea"/>
      </object_component>
      <object_component id="oc-249">
         <name>.text</name>
         <load_address>0x48f8</load_address>
         <run_address>0x48f8</run_address>
         <size>0x1b6</size>
         <input_file_ref idref="fl-cb"/>
      </object_component>
      <object_component id="oc-3f4">
         <name>.text</name>
         <load_address>0x4aae</load_address>
         <run_address>0x4aae</run_address>
         <size>0x2</size>
         <input_file_ref idref="fl-f4"/>
      </object_component>
      <object_component id="oc-284">
         <name>.text:__kernel_sin</name>
         <load_address>0x4ab0</load_address>
         <run_address>0x4ab0</run_address>
         <size>0x174</size>
         <input_file_ref idref="fl-e4"/>
      </object_component>
      <object_component id="oc-278">
         <name>.text:__kernel_cos</name>
         <load_address>0x4c24</load_address>
         <run_address>0x4c24</run_address>
         <size>0x16c</size>
         <input_file_ref idref="fl-e3"/>
      </object_component>
      <object_component id="oc-24e">
         <name>.text:sqrt</name>
         <load_address>0x4d90</load_address>
         <run_address>0x4d90</run_address>
         <size>0x158</size>
         <input_file_ref idref="fl-c6"/>
      </object_component>
      <object_component id="oc-e5">
         <name>.text</name>
         <load_address>0x4ee8</load_address>
         <run_address>0x4ee8</run_address>
         <size>0x158</size>
         <input_file_ref idref="fl-6"/>
      </object_component>
      <object_component id="oc-2e4">
         <name>.text:_pconv_e</name>
         <load_address>0x5040</load_address>
         <run_address>0x5040</run_address>
         <size>0x13c</size>
         <input_file_ref idref="fl-ea"/>
      </object_component>
      <object_component id="oc-195">
         <name>.text</name>
         <load_address>0x517c</load_address>
         <run_address>0x517c</run_address>
         <size>0x136</size>
         <input_file_ref idref="fl-cd"/>
      </object_component>
      <object_component id="oc-396">
         <name>.text:fcvt</name>
         <load_address>0x52b4</load_address>
         <run_address>0x52b4</run_address>
         <size>0x120</size>
         <input_file_ref idref="fl-ea"/>
      </object_component>
      <object_component id="oc-d3">
         <name>.text</name>
         <load_address>0x53d4</load_address>
         <run_address>0x53d4</run_address>
         <size>0x11c</size>
         <input_file_ref idref="fl-8"/>
      </object_component>
      <object_component id="oc-267">
         <name>.text:scalbn</name>
         <load_address>0x54f0</load_address>
         <run_address>0x54f0</run_address>
         <size>0x110</size>
         <input_file_ref idref="fl-c8"/>
      </object_component>
      <object_component id="oc-17d">
         <name>.text</name>
         <load_address>0x5600</load_address>
         <run_address>0x5600</run_address>
         <size>0xfc</size>
         <input_file_ref idref="fl-ce"/>
      </object_component>
      <object_component id="oc-359">
         <name>.text:floor</name>
         <load_address>0x56fc</load_address>
         <run_address>0x56fc</run_address>
         <size>0xf8</size>
         <input_file_ref idref="fl-e5"/>
      </object_component>
      <object_component id="oc-1b3">
         <name>.text:free</name>
         <load_address>0x57f4</load_address>
         <run_address>0x57f4</run_address>
         <size>0xd8</size>
         <input_file_ref idref="fl-da"/>
      </object_component>
      <object_component id="oc-2d2">
         <name>.text:_ltostr</name>
         <load_address>0x58cc</load_address>
         <run_address>0x58cc</run_address>
         <size>0xb1</size>
         <input_file_ref idref="fl-ea"/>
      </object_component>
      <object_component id="oc-3b">
         <name>.text</name>
         <load_address>0x597e</load_address>
         <run_address>0x597e</run_address>
         <size>0x9c</size>
         <input_file_ref idref="fl-d3"/>
      </object_component>
      <object_component id="oc-37d">
         <name>.text</name>
         <load_address>0x5a1a</load_address>
         <run_address>0x5a1a</run_address>
         <size>0x96</size>
         <input_file_ref idref="fl-f3"/>
      </object_component>
      <object_component id="oc-25d">
         <name>.text:__aeabi_cdcmple</name>
         <load_address>0x5ab0</load_address>
         <run_address>0x5ab0</run_address>
         <size>0x86</size>
         <input_file_ref idref="fl-cc"/>
      </object_component>
      <object_component id="oc-262">
         <name>.text:__aeabi_cdrcmple</name>
         <load_address>0x5b36</load_address>
         <run_address>0x5b36</run_address>
         <size>0x86</size>
         <input_file_ref idref="fl-cc"/>
      </object_component>
      <object_component id="oc-93">
         <name>.text</name>
         <load_address>0x5bbc</load_address>
         <run_address>0x5bbc</run_address>
         <size>0x7a</size>
         <input_file_ref idref="fl-e6"/>
      </object_component>
      <object_component id="oc-28e">
         <name>.text:malloc</name>
         <load_address>0x5c38</load_address>
         <run_address>0x5c38</run_address>
         <size>0x78</size>
         <input_file_ref idref="fl-da"/>
      </object_component>
      <object_component id="oc-38f">
         <name>.text:_mcpy</name>
         <load_address>0x5cb0</load_address>
         <run_address>0x5cb0</run_address>
         <size>0x6e</size>
         <input_file_ref idref="fl-ea"/>
      </object_component>
      <object_component id="oc-182">
         <name>.text</name>
         <load_address>0x5d1e</load_address>
         <run_address>0x5d1e</run_address>
         <size>0x6e</size>
         <input_file_ref idref="fl-d0"/>
      </object_component>
      <object_component id="oc-12">
         <name>.text:decompress:lzss:__TI_decompress_lzss</name>
         <load_address>0x5d8c</load_address>
         <run_address>0x5d8c</run_address>
         <size>0x68</size>
         <input_file_ref idref="fl-d6"/>
      </object_component>
      <object_component id="oc-3a4">
         <name>.text:frexp</name>
         <load_address>0x5df4</load_address>
         <run_address>0x5df4</run_address>
         <size>0x64</size>
         <input_file_ref idref="fl-f1"/>
      </object_component>
      <object_component id="oc-2de">
         <name>.text:_pconv_f</name>
         <load_address>0x5e58</load_address>
         <run_address>0x5e58</run_address>
         <size>0x56</size>
         <input_file_ref idref="fl-ea"/>
      </object_component>
      <object_component id="oc-383">
         <name>.text:ltoa</name>
         <load_address>0x5eae</load_address>
         <run_address>0x5eae</run_address>
         <size>0x54</size>
         <input_file_ref idref="fl-ed"/>
      </object_component>
      <object_component id="oc-389">
         <name>.text:_ecpy</name>
         <load_address>0x5f02</load_address>
         <run_address>0x5f02</run_address>
         <size>0x52</size>
         <input_file_ref idref="fl-ea"/>
      </object_component>
      <object_component id="oc-2cc">
         <name>.text:atoi</name>
         <load_address>0x5f54</load_address>
         <run_address>0x5f54</run_address>
         <size>0x4c</size>
         <input_file_ref idref="fl-eb"/>
      </object_component>
      <object_component id="oc-1cc">
         <name>.text</name>
         <load_address>0x5fa0</load_address>
         <run_address>0x5fa0</run_address>
         <size>0x48</size>
         <input_file_ref idref="fl-cf"/>
      </object_component>
      <object_component id="oc-11a">
         <name>.text:__TI_auto_init_nobinit_nopinit:__TI_auto_init_nobinit_nopinit</name>
         <load_address>0x5fe8</load_address>
         <run_address>0x5fe8</run_address>
         <size>0x44</size>
         <input_file_ref idref="fl-e7"/>
      </object_component>
      <object_component id="oc-f1">
         <name>.text:sprintf</name>
         <load_address>0x602c</load_address>
         <run_address>0x602c</run_address>
         <size>0x40</size>
         <input_file_ref idref="fl-dd"/>
      </object_component>
      <object_component id="oc-15c">
         <name>.text:vsnprintf</name>
         <load_address>0x606c</load_address>
         <run_address>0x606c</run_address>
         <size>0x40</size>
         <input_file_ref idref="fl-e1"/>
      </object_component>
      <object_component id="oc-39c">
         <name>.text:_fcpy</name>
         <load_address>0x60ac</load_address>
         <run_address>0x60ac</run_address>
         <size>0x3e</size>
         <input_file_ref idref="fl-ea"/>
      </object_component>
      <object_component id="oc-2a1">
         <name>.text:minsert</name>
         <load_address>0x60ec</load_address>
         <run_address>0x60ec</run_address>
         <size>0x3c</size>
         <input_file_ref idref="fl-da"/>
      </object_component>
      <object_component id="oc-59">
         <name>.text:_c_int00_noargs:_c_int00_noargs</name>
         <load_address>0x6128</load_address>
         <run_address>0x6128</run_address>
         <size>0x38</size>
         <input_file_ref idref="fl-d7"/>
      </object_component>
      <object_component id="oc-295">
         <name>.text:minit</name>
         <load_address>0x6160</load_address>
         <run_address>0x6160</run_address>
         <size>0x38</size>
         <input_file_ref idref="fl-da"/>
      </object_component>
      <object_component id="oc-187">
         <name>.text</name>
         <load_address>0x6198</load_address>
         <run_address>0x6198</run_address>
         <size>0x38</size>
         <input_file_ref idref="fl-d1"/>
      </object_component>
      <object_component id="oc-1c0">
         <name>.text:IntRegister</name>
         <load_address>0x61d0</load_address>
         <run_address>0x61d0</run_address>
         <size>0x34</size>
         <input_file_ref idref="fl-e"/>
      </object_component>
      <object_component id="oc-222">
         <name>.text:_outs</name>
         <load_address>0x6204</load_address>
         <run_address>0x6204</run_address>
         <size>0x30</size>
         <input_file_ref idref="fl-e1"/>
      </object_component>
      <object_component id="oc-178">
         <name>.text</name>
         <load_address>0x6234</load_address>
         <run_address>0x6234</run_address>
         <size>0x2e</size>
         <input_file_ref idref="fl-d2"/>
      </object_component>
      <object_component id="oc-1ad">
         <name>.text:calloc</name>
         <load_address>0x6262</load_address>
         <run_address>0x6262</run_address>
         <size>0x2a</size>
         <input_file_ref idref="fl-da"/>
      </object_component>
      <object_component id="oc-29b">
         <name>.text:mremove</name>
         <load_address>0x628c</load_address>
         <run_address>0x628c</run_address>
         <size>0x28</size>
         <input_file_ref idref="fl-da"/>
      </object_component>
      <object_component id="oc-fd">
         <name>.text:strcat</name>
         <load_address>0x62b4</load_address>
         <run_address>0x62b4</run_address>
         <size>0x1e</size>
         <input_file_ref idref="fl-de"/>
      </object_component>
      <object_component id="oc-2f0">
         <name>.text:memccpy</name>
         <load_address>0x62d2</load_address>
         <run_address>0x62d2</run_address>
         <size>0x1c</size>
         <input_file_ref idref="fl-ee"/>
      </object_component>
      <object_component id="oc-228">
         <name>.text:_outc</name>
         <load_address>0x62ee</load_address>
         <run_address>0x62ee</run_address>
         <size>0x18</size>
         <input_file_ref idref="fl-e1"/>
      </object_component>
      <object_component id="oc-1de">
         <name>.text:_outs</name>
         <load_address>0x6306</load_address>
         <run_address>0x6306</run_address>
         <size>0x18</size>
         <input_file_ref idref="fl-dd"/>
      </object_component>
      <object_component id="oc-1b9">
         <name>.text:oi_parseInt</name>
         <load_address>0x631e</load_address>
         <run_address>0x631e</run_address>
         <size>0x18</size>
         <input_file_ref idref="fl-5"/>
      </object_component>
      <object_component id="oc-162">
         <name>.text:strcmp</name>
         <load_address>0x6336</load_address>
         <run_address>0x6336</run_address>
         <size>0x18</size>
         <input_file_ref idref="fl-df"/>
      </object_component>
      <object_component id="oc-3aa">
         <name>.text:strchr</name>
         <load_address>0x634e</load_address>
         <run_address>0x634e</run_address>
         <size>0x16</size>
         <input_file_ref idref="fl-ef"/>
      </object_component>
      <object_component id="oc-343">
         <name>.text:copysign</name>
         <load_address>0x6364</load_address>
         <run_address>0x6364</run_address>
         <size>0x14</size>
         <input_file_ref idref="fl-ca"/>
      </object_component>
      <object_component id="oc-168">
         <name>.text:strcpy</name>
         <load_address>0x6378</load_address>
         <run_address>0x6378</run_address>
         <size>0x14</size>
         <input_file_ref idref="fl-e0"/>
      </object_component>
      <object_component id="oc-2c6">
         <name>.text:strlen</name>
         <load_address>0x638c</load_address>
         <run_address>0x638c</run_address>
         <size>0x14</size>
         <input_file_ref idref="fl-f0"/>
      </object_component>
      <object_component id="oc-2f6">
         <name>.text:wcslen</name>
         <load_address>0x63a0</load_address>
         <run_address>0x63a0</run_address>
         <size>0x12</size>
         <input_file_ref idref="fl-f2"/>
      </object_component>
      <object_component id="oc-1c6">
         <name>.text:IntMasterEnable</name>
         <load_address>0x63b2</load_address>
         <run_address>0x63b2</run_address>
         <size>0x10</size>
         <input_file_ref idref="fl-e"/>
      </object_component>
      <object_component id="oc-155">
         <name>.text:lcd_clear</name>
         <load_address>0x63c2</load_address>
         <run_address>0x63c2</run_address>
         <size>0x10</size>
         <input_file_ref idref="fl-3"/>
      </object_component>
      <object_component id="oc-18">
         <name>.text:decompress:none:__TI_decompress_none</name>
         <load_address>0x63d2</load_address>
         <run_address>0x63d2</run_address>
         <size>0xe</size>
         <input_file_ref idref="fl-d5"/>
      </object_component>
      <object_component id="oc-2b5">
         <name>.text:CPUcpsie</name>
         <load_address>0x63e0</load_address>
         <run_address>0x63e0</run_address>
         <size>0xc</size>
         <input_file_ref idref="fl-f"/>
      </object_component>
      <object_component id="oc-4d">
         <name>.text:decompress:ZI:__TI_zero_init</name>
         <load_address>0x63ec</load_address>
         <run_address>0x63ec</run_address>
         <size>0xc</size>
         <input_file_ref idref="fl-d4"/>
      </object_component>
      <object_component id="oc-27">
         <name>.text</name>
         <load_address>0x63f8</load_address>
         <run_address>0x63f8</run_address>
         <size>0xc</size>
         <input_file_ref idref="fl-7"/>
      </object_component>
      <object_component id="oc-1e4">
         <name>.text:_outc</name>
         <load_address>0x6404</load_address>
         <run_address>0x6404</run_address>
         <size>0xa</size>
         <input_file_ref idref="fl-dd"/>
      </object_component>
      <object_component id="oc-254">
         <name>.text:__aeabi_errno_addr</name>
         <load_address>0x6410</load_address>
         <run_address>0x6410</run_address>
         <size>0x8</size>
         <input_file_ref idref="fl-d8"/>
      </object_component>
      <object_component id="oc-99">
         <name>.text:_system_pre_init</name>
         <load_address>0x6418</load_address>
         <run_address>0x6418</run_address>
         <size>0x4</size>
         <input_file_ref idref="fl-e8"/>
      </object_component>
      <object_component id="oc-10e">
         <name>.text:abort:abort</name>
         <load_address>0x641c</load_address>
         <run_address>0x641c</run_address>
         <size>0x4</size>
         <input_file_ref idref="fl-d9"/>
      </object_component>
      <object_component id="oc-35f">
         <name>.const:$O1$$</name>
         <load_address>0x6420</load_address>
         <run_address>0x6420</run_address>
         <size>0x158</size>
         <input_file_ref idref="fl-e2"/>
      </object_component>
      <object_component id="oc-378">
         <name>.const:.string:_ctypes_</name>
         <load_address>0x6578</load_address>
         <run_address>0x6578</run_address>
         <size>0x101</size>
         <input_file_ref idref="fl-ec"/>
      </object_component>
      <object_component id="oc-107">
         <name>.const:.string:$P$T0$1</name>
         <load_address>0x6679</load_address>
         <run_address>0x6679</run_address>
         <size>0x7</size>
         <input_file_ref idref="fl-4"/>
      </object_component>
      <object_component id="oc-25a">
         <name>.const:$O1$$</name>
         <load_address>0x6680</load_address>
         <run_address>0x6680</run_address>
         <size>0x30</size>
         <input_file_ref idref="fl-c5"/>
      </object_component>
      <object_component id="oc-1d2">
         <name>.const:.string:$P$T0$3</name>
         <load_address>0x66b0</load_address>
         <run_address>0x66b0</run_address>
         <size>0xf</size>
         <input_file_ref idref="fl-5"/>
      </object_component>
      <object_component id="oc-10a">
         <name>.const:.string:$P$T1$2</name>
         <load_address>0x66bf</load_address>
         <run_address>0x66bf</run_address>
         <size>0x7</size>
         <input_file_ref idref="fl-4"/>
      </object_component>
      <object_component id="oc-16e">
         <name>.const:.string:lineAddress$1</name>
         <load_address>0x66c6</load_address>
         <run_address>0x66c6</run_address>
         <size>0x4</size>
         <input_file_ref idref="fl-3"/>
      </object_component>
      <object_component id="oc-16f">
         <name>.const:.string:lineAddresses$2</name>
         <load_address>0x66ca</load_address>
         <run_address>0x66ca</run_address>
         <size>0x4</size>
         <input_file_ref idref="fl-3"/>
      </object_component>
      <object_component id="oc-447">
         <name>.cinit..data.load</name>
         <load_address>0x66d0</load_address>
         <run_address>0x66d0</run_address>
         <size>0x27</size>
      </object_component>
      <object_component id="oc-444">
         <name>__TI_handler_table</name>
         <load_address>0x66f8</load_address>
         <run_address>0x66f8</run_address>
         <size>0xc</size>
      </object_component>
      <object_component id="oc-448">
         <name>.cinit..bss.load</name>
         <load_address>0x6708</load_address>
         <run_address>0x6708</run_address>
         <size>0x8</size>
      </object_component>
      <object_component id="oc-446">
         <name>.cinit..vtable.load</name>
         <load_address>0x6710</load_address>
         <run_address>0x6710</run_address>
         <size>0x8</size>
      </object_component>
      <object_component id="oc-445">
         <name>__TI_cinit_table</name>
         <load_address>0x6718</load_address>
         <run_address>0x6718</run_address>
         <size>0x18</size>
      </object_component>
      <object_component id="oc-2ab">
         <name>.vtable</name>
         <uninitialized>true</uninitialized>
         <run_address>0x20000000</run_address>
         <size>0x26c</size>
         <input_file_ref idref="fl-e"/>
      </object_component>
      <object_component id="oc-192">
         <name>.data</name>
         <load_address>0x2000129c</load_address>
         <run_address>0x2000129c</run_address>
         <size>0x8</size>
         <input_file_ref idref="fl-2"/>
      </object_component>
      <object_component id="oc-fa">
         <name>.data</name>
         <load_address>0x20001268</load_address>
         <run_address>0x20001268</run_address>
         <size>0x10</size>
         <input_file_ref idref="fl-4"/>
      </object_component>
      <object_component id="oc-1d1">
         <name>.data</name>
         <load_address>0x20001278</load_address>
         <run_address>0x20001278</run_address>
         <size>0x10</size>
         <input_file_ref idref="fl-5"/>
      </object_component>
      <object_component id="oc-33a">
         <name>.data</name>
         <load_address>0x200012a4</load_address>
         <run_address>0x200012a4</run_address>
         <size>0x4</size>
         <input_file_ref idref="fl-d8"/>
      </object_component>
      <object_component id="oc-2a7">
         <name>.data:$O1$$</name>
         <load_address>0x20001288</load_address>
         <run_address>0x20001288</run_address>
         <size>0xc</size>
         <input_file_ref idref="fl-da"/>
      </object_component>
      <object_component id="oc-204">
         <name>.data:$O1$$</name>
         <load_address>0x20001294</load_address>
         <run_address>0x20001294</run_address>
         <size>0x8</size>
         <input_file_ref idref="fl-db"/>
      </object_component>
      <object_component id="oc-170">
         <name>.bss:lastbuffer$3</name>
         <uninitialized>true</uninitialized>
         <run_address>0x200011c0</run_address>
         <size>0x54</size>
         <input_file_ref idref="fl-3"/>
      </object_component>
      <object_component id="oc-1d5">
         <name>.bss:firmware$2</name>
         <uninitialized>true</uninitialized>
         <run_address>0x20001248</run_address>
         <size>0x18</size>
         <input_file_ref idref="fl-5"/>
      </object_component>
      <object_component id="oc-104">
         <name>.common:x</name>
         <uninitialized>true</uninitialized>
         <run_address>0x20001260</run_address>
         <size>0x4</size>
      </object_component>
      <object_component id="oc-103">
         <name>.common:y</name>
         <uninitialized>true</uninitialized>
         <run_address>0x20001264</run_address>
         <size>0x4</size>
      </object_component>
      <object_component id="oc-f7">
         <name>.common:str</name>
         <uninitialized>true</uninitialized>
         <run_address>0x20001214</run_address>
         <size>0x34</size>
      </object_component>
      <object_component id="oc-105">
         <name>.common:sweepData</name>
         <uninitialized>true</uninitialized>
         <run_address>0x20000e70</run_address>
         <size>0x2d8</size>
      </object_component>
      <object_component id="oc-106">
         <name>.common:finds</name>
         <uninitialized>true</uninitialized>
         <run_address>0x20001148</run_address>
         <size>0x78</size>
      </object_component>
      <object_component id="oc-24">
         <name>.sysmem</name>
         <uninitialized>true</uninitialized>
         <run_address>0x20000a70</run_address>
         <size>0x8</size>
         <input_file_ref idref="fl-da"/>
      </object_component>
      <object_component id="oc-44a">
         <name>.sysmem</name>
         <uninitialized>true</uninitialized>
         <run_address>0x20000a70</run_address>
         <size>0x0</size>
      </object_component>
      <object_component id="oc-21">
         <name>.stack</name>
         <uninitialized>true</uninitialized>
         <run_address>0x20000270</run_address>
         <size>0x4</size>
         <input_file_ref idref="fl-d7"/>
      </object_component>
      <object_component id="oc-449">
         <name>.stack</name>
         <uninitialized>true</uninitialized>
         <run_address>0x20000270</run_address>
         <size>0x0</size>
      </object_component>
      <object_component id="oc-c2">
         <name>.debug_info</name>
         <load_address>0x0</load_address>
         <run_address>0x0</run_address>
         <size>0x3a5</size>
         <input_file_ref idref="fl-2"/>
      </object_component>
      <object_component id="oc-193">
         <name>.debug_info</name>
         <load_address>0x3a5</load_address>
         <run_address>0x3a5</run_address>
         <size>0xe2</size>
         <input_file_ref idref="fl-2"/>
      </object_component>
      <object_component id="oc-e0">
         <name>.debug_info</name>
         <load_address>0x487</load_address>
         <run_address>0x487</run_address>
         <size>0x8d0</size>
         <input_file_ref idref="fl-2"/>
      </object_component>
      <object_component id="oc-74">
         <name>.debug_info</name>
         <load_address>0xd57</load_address>
         <run_address>0xd57</run_address>
         <size>0x26b</size>
         <input_file_ref idref="fl-2"/>
      </object_component>
      <object_component id="oc-1ee">
         <name>.debug_info</name>
         <load_address>0xfc2</load_address>
         <run_address>0xfc2</run_address>
         <size>0x5aa</size>
         <input_file_ref idref="fl-2"/>
      </object_component>
      <object_component id="oc-36">
         <name>.debug_info</name>
         <load_address>0x156c</load_address>
         <run_address>0x156c</run_address>
         <size>0x84</size>
         <input_file_ref idref="fl-2"/>
      </object_component>
      <object_component id="oc-bd">
         <name>.debug_info</name>
         <load_address>0x15f0</load_address>
         <run_address>0x15f0</run_address>
         <size>0x297</size>
         <input_file_ref idref="fl-2"/>
      </object_component>
      <object_component id="oc-79">
         <name>.debug_info</name>
         <load_address>0x1887</load_address>
         <run_address>0x1887</run_address>
         <size>0xbb</size>
         <input_file_ref idref="fl-2"/>
      </object_component>
      <object_component id="oc-1a8">
         <name>.debug_info</name>
         <load_address>0x1942</load_address>
         <run_address>0x1942</run_address>
         <size>0x2c</size>
         <input_file_ref idref="fl-2"/>
      </object_component>
      <object_component id="oc-240">
         <name>.debug_info</name>
         <load_address>0x196e</load_address>
         <run_address>0x196e</run_address>
         <size>0xcc</size>
         <input_file_ref idref="fl-2"/>
      </object_component>
      <object_component id="oc-173">
         <name>.debug_info</name>
         <load_address>0x1a3a</load_address>
         <run_address>0x1a3a</run_address>
         <size>0x2c</size>
         <input_file_ref idref="fl-2"/>
      </object_component>
      <object_component id="oc-14e">
         <name>.debug_info</name>
         <load_address>0x1a66</load_address>
         <run_address>0x1a66</run_address>
         <size>0x91</size>
         <input_file_ref idref="fl-2"/>
      </object_component>
      <object_component id="oc-172">
         <name>.debug_info</name>
         <load_address>0x1af7</load_address>
         <run_address>0x1af7</run_address>
         <size>0x38c</size>
         <input_file_ref idref="fl-3"/>
      </object_component>
      <object_component id="oc-157">
         <name>.debug_info</name>
         <load_address>0x1e83</load_address>
         <run_address>0x1e83</run_address>
         <size>0x127</size>
         <input_file_ref idref="fl-3"/>
      </object_component>
      <object_component id="oc-da">
         <name>.debug_info</name>
         <load_address>0x1faa</load_address>
         <run_address>0x1faa</run_address>
         <size>0x845</size>
         <input_file_ref idref="fl-3"/>
      </object_component>
      <object_component id="oc-f8">
         <name>.debug_info</name>
         <load_address>0x27ef</load_address>
         <run_address>0x27ef</run_address>
         <size>0x682</size>
         <input_file_ref idref="fl-4"/>
      </object_component>
      <object_component id="oc-fb">
         <name>.debug_info</name>
         <load_address>0x2e71</load_address>
         <run_address>0x2e71</run_address>
         <size>0x14a</size>
         <input_file_ref idref="fl-4"/>
      </object_component>
      <object_component id="oc-108">
         <name>.debug_info</name>
         <load_address>0x2fbb</load_address>
         <run_address>0x2fbb</run_address>
         <size>0xcf</size>
         <input_file_ref idref="fl-4"/>
      </object_component>
      <object_component id="oc-10b">
         <name>.debug_info</name>
         <load_address>0x308a</load_address>
         <run_address>0x308a</run_address>
         <size>0xcf</size>
         <input_file_ref idref="fl-4"/>
      </object_component>
      <object_component id="oc-a1">
         <name>.debug_info</name>
         <load_address>0x3159</load_address>
         <run_address>0x3159</run_address>
         <size>0xa67</size>
         <input_file_ref idref="fl-4"/>
      </object_component>
      <object_component id="oc-1f5">
         <name>.debug_info</name>
         <load_address>0x3bc0</load_address>
         <run_address>0x3bc0</run_address>
         <size>0xb9</size>
         <input_file_ref idref="fl-4"/>
      </object_component>
      <object_component id="oc-1d7">
         <name>.debug_info</name>
         <load_address>0x3c79</load_address>
         <run_address>0x3c79</run_address>
         <size>0x3e4</size>
         <input_file_ref idref="fl-5"/>
      </object_component>
      <object_component id="oc-1d3">
         <name>.debug_info</name>
         <load_address>0x405d</load_address>
         <run_address>0x405d</run_address>
         <size>0xd9</size>
         <input_file_ref idref="fl-5"/>
      </object_component>
      <object_component id="oc-1ba">
         <name>.debug_info</name>
         <load_address>0x4136</load_address>
         <run_address>0x4136</run_address>
         <size>0x151</size>
         <input_file_ref idref="fl-5"/>
      </object_component>
      <object_component id="oc-ec">
         <name>.debug_info</name>
         <load_address>0x4287</load_address>
         <run_address>0x4287</run_address>
         <size>0x14eb</size>
         <input_file_ref idref="fl-5"/>
      </object_component>
      <object_component id="oc-e7">
         <name>.debug_info</name>
         <load_address>0x5772</load_address>
         <run_address>0x5772</run_address>
         <size>0x3f7</size>
         <input_file_ref idref="fl-6"/>
      </object_component>
      <object_component id="oc-2f">
         <name>.debug_info</name>
         <load_address>0x5b69</load_address>
         <run_address>0x5b69</run_address>
         <size>0x2ae</size>
         <input_file_ref idref="fl-7"/>
      </object_component>
      <object_component id="oc-10">
         <name>.debug_info</name>
         <load_address>0x5e17</load_address>
         <run_address>0x5e17</run_address>
         <size>0xed</size>
         <input_file_ref idref="fl-7"/>
      </object_component>
      <object_component id="oc-28">
         <name>.debug_info</name>
         <load_address>0x5f04</load_address>
         <run_address>0x5f04</run_address>
         <size>0x269</size>
         <input_file_ref idref="fl-7"/>
      </object_component>
      <object_component id="oc-154">
         <name>.debug_info</name>
         <load_address>0x616d</load_address>
         <run_address>0x616d</run_address>
         <size>0x267</size>
         <input_file_ref idref="fl-8"/>
      </object_component>
      <object_component id="oc-d4">
         <name>.debug_info</name>
         <load_address>0x63d4</load_address>
         <run_address>0x63d4</run_address>
         <size>0x274</size>
         <input_file_ref idref="fl-8"/>
      </object_component>
      <object_component id="oc-2b4">
         <name>.debug_info</name>
         <load_address>0x6648</load_address>
         <run_address>0x6648</run_address>
         <size>0x20e</size>
         <input_file_ref idref="fl-e"/>
      </object_component>
      <object_component id="oc-2ac">
         <name>.debug_info</name>
         <load_address>0x6856</load_address>
         <run_address>0x6856</run_address>
         <size>0x157</size>
         <input_file_ref idref="fl-e"/>
      </object_component>
      <object_component id="oc-1c3">
         <name>.debug_info</name>
         <load_address>0x69ad</load_address>
         <run_address>0x69ad</run_address>
         <size>0x2c1</size>
         <input_file_ref idref="fl-e"/>
      </object_component>
      <object_component id="oc-1ca">
         <name>.debug_info</name>
         <load_address>0x6c6e</load_address>
         <run_address>0x6c6e</run_address>
         <size>0x23e</size>
         <input_file_ref idref="fl-e"/>
      </object_component>
      <object_component id="oc-2bc">
         <name>.debug_info</name>
         <load_address>0x6eac</load_address>
         <run_address>0x6eac</run_address>
         <size>0x8b</size>
         <input_file_ref idref="fl-e"/>
      </object_component>
      <object_component id="oc-2af">
         <name>.debug_info</name>
         <load_address>0x6f37</load_address>
         <run_address>0x6f37</run_address>
         <size>0x18b</size>
         <input_file_ref idref="fl-e"/>
      </object_component>
      <object_component id="oc-2b6">
         <name>.debug_info</name>
         <load_address>0x70c2</load_address>
         <run_address>0x70c2</run_address>
         <size>0x212</size>
         <input_file_ref idref="fl-f"/>
      </object_component>
      <object_component id="oc-273">
         <name>.debug_info</name>
         <load_address>0x72d4</load_address>
         <run_address>0x72d4</run_address>
         <size>0x358</size>
         <input_file_ref idref="fl-c5"/>
      </object_component>
      <object_component id="oc-25b">
         <name>.debug_info</name>
         <load_address>0x762c</load_address>
         <run_address>0x762c</run_address>
         <size>0x11d</size>
         <input_file_ref idref="fl-c5"/>
      </object_component>
      <object_component id="oc-190">
         <name>.debug_info</name>
         <load_address>0x7749</load_address>
         <run_address>0x7749</run_address>
         <size>0xbd9</size>
         <input_file_ref idref="fl-c5"/>
      </object_component>
      <object_component id="oc-350">
         <name>.debug_info</name>
         <load_address>0x8322</load_address>
         <run_address>0x8322</run_address>
         <size>0x46</size>
         <input_file_ref idref="fl-c5"/>
      </object_component>
      <object_component id="oc-26e">
         <name>.debug_info</name>
         <load_address>0x8368</load_address>
         <run_address>0x8368</run_address>
         <size>0x39</size>
         <input_file_ref idref="fl-c5"/>
      </object_component>
      <object_component id="oc-339">
         <name>.debug_info</name>
         <load_address>0x83a1</load_address>
         <run_address>0x83a1</run_address>
         <size>0x2bf</size>
         <input_file_ref idref="fl-c6"/>
      </object_component>
      <object_component id="oc-251">
         <name>.debug_info</name>
         <load_address>0x8660</load_address>
         <run_address>0x8660</run_address>
         <size>0x242</size>
         <input_file_ref idref="fl-c6"/>
      </object_component>
      <object_component id="oc-28b">
         <name>.debug_info</name>
         <load_address>0x88a2</load_address>
         <run_address>0x88a2</run_address>
         <size>0x390</size>
         <input_file_ref idref="fl-c7"/>
      </object_component>
      <object_component id="oc-19b">
         <name>.debug_info</name>
         <load_address>0x8c32</load_address>
         <run_address>0x8c32</run_address>
         <size>0x790</size>
         <input_file_ref idref="fl-c7"/>
      </object_component>
      <object_component id="oc-34a">
         <name>.debug_info</name>
         <load_address>0x93c2</load_address>
         <run_address>0x93c2</run_address>
         <size>0x2f2</size>
         <input_file_ref idref="fl-c8"/>
      </object_component>
      <object_component id="oc-268">
         <name>.debug_info</name>
         <load_address>0x96b4</load_address>
         <run_address>0x96b4</run_address>
         <size>0x21a</size>
         <input_file_ref idref="fl-c8"/>
      </object_component>
      <object_component id="oc-3de">
         <name>.debug_info</name>
         <load_address>0x98ce</load_address>
         <run_address>0x98ce</run_address>
         <size>0x39</size>
         <input_file_ref idref="fl-c8"/>
      </object_component>
      <object_component id="oc-34b">
         <name>.debug_info</name>
         <load_address>0x9907</load_address>
         <run_address>0x9907</run_address>
         <size>0x2c</size>
         <input_file_ref idref="fl-c8"/>
      </object_component>
      <object_component id="oc-28d">
         <name>.debug_info</name>
         <load_address>0x9933</load_address>
         <run_address>0x9933</run_address>
         <size>0x390</size>
         <input_file_ref idref="fl-c9"/>
      </object_component>
      <object_component id="oc-1a4">
         <name>.debug_info</name>
         <load_address>0x9cc3</load_address>
         <run_address>0x9cc3</run_address>
         <size>0x78b</size>
         <input_file_ref idref="fl-c9"/>
      </object_component>
      <object_component id="oc-346">
         <name>.debug_info</name>
         <load_address>0xa44e</load_address>
         <run_address>0xa44e</run_address>
         <size>0x156</size>
         <input_file_ref idref="fl-ca"/>
      </object_component>
      <object_component id="oc-24a">
         <name>.debug_info</name>
         <load_address>0xa5a4</load_address>
         <run_address>0xa5a4</run_address>
         <size>0x144</size>
         <input_file_ref idref="fl-cb"/>
      </object_component>
      <object_component id="oc-25e">
         <name>.debug_info</name>
         <load_address>0xa6e8</load_address>
         <run_address>0xa6e8</run_address>
         <size>0x120</size>
         <input_file_ref idref="fl-cc"/>
      </object_component>
      <object_component id="oc-265">
         <name>.debug_info</name>
         <load_address>0xa808</load_address>
         <run_address>0xa808</run_address>
         <size>0x122</size>
         <input_file_ref idref="fl-cc"/>
      </object_component>
      <object_component id="oc-197">
         <name>.debug_info</name>
         <load_address>0xa92a</load_address>
         <run_address>0xa92a</run_address>
         <size>0x132</size>
         <input_file_ref idref="fl-cd"/>
      </object_component>
      <object_component id="oc-17e">
         <name>.debug_info</name>
         <load_address>0xaa5c</load_address>
         <run_address>0xaa5c</run_address>
         <size>0x132</size>
         <input_file_ref idref="fl-ce"/>
      </object_component>
      <object_component id="oc-1ce">
         <name>.debug_info</name>
         <load_address>0xab8e</load_address>
         <run_address>0xab8e</run_address>
         <size>0x126</size>
         <input_file_ref idref="fl-cf"/>
      </object_component>
      <object_component id="oc-183">
         <name>.debug_info</name>
         <load_address>0xacb4</load_address>
         <run_address>0xacb4</run_address>
         <size>0x136</size>
         <input_file_ref idref="fl-d0"/>
      </object_component>
      <object_component id="oc-189">
         <name>.debug_info</name>
         <load_address>0xadea</load_address>
         <run_address>0xadea</run_address>
         <size>0x124</size>
         <input_file_ref idref="fl-d1"/>
      </object_component>
      <object_component id="oc-17b">
         <name>.debug_info</name>
         <load_address>0xaf0e</load_address>
         <run_address>0xaf0e</run_address>
         <size>0x124</size>
         <input_file_ref idref="fl-d2"/>
      </object_component>
      <object_component id="oc-3e">
         <name>.debug_info</name>
         <load_address>0xb032</load_address>
         <run_address>0xb032</run_address>
         <size>0x111</size>
         <input_file_ref idref="fl-d3"/>
      </object_component>
      <object_component id="oc-92">
         <name>.debug_info</name>
         <load_address>0xb143</load_address>
         <run_address>0xb143</run_address>
         <size>0x313</size>
         <input_file_ref idref="fl-d4"/>
      </object_component>
      <object_component id="oc-4e">
         <name>.debug_info</name>
         <load_address>0xb456</load_address>
         <run_address>0xb456</run_address>
         <size>0x1aa</size>
         <input_file_ref idref="fl-d4"/>
      </object_component>
      <object_component id="oc-8d">
         <name>.debug_info</name>
         <load_address>0xb600</load_address>
         <run_address>0xb600</run_address>
         <size>0x46</size>
         <input_file_ref idref="fl-d4"/>
      </object_component>
      <object_component id="oc-ca">
         <name>.debug_info</name>
         <load_address>0xb646</load_address>
         <run_address>0xb646</run_address>
         <size>0x2c</size>
         <input_file_ref idref="fl-d4"/>
      </object_component>
      <object_component id="oc-46">
         <name>.debug_info</name>
         <load_address>0xb672</load_address>
         <run_address>0xb672</run_address>
         <size>0x29d</size>
         <input_file_ref idref="fl-d5"/>
      </object_component>
      <object_component id="oc-19">
         <name>.debug_info</name>
         <load_address>0xb90f</load_address>
         <run_address>0xb90f</run_address>
         <size>0x1df</size>
         <input_file_ref idref="fl-d5"/>
      </object_component>
      <object_component id="oc-41">
         <name>.debug_info</name>
         <load_address>0xbaee</load_address>
         <run_address>0xbaee</run_address>
         <size>0x46</size>
         <input_file_ref idref="fl-d5"/>
      </object_component>
      <object_component id="oc-85">
         <name>.debug_info</name>
         <load_address>0xbb34</load_address>
         <run_address>0xbb34</run_address>
         <size>0x2c</size>
         <input_file_ref idref="fl-d5"/>
      </object_component>
      <object_component id="oc-83">
         <name>.debug_info</name>
         <load_address>0xbb60</load_address>
         <run_address>0xbb60</run_address>
         <size>0x293</size>
         <input_file_ref idref="fl-d6"/>
      </object_component>
      <object_component id="oc-15">
         <name>.debug_info</name>
         <load_address>0xbdf3</load_address>
         <run_address>0xbdf3</run_address>
         <size>0x245</size>
         <input_file_ref idref="fl-d6"/>
      </object_component>
      <object_component id="oc-31">
         <name>.debug_info</name>
         <load_address>0xc038</load_address>
         <run_address>0xc038</run_address>
         <size>0x60</size>
         <input_file_ref idref="fl-d6"/>
      </object_component>
      <object_component id="oc-c3">
         <name>.debug_info</name>
         <load_address>0xc098</load_address>
         <run_address>0xc098</run_address>
         <size>0x46</size>
         <input_file_ref idref="fl-d6"/>
      </object_component>
      <object_component id="oc-7e">
         <name>.debug_info</name>
         <load_address>0xc0de</load_address>
         <run_address>0xc0de</run_address>
         <size>0x39</size>
         <input_file_ref idref="fl-d6"/>
      </object_component>
      <object_component id="oc-22">
         <name>.debug_info</name>
         <load_address>0xc117</load_address>
         <run_address>0xc117</run_address>
         <size>0x100</size>
         <input_file_ref idref="fl-d7"/>
      </object_component>
      <object_component id="oc-5c">
         <name>.debug_info</name>
         <load_address>0xc217</load_address>
         <run_address>0xc217</run_address>
         <size>0x1a4</size>
         <input_file_ref idref="fl-d7"/>
      </object_component>
      <object_component id="oc-33e">
         <name>.debug_info</name>
         <load_address>0xc3bb</load_address>
         <run_address>0xc3bb</run_address>
         <size>0x27e</size>
         <input_file_ref idref="fl-d8"/>
      </object_component>
      <object_component id="oc-33b">
         <name>.debug_info</name>
         <load_address>0xc639</load_address>
         <run_address>0xc639</run_address>
         <size>0x103</size>
         <input_file_ref idref="fl-d8"/>
      </object_component>
      <object_component id="oc-256">
         <name>.debug_info</name>
         <load_address>0xc73c</load_address>
         <run_address>0xc73c</run_address>
         <size>0x143</size>
         <input_file_ref idref="fl-d8"/>
      </object_component>
      <object_component id="oc-10f">
         <name>.debug_info</name>
         <load_address>0xc87f</load_address>
         <run_address>0xc87f</run_address>
         <size>0x117</size>
         <input_file_ref idref="fl-d9"/>
      </object_component>
      <object_component id="oc-6f">
         <name>.debug_info</name>
         <load_address>0xc996</load_address>
         <run_address>0xc996</run_address>
         <size>0x3bb</size>
         <input_file_ref idref="fl-da"/>
      </object_component>
      <object_component id="oc-25">
         <name>.debug_info</name>
         <load_address>0xcd51</load_address>
         <run_address>0xcd51</run_address>
         <size>0x101</size>
         <input_file_ref idref="fl-da"/>
      </object_component>
      <object_component id="oc-2a8">
         <name>.debug_info</name>
         <load_address>0xce52</load_address>
         <run_address>0xce52</run_address>
         <size>0x14c</size>
         <input_file_ref idref="fl-da"/>
      </object_component>
      <object_component id="oc-296">
         <name>.debug_info</name>
         <load_address>0xcf9e</load_address>
         <run_address>0xcf9e</run_address>
         <size>0x139</size>
         <input_file_ref idref="fl-da"/>
      </object_component>
      <object_component id="oc-29d">
         <name>.debug_info</name>
         <load_address>0xd0d7</load_address>
         <run_address>0xd0d7</run_address>
         <size>0x174</size>
         <input_file_ref idref="fl-da"/>
      </object_component>
      <object_component id="oc-2a2">
         <name>.debug_info</name>
         <load_address>0xd24b</load_address>
         <run_address>0xd24b</run_address>
         <size>0x172</size>
         <input_file_ref idref="fl-da"/>
      </object_component>
      <object_component id="oc-28f">
         <name>.debug_info</name>
         <load_address>0xd3bd</load_address>
         <run_address>0xd3bd</run_address>
         <size>0x1db</size>
         <input_file_ref idref="fl-da"/>
      </object_component>
      <object_component id="oc-1b4">
         <name>.debug_info</name>
         <load_address>0xd598</load_address>
         <run_address>0xd598</run_address>
         <size>0x1e6</size>
         <input_file_ref idref="fl-da"/>
      </object_component>
      <object_component id="oc-1ae">
         <name>.debug_info</name>
         <load_address>0xd77e</load_address>
         <run_address>0xd77e</run_address>
         <size>0x1b1</size>
         <input_file_ref idref="fl-da"/>
      </object_component>
      <object_component id="oc-b3">
         <name>.debug_info</name>
         <load_address>0xd92f</load_address>
         <run_address>0xd92f</run_address>
         <size>0x2c</size>
         <input_file_ref idref="fl-da"/>
      </object_component>
      <object_component id="oc-b8">
         <name>.debug_info</name>
         <load_address>0xd95b</load_address>
         <run_address>0xd95b</run_address>
         <size>0x62</size>
         <input_file_ref idref="fl-da"/>
      </object_component>
      <object_component id="oc-318">
         <name>.debug_info</name>
         <load_address>0xd9bd</load_address>
         <run_address>0xd9bd</run_address>
         <size>0x2be</size>
         <input_file_ref idref="fl-db"/>
      </object_component>
      <object_component id="oc-205">
         <name>.debug_info</name>
         <load_address>0xdc7b</load_address>
         <run_address>0xdc7b</run_address>
         <size>0x113</size>
         <input_file_ref idref="fl-db"/>
      </object_component>
      <object_component id="oc-314">
         <name>.debug_info</name>
         <load_address>0xdd8e</load_address>
         <run_address>0xdd8e</run_address>
         <size>0x123</size>
         <input_file_ref idref="fl-db"/>
      </object_component>
      <object_component id="oc-1eb">
         <name>.debug_info</name>
         <load_address>0xdeb1</load_address>
         <run_address>0xdeb1</run_address>
         <size>0x328</size>
         <input_file_ref idref="fl-dd"/>
      </object_component>
      <object_component id="oc-f4">
         <name>.debug_info</name>
         <load_address>0xe1d9</load_address>
         <run_address>0xe1d9</run_address>
         <size>0x1c6</size>
         <input_file_ref idref="fl-dd"/>
      </object_component>
      <object_component id="oc-1e2">
         <name>.debug_info</name>
         <load_address>0xe39f</load_address>
         <run_address>0xe39f</run_address>
         <size>0x182</size>
         <input_file_ref idref="fl-dd"/>
      </object_component>
      <object_component id="oc-1e6">
         <name>.debug_info</name>
         <load_address>0xe521</load_address>
         <run_address>0xe521</run_address>
         <size>0x162</size>
         <input_file_ref idref="fl-dd"/>
      </object_component>
      <object_component id="oc-230">
         <name>.debug_info</name>
         <load_address>0xe683</load_address>
         <run_address>0xe683</run_address>
         <size>0x2c</size>
         <input_file_ref idref="fl-dd"/>
      </object_component>
      <object_component id="oc-1fb">
         <name>.debug_info</name>
         <load_address>0xe6af</load_address>
         <run_address>0xe6af</run_address>
         <size>0x299</size>
         <input_file_ref idref="fl-de"/>
      </object_component>
      <object_component id="oc-ff">
         <name>.debug_info</name>
         <load_address>0xe948</load_address>
         <run_address>0xe948</run_address>
         <size>0x24c</size>
         <input_file_ref idref="fl-de"/>
      </object_component>
      <object_component id="oc-23b">
         <name>.debug_info</name>
         <load_address>0xeb94</load_address>
         <run_address>0xeb94</run_address>
         <size>0x27f</size>
         <input_file_ref idref="fl-df"/>
      </object_component>
      <object_component id="oc-163">
         <name>.debug_info</name>
         <load_address>0xee13</load_address>
         <run_address>0xee13</run_address>
         <size>0x258</size>
         <input_file_ref idref="fl-df"/>
      </object_component>
      <object_component id="oc-23d">
         <name>.debug_info</name>
         <load_address>0xf06b</load_address>
         <run_address>0xf06b</run_address>
         <size>0x299</size>
         <input_file_ref idref="fl-e0"/>
      </object_component>
      <object_component id="oc-16b">
         <name>.debug_info</name>
         <load_address>0xf304</load_address>
         <run_address>0xf304</run_address>
         <size>0x231</size>
         <input_file_ref idref="fl-e0"/>
      </object_component>
      <object_component id="oc-22f">
         <name>.debug_info</name>
         <load_address>0xf535</load_address>
         <run_address>0xf535</run_address>
         <size>0x335</size>
         <input_file_ref idref="fl-e1"/>
      </object_component>
      <object_component id="oc-15d">
         <name>.debug_info</name>
         <load_address>0xf86a</load_address>
         <run_address>0xf86a</run_address>
         <size>0x1fd</size>
         <input_file_ref idref="fl-e1"/>
      </object_component>
      <object_component id="oc-223">
         <name>.debug_info</name>
         <load_address>0xfa67</load_address>
         <run_address>0xfa67</run_address>
         <size>0x1bb</size>
         <input_file_ref idref="fl-e1"/>
      </object_component>
      <object_component id="oc-229">
         <name>.debug_info</name>
         <load_address>0xfc22</load_address>
         <run_address>0xfc22</run_address>
         <size>0x16e</size>
         <input_file_ref idref="fl-e1"/>
      </object_component>
      <object_component id="oc-235">
         <name>.debug_info</name>
         <load_address>0xfd90</load_address>
         <run_address>0xfd90</run_address>
         <size>0x69</size>
         <input_file_ref idref="fl-e1"/>
      </object_component>
      <object_component id="oc-363">
         <name>.debug_info</name>
         <load_address>0xfdf9</load_address>
         <run_address>0xfdf9</run_address>
         <size>0x39f</size>
         <input_file_ref idref="fl-e2"/>
      </object_component>
      <object_component id="oc-360">
         <name>.debug_info</name>
         <load_address>0x10198</load_address>
         <run_address>0x10198</run_address>
         <size>0x12f</size>
         <input_file_ref idref="fl-e2"/>
      </object_component>
      <object_component id="oc-27f">
         <name>.debug_info</name>
         <load_address>0x102c7</load_address>
         <run_address>0x102c7</run_address>
         <size>0x724</size>
         <input_file_ref idref="fl-e2"/>
      </object_component>
      <object_component id="oc-358">
         <name>.debug_info</name>
         <load_address>0x109eb</load_address>
         <run_address>0x109eb</run_address>
         <size>0x282</size>
         <input_file_ref idref="fl-e3"/>
      </object_component>
      <object_component id="oc-279">
         <name>.debug_info</name>
         <load_address>0x10c6d</load_address>
         <run_address>0x10c6d</run_address>
         <size>0x31c</size>
         <input_file_ref idref="fl-e3"/>
      </object_component>
      <object_component id="oc-366">
         <name>.debug_info</name>
         <load_address>0x10f89</load_address>
         <run_address>0x10f89</run_address>
         <size>0x287</size>
         <input_file_ref idref="fl-e4"/>
      </object_component>
      <object_component id="oc-285">
         <name>.debug_info</name>
         <load_address>0x11210</load_address>
         <run_address>0x11210</run_address>
         <size>0x375</size>
         <input_file_ref idref="fl-e4"/>
      </object_component>
      <object_component id="oc-3e6">
         <name>.debug_info</name>
         <load_address>0x11585</load_address>
         <run_address>0x11585</run_address>
         <size>0x284</size>
         <input_file_ref idref="fl-e5"/>
      </object_component>
      <object_component id="oc-35a">
         <name>.debug_info</name>
         <load_address>0x11809</load_address>
         <run_address>0x11809</run_address>
         <size>0x21f</size>
         <input_file_ref idref="fl-e5"/>
      </object_component>
      <object_component id="oc-94">
         <name>.debug_info</name>
         <load_address>0x11a28</load_address>
         <run_address>0x11a28</run_address>
         <size>0x13f</size>
         <input_file_ref idref="fl-e6"/>
      </object_component>
      <object_component id="oc-20b">
         <name>.debug_info</name>
         <load_address>0x11b67</load_address>
         <run_address>0x11b67</run_address>
         <size>0x547</size>
         <input_file_ref idref="fl-e7"/>
      </object_component>
      <object_component id="oc-11b">
         <name>.debug_info</name>
         <load_address>0x120ae</load_address>
         <run_address>0x120ae</run_address>
         <size>0x19b</size>
         <input_file_ref idref="fl-e7"/>
      </object_component>
      <object_component id="oc-31e">
         <name>.debug_info</name>
         <load_address>0x12249</load_address>
         <run_address>0x12249</run_address>
         <size>0x39</size>
         <input_file_ref idref="fl-e7"/>
      </object_component>
      <object_component id="oc-3c9">
         <name>.debug_info</name>
         <load_address>0x12282</load_address>
         <run_address>0x12282</run_address>
         <size>0x39</size>
         <input_file_ref idref="fl-e7"/>
      </object_component>
      <object_component id="oc-323">
         <name>.debug_info</name>
         <load_address>0x122bb</load_address>
         <run_address>0x122bb</run_address>
         <size>0x39</size>
         <input_file_ref idref="fl-e7"/>
      </object_component>
      <object_component id="oc-328">
         <name>.debug_info</name>
         <load_address>0x122f4</load_address>
         <run_address>0x122f4</run_address>
         <size>0xcd</size>
         <input_file_ref idref="fl-e7"/>
      </object_component>
      <object_component id="oc-9d">
         <name>.debug_info</name>
         <load_address>0x123c1</load_address>
         <run_address>0x123c1</run_address>
         <size>0x148</size>
         <input_file_ref idref="fl-e8"/>
      </object_component>
      <object_component id="oc-2fd">
         <name>.debug_info</name>
         <load_address>0x12509</load_address>
         <run_address>0x12509</run_address>
         <size>0x8a6</size>
         <input_file_ref idref="fl-ea"/>
      </object_component>
      <object_component id="oc-2d3">
         <name>.debug_info</name>
         <load_address>0x12daf</load_address>
         <run_address>0x12daf</run_address>
         <size>0x213</size>
         <input_file_ref idref="fl-ea"/>
      </object_component>
      <object_component id="oc-38a">
         <name>.debug_info</name>
         <load_address>0x12fc2</load_address>
         <run_address>0x12fc2</run_address>
         <size>0x1a8</size>
         <input_file_ref idref="fl-ea"/>
      </object_component>
      <object_component id="oc-390">
         <name>.debug_info</name>
         <load_address>0x1316a</load_address>
         <run_address>0x1316a</run_address>
         <size>0x210</size>
         <input_file_ref idref="fl-ea"/>
      </object_component>
      <object_component id="oc-2d9">
         <name>.debug_info</name>
         <load_address>0x1337a</load_address>
         <run_address>0x1337a</run_address>
         <size>0x3b0</size>
         <input_file_ref idref="fl-ea"/>
      </object_component>
      <object_component id="oc-397">
         <name>.debug_info</name>
         <load_address>0x1372a</load_address>
         <run_address>0x1372a</run_address>
         <size>0x2fa</size>
         <input_file_ref idref="fl-ea"/>
      </object_component>
      <object_component id="oc-39d">
         <name>.debug_info</name>
         <load_address>0x13a24</load_address>
         <run_address>0x13a24</run_address>
         <size>0x20a</size>
         <input_file_ref idref="fl-ea"/>
      </object_component>
      <object_component id="oc-2df">
         <name>.debug_info</name>
         <load_address>0x13c2e</load_address>
         <run_address>0x13c2e</run_address>
         <size>0x20a</size>
         <input_file_ref idref="fl-ea"/>
      </object_component>
      <object_component id="oc-2e5">
         <name>.debug_info</name>
         <load_address>0x13e38</load_address>
         <run_address>0x13e38</run_address>
         <size>0x2f9</size>
         <input_file_ref idref="fl-ea"/>
      </object_component>
      <object_component id="oc-2eb">
         <name>.debug_info</name>
         <load_address>0x14131</load_address>
         <run_address>0x14131</run_address>
         <size>0x4a5</size>
         <input_file_ref idref="fl-ea"/>
      </object_component>
      <object_component id="oc-1d9">
         <name>.debug_info</name>
         <load_address>0x145d6</load_address>
         <run_address>0x145d6</run_address>
         <size>0x5cd</size>
         <input_file_ref idref="fl-ea"/>
      </object_component>
      <object_component id="oc-2fe">
         <name>.debug_info</name>
         <load_address>0x14ba3</load_address>
         <run_address>0x14ba3</run_address>
         <size>0x86</size>
         <input_file_ref idref="fl-ea"/>
      </object_component>
      <object_component id="oc-3bc">
         <name>.debug_info</name>
         <load_address>0x14c29</load_address>
         <run_address>0x14c29</run_address>
         <size>0x39</size>
         <input_file_ref idref="fl-ea"/>
      </object_component>
      <object_component id="oc-40d">
         <name>.debug_info</name>
         <load_address>0x14c62</load_address>
         <run_address>0x14c62</run_address>
         <size>0xb6</size>
         <input_file_ref idref="fl-ea"/>
      </object_component>
      <object_component id="oc-3c1">
         <name>.debug_info</name>
         <load_address>0x14d18</load_address>
[...]
      </symbol>
      <symbol id="sm-19f">
         <name>move_backward</name>
         <value>0x3381</value>
         <object_component_ref idref="oc-9f"/>
      </symbol>
      <symbol id="sm-1a0">
         <name>turn</name>
         <value>0x3239</value>
         <object_component_ref idref="oc-9f"/>
      </symbol>
      <symbol id="sm-1a1">
         <name>rightWheelSpeed</name>
         <value>0x2000126c</value>
         <object_component_ref idref="oc-fa"/>
      </symbol>
      <symbol id="sm-1a2">
         <name>objectCount</name>
         <value>0x20001274</value>
         <object_component_ref idref="oc-fa"/>
      </symbol>
      <symbol id="sm-1a3">
         <name>bumper_backward</name>
         <value>0x3441</value>
         <object_component_ref idref="oc-9f"/>
      </symbol>
      <symbol id="sm-24d">
         <name>go_charge</name>
         <value>0x921</value>
         <object_component_ref idref="oc-eb"/>
      </symbol>
      <symbol id="sm-24e">
         <name>GPIOF_Handler</name>
         <value>0xb65</value>
         <object_component_ref idref="oc-eb"/>
      </symbol>
      <symbol id="sm-24f">
         <name>getDegrees</name>
         <value>0xb7f</value>
         <object_component_ref idref="oc-eb"/>
      </symbol>
      <symbol id="sm-250">
         <name>oi_free</name>
         <value>0x279</value>
         <object_component_ref idref="oc-eb"/>
      </symbol>
      <symbol id="sm-251">
         <name>oi_uartReceive</name>
         <value>0x9d3</value>
         <object_component_ref idref="oc-eb"/>
      </symbol>
      <symbol id="sm-252">
         <name>oi_setWheels</name>
         <value>0x875</value>
         <object_component_ref idref="oc-eb"/>
      </symbol>
      <symbol id="sm-253">
         <name>oi_shutoff_init</name>
         <value>0xaf3</value>
         <object_component_ref idref="oc-eb"/>
      </symbol>
      <symbol id="sm-254">
         <name>oi_parseInt</name>
         <value>0x631f</value>
         <object_component_ref idref="oc-1b9"/>
      </symbol>
      <symbol id="sm-255">
         <name>oi_uartSendStr</name>
         <value>0x9fb</value>
         <object_component_ref idref="oc-eb"/>
      </symbol>
      <symbol id="sm-256">
         <name>oi_close</name>
         <value>0x2c3</value>
         <object_component_ref idref="oc-eb"/>
      </symbol>
      <symbol id="sm-257">
         <name>oi_uartSendBuff</name>
         <value>0xa19</value>
         <object_component_ref idref="oc-eb"/>
      </symbol>
      <symbol id="sm-258">
         <name>oi_checkFirmware</name>
         <value>0xa4b</value>
         <object_component_ref idref="oc-eb"/>
      </symbol>
      <symbol id="sm-259">
         <name>oi_init_noupdate</name>
         <value>0x289</value>
         <object_component_ref idref="oc-eb"/>
      </symbol>
      <symbol id="sm-25a">
         <name>oi_uartSendChar</name>
         <value>0x9b7</value>
         <object_component_ref idref="oc-eb"/>
      </symbol>
      <symbol id="sm-25b">
         <name>oi_alloc</name>
         <value>0x26d</value>
         <object_component_ref idref="oc-eb"/>
      </symbol>
      <symbol id="sm-25c">
         <name>oi_loadSong</name>
         <value>0x8b7</value>
         <object_component_ref idref="oc-eb"/>
      </symbol>
      <symbol id="sm-25d">
         <name>oi_play_song</name>
         <value>0x90d</value>
         <object_component_ref idref="oc-eb"/>
      </symbol>
      <symbol id="sm-25e">
         <name>oi_parsePacket</name>
         <value>0x327</value>
         <object_component_ref idref="oc-eb"/>
      </symbol>
      <symbol id="sm-25f">
         <name>oi_setLeds</name>
         <value>0x831</value>
         <object_component_ref idref="oc-eb"/>
      </symbol>
      <symbol id="sm-260">
         <name>oi_init</name>
         <value>0x2ad</value>
         <object_component_ref idref="oc-eb"/>
      </symbol>
      <symbol id="sm-261">
         <name>oi_update</name>
         <value>0x2d5</value>
         <object_component_ref idref="oc-eb"/>
      </symbol>
      <symbol id="sm-262">
         <name>oi_uartInit</name>
         <value>0x92f</value>
         <object_component_ref idref="oc-eb"/>
      </symbol>
      <symbol id="sm-283">
         <name>timer_startClock</name>
         <value>0x4fad</value>
         <object_component_ref idref="oc-e5"/>
      </symbol>
      <symbol id="sm-284">
         <name>timer_stopClock</name>
         <value>0x4fff</value>
         <object_component_ref idref="oc-e5"/>
      </symbol>
      <symbol id="sm-285">
         <name>timer_getClock</name>
         <value>0x4ff9</value>
         <object_component_ref idref="oc-e5"/>
      </symbol>
      <symbol id="sm-286">
         <name>timer_stopTimer</name>
         <value>0x4f97</value>
         <object_component_ref idref="oc-e5"/>
      </symbol>
      <symbol id="sm-287">
         <name>timer_startTimer</name>
         <value>0x4f47</value>
         <object_component_ref idref="oc-e5"/>
      </symbol>
      <symbol id="sm-288">
         <name>timer_waitMillis</name>
         <value>0x4ee9</value>
         <object_component_ref idref="oc-e5"/>
      </symbol>
      <symbol id="sm-289">
         <name>timer_waitMicros</name>
         <value>0x4f1d</value>
         <object_component_ref idref="oc-e5"/>
      </symbol>
      <symbol id="sm-2a5">
         <name>ResetISR</name>
         <value>0x63f9</value>
         <object_component_ref idref="oc-27"/>
      </symbol>
      <symbol id="sm-2a6">
         <name>g_pfnVectors</name>
         <value>0x0</value>
         <object_component_ref idref="oc-f"/>
      </symbol>
      <symbol id="sm-2c8">
         <name>uart_sendChar</name>
         <value>0x545d</value>
         <object_component_ref idref="oc-d3"/>
      </symbol>
      <symbol id="sm-2c9">
         <name>uart_init</name>
         <value>0x53d5</value>
         <object_component_ref idref="oc-d3"/>
      </symbol>
      <symbol id="sm-2ca">
         <name>uart_receive</name>
         <value>0x5479</value>
         <object_component_ref idref="oc-d3"/>
      </symbol>
      <symbol id="sm-2cb">
         <name>uart_sendStr</name>
         <value>0x549f</value>
         <object_component_ref idref="oc-d3"/>
      </symbol>
      <symbol id="sm-2f5">
         <name>IntRegister</name>
         <value>0x61d1</value>
         <object_component_ref idref="oc-1c0"/>
      </symbol>
      <symbol id="sm-2f6">
         <name>g_pfnRAMVectors</name>
         <value>0x20000000</value>
         <object_component_ref idref="oc-2ab"/>
      </symbol>
      <symbol id="sm-2f7">
         <name>IntMasterEnable</name>
         <value>0x63b3</value>
         <object_component_ref idref="oc-1c6"/>
      </symbol>
      <symbol id="sm-301">
         <name>CPUcpsie</name>
         <value>0x63e1</value>
         <object_component_ref idref="oc-2b5"/>
      </symbol>
      <symbol id="sm-396">
         <name>pow</name>
         <value>0x1755</value>
         <object_component_ref idref="oc-18c"/>
      </symbol>
      <symbol id="sm-397">
         <name>powl</name>
         <value>0x1755</value>
         <object_component_ref idref="oc-18c"/>
      </symbol>
      <symbol id="sm-3b9">
         <name>sqrtl</name>
         <value>0x4d91</value>
         <object_component_ref idref="oc-24e"/>
      </symbol>
      <symbol id="sm-3ba">
         <name>sqrt</name>
         <value>0x4d91</value>
         <object_component_ref idref="oc-24e"/>
      </symbol>
      <symbol id="sm-40b">
         <name>cosl</name>
         <value>0x362d</value>
         <object_component_ref idref="oc-19a"/>
      </symbol>
      <symbol id="sm-40c">
         <name>cos</name>
         <value>0x362d</value>
         <object_component_ref idref="oc-19a"/>
      </symbol>
      <symbol id="sm-433">
         <name>scalbn</name>
         <value>0x54f1</value>
         <object_component_ref idref="oc-267"/>
      </symbol>
      <symbol id="sm-434">
         <name>scalbnl</name>
         <value>0x54f1</value>
         <object_component_ref idref="oc-267"/>
      </symbol>
      <symbol id="sm-435">
         <name>ldexpl</name>
         <value>0x54f1</value>
         <object_component_ref idref="oc-267"/>
      </symbol>
      <symbol id="sm-436">
         <name>ldexp</name>
         <value>0x54f1</value>
         <object_component_ref idref="oc-267"/>
      </symbol>
      <symbol id="sm-482">
         <name>sin</name>
         <value>0x3c09</value>
         <object_component_ref idref="oc-1a0"/>
      </symbol>
      <symbol id="sm-483">
         <name>sinl</name>
         <value>0x3c09</value>
         <object_component_ref idref="oc-1a0"/>
      </symbol>
      <symbol id="sm-48d">
         <name>copysign</name>
         <value>0x6365</value>
         <object_component_ref idref="oc-343"/>
      </symbol>
      <symbol id="sm-48e">
         <name>copysignl</name>
         <value>0x6365</value>
         <object_component_ref idref="oc-343"/>
      </symbol>
      <symbol id="sm-4a5">
         <name>__aeabi_dsub</name>
         <value>0x48f9</value>
         <object_component_ref idref="oc-249"/>
      </symbol>
      <symbol id="sm-4a6">
         <name>__aeabi_dadd</name>
         <value>0x4903</value>
         <object_component_ref idref="oc-249"/>
      </symbol>
      <symbol id="sm-4c8">
         <name>__aeabi_cdcmpeq</name>
         <value>0x5ab1</value>
         <object_component_ref idref="oc-25d"/>
      </symbol>
      <symbol id="sm-4c9">
         <name>__aeabi_cdcmple</name>
         <value>0x5ab1</value>
         <object_component_ref idref="oc-25d"/>
      </symbol>
      <symbol id="sm-4ca">
         <name>__aeabi_cdrcmple</name>
         <value>0x5b37</value>
         <object_component_ref idref="oc-262"/>
      </symbol>
      <symbol id="sm-4de">
         <name>__aeabi_ddiv</name>
         <value>0x517d</value>
         <object_component_ref idref="oc-195"/>
      </symbol>
      <symbol id="sm-4e9">
         <name>__aeabi_dmul</name>
         <value>0x5601</value>
         <object_component_ref idref="oc-17d"/>
      </symbol>
      <symbol id="sm-4f3">
         <name>__aeabi_d2iz</name>
         <value>0x5fa1</value>
         <object_component_ref idref="oc-1cc"/>
      </symbol>
      <symbol id="sm-4ff">
         <name>__aeabi_d2f</name>
         <value>0x5d1f</value>
         <object_component_ref idref="oc-182"/>
      </symbol>
      <symbol id="sm-50a">
         <name>__aeabi_f2d</name>
         <value>0x6199</value>
         <object_component_ref idref="oc-187"/>
      </symbol>
      <symbol id="sm-514">
         <name>__aeabi_i2d</name>
         <value>0x6235</value>
         <object_component_ref idref="oc-178"/>
      </symbol>
      <symbol id="sm-52f">
         <name>memcpy</name>
         <value>0x597f</value>
         <object_component_ref idref="oc-3b"/>
      </symbol>
      <symbol id="sm-530">
         <name>__aeabi_memcpy</name>
         <value>0x597f</value>
         <object_component_ref idref="oc-3b"/>
      </symbol>
      <symbol id="sm-531">
         <name>__aeabi_memcpy8</name>
         <value>0x597f</value>
         <object_component_ref idref="oc-3b"/>
      </symbol>
      <symbol id="sm-532">
         <name>__aeabi_memcpy4</name>
         <value>0x597f</value>
         <object_component_ref idref="oc-3b"/>
      </symbol>
      <symbol id="sm-549">
         <name>__TI_zero_init</name>
         <value>0x63ed</value>
         <object_component_ref idref="oc-4d"/>
      </symbol>
      <symbol id="sm-560">
         <name>__TI_decompress_none</name>
         <value>0x63d3</value>
         <object_component_ref idref="oc-18"/>
      </symbol>
      <symbol id="sm-583">
         <name>__TI_decompress_lzss</name>
         <value>0x5d8d</value>
         <object_component_ref idref="oc-12"/>
      </symbol>
      <symbol id="sm-596">
         <name>__stack</name>
         <value>0x20000270</value>
         <object_component_ref idref="oc-21"/>
      </symbol>
      <symbol id="sm-597">
         <name>_c_int00_noargs</name>
         <value>0x6129</value>
         <object_component_ref idref="oc-59"/>
      </symbol>
      <symbol id="sm-5ad">
         <name>__aeabi_errno_addr</name>
         <value>0x6411</value>
         <object_component_ref idref="oc-254"/>
      </symbol>
      <symbol id="sm-5ae">
         <name>errno</name>
         <value>0x200012a4</value>
         <object_component_ref idref="oc-33a"/>
      </symbol>
      <symbol id="sm-5b9">
         <name>C$$EXIT</name>
         <value>0x641d</value>
         <object_component_ref idref="oc-10e"/>
      </symbol>
      <symbol id="sm-5ba">
         <name>abort</name>
         <value>0x641d</value>
         <object_component_ref idref="oc-10e"/>
      </symbol>
      <symbol id="sm-640">
         <name>_sys_memory</name>
         <value>0x20000a70</value>
         <object_component_ref idref="oc-24"/>
      </symbol>
      <symbol id="sm-641">
         <name>free</name>
         <value>0x57f5</value>
         <object_component_ref idref="oc-1b3"/>
      </symbol>
      <symbol id="sm-642">
         <name>calloc</name>
         <value>0x6263</value>
         <object_component_ref idref="oc-1ad"/>
      </symbol>
      <symbol id="sm-643">
         <name>malloc</name>
         <value>0x5c39</value>
         <object_component_ref idref="oc-28e"/>
      </symbol>
      <symbol id="sm-644">
         <name>minit</name>
         <value>0x6161</value>
         <object_component_ref idref="oc-295"/>
      </symbol>
      <symbol id="sm-659">
         <name>_nop</name>
         <value>0x1753</value>
         <object_component_ref idref="oc-310"/>
      </symbol>
      <symbol id="sm-65a">
         <name>_lock</name>
         <value>0x20001294</value>
         <object_component_ref idref="oc-204"/>
      </symbol>
      <symbol id="sm-65b">
         <name>_unlock</name>
         <value>0x20001298</value>
         <object_component_ref idref="oc-204"/>
      </symbol>
      <symbol id="sm-683">
         <name>sprintf</name>
         <value>0x602d</value>
         <object_component_ref idref="oc-f1"/>
      </symbol>
      <symbol id="sm-693">
         <name>strcat</name>
         <value>0x62b5</value>
         <object_component_ref idref="oc-fd"/>
      </symbol>
      <symbol id="sm-6a2">
         <name>strcmp</name>
         <value>0x6337</value>
         <object_component_ref idref="oc-162"/>
      </symbol>
      <symbol id="sm-6b0">
         <name>strcpy</name>
         <value>0x6379</value>
         <object_component_ref idref="oc-168"/>
      </symbol>
      <symbol id="sm-6da">
         <name>vsnprintf</name>
         <value>0x606d</value>
         <object_component_ref idref="oc-15c"/>
      </symbol>
      <symbol id="sm-741">
         <name>__kernel_rem_pio2</name>
         <value>0x2115</value>
         <object_component_ref idref="oc-27e"/>
      </symbol>
      <symbol id="sm-757">
         <name>__kernel_cos</name>
         <value>0x4c25</value>
         <object_component_ref idref="oc-278"/>
      </symbol>
      <symbol id="sm-76e">
         <name>__kernel_sin</name>
         <value>0x4ab1</value>
         <object_component_ref idref="oc-284"/>
      </symbol>
      <symbol id="sm-78b">
         <name>floorl</name>
         <value>0x56fd</value>
         <object_component_ref idref="oc-359"/>
      </symbol>
      <symbol id="sm-78c">
         <name>floor</name>
         <value>0x56fd</value>
         <object_component_ref idref="oc-359"/>
      </symbol>
      <symbol id="sm-79b">
         <name>__aeabi_memset</name>
         <value>0x5bbf</value>
         <object_component_ref idref="oc-93"/>
      </symbol>
      <symbol id="sm-79c">
         <name>memset</name>
         <value>0x5bc5</value>
         <object_component_ref idref="oc-93"/>
      </symbol>
      <symbol id="sm-79d">
         <name>__aeabi_memset8</name>
         <value>0x5bbf</value>
         <object_component_ref idref="oc-93"/>
      </symbol>
      <symbol id="sm-79e">
         <name>__aeabi_memset4</name>
         <value>0x5bbf</value>
         <object_component_ref idref="oc-93"/>
      </symbol>
      <symbol id="sm-79f">
         <name>__aeabi_memclr8</name>
         <value>0x5bbd</value>
         <object_component_ref idref="oc-93"/>
      </symbol>
      <symbol id="sm-7a0">
         <name>__aeabi_memclr4</name>
         <value>0x5bbd</value>
         <object_component_ref idref="oc-93"/>
      </symbol>
      <symbol id="sm-7a1">
         <name>__aeabi_memclr</name>
         <value>0x5bbd</value>
         <object_component_ref idref="oc-93"/>
      </symbol>
      <symbol id="sm-7c9">
         <name>__TI_auto_init_nobinit_nopinit</name>
         <value>0x5fe9</value>
         <object_component_ref idref="oc-11a"/>
      </symbol>
      <symbol id="sm-7d3">
         <name>_system_pre_init</name>
         <value>0x6419</value>
         <object_component_ref idref="oc-99"/>
      </symbol>
      <symbol id="sm-939">
         <name>__TI_printfi</name>
         <value>0xcf5</value>
         <object_component_ref idref="oc-1d8"/>
      </symbol>
      <symbol id="sm-94f">
         <name>atoi</name>
         <value>0x5f55</value>
         <object_component_ref idref="oc-2cc"/>
      </symbol>
      <symbol id="sm-95a">
         <name>_ctypes_</name>
         <value>0x6578</value>
         <object_component_ref idref="oc-378"/>
      </symbol>
      <symbol id="sm-969">
         <name>ltoa</name>
         <value>0x5eaf</value>
         <object_component_ref idref="oc-383"/>
      </symbol>
      <symbol id="sm-979">
         <name>memccpy</name>
         <value>0x62d3</value>
         <object_component_ref idref="oc-2f0"/>
      </symbol>
      <symbol id="sm-989">
         <name>strchr</name>
         <value>0x634f</value>
         <object_component_ref idref="oc-3aa"/>
      </symbol>
      <symbol id="sm-997">
         <name>strlen</name>
         <value>0x638d</value>
         <object_component_ref idref="oc-2c6"/>
      </symbol>
      <symbol id="sm-9ad">
         <name>frexpl</name>
         <value>0x5df5</value>
         <object_component_ref idref="oc-3a4"/>
      </symbol>
      <symbol id="sm-9ae">
         <name>frexp</name>
         <value>0x5df5</value>
         <object_component_ref idref="oc-3a4"/>
      </symbol>
      <symbol id="sm-9c7">
         <name>wcslen</name>
         <value>0x63a1</value>
         <object_component_ref idref="oc-2f6"/>
      </symbol>
      <symbol id="sm-9d4">
         <name>__aeabi_uldivmod</name>
         <value>0x5a1b</value>
         <object_component_ref idref="oc-37d"/>
      </symbol>
      <symbol id="sm-9de">
         <name>__aeabi_idiv0</name>
         <value>0x4aaf</value>
         <object_component_ref idref="oc-3f4"/>
      </symbol>
      <symbol id="sm-9df">
         <name>__aeabi_ldiv0</name>
         <value>0x4aaf</value>
         <object_component_ref idref="oc-3f4"/>
      </symbol>
      <symbol id="sm-9e0">
         <name>__TI_static_base__</name>
         <value>0x0</value>
      </symbol>
      <symbol id="sm-9e3">
         <name>__mpu_init</name>
         <value>0x0</value>
      </symbol>
      <symbol id="sm-9e4">
         <name>_system_post_cinit</name>
         <value>0x0</value>
      </symbol>
   </symbol_table>
   <title>Link successful</title>
</link_info>
